<html>
<body>
<pre>
<h1>µVision Build Log</h1>
<h2>Tool Versions:</h2>
IDE-Version: µVision V5.20.0.0
Copyright (C) 2016 ARM Ltd and ARM Germany GmbH. All rights reserved.
License Information: Andrea Vivani, **, LIC=UJWSB-2ZS0J-UH08H-WGXFG-QR67R-4QXXJ
 
Tool Versions:
Toolchain:       MDK-ARM Plus  Version: 5.20
Toolchain Path:  C:\Keil_v5\ARM\ARMCC\Bin
C Compiler:      Armcc.exe V5.06 update 2 (build 183)
Assembler:       Armasm.exe V5.06 update 2 (build 183)
Linker/Locator:  ArmLink.exe V5.06 update 2 (build 183)
Library Manager: ArmAr.exe V5.06 update 2 (build 183)
Hex Converter:   FromElf.exe V5.06 update 2 (build 183)
CPU DLL:         SARMCM3.DLL V5.20
Dialog DLL:      DARMSTM.DLL V1.66.0.0
Target DLL:      STLink\ST-LINKIII-KEIL_SWO.dll V2.0.18.0
Dialog DLL:      TARMSTM.DLL V1.65.0.0
 
<h2>Project:</h2>
C:\Users\Andre\Codes\Crazepony Firmware Enhanced\Crazepony Enhanced.uvproj
Project File Date:  09/04/2016

<h2>Output:</h2>
*** Using Compiler 'V5.06 update 2 (build 183)', folder: 'C:\Keil_v5\ARM\ARMCC\Bin'
Build target 'Crazepony'
compiling Led.c...
compiling MPU6050.c...
compiling IIC.c...
compiling Motors.c...
compiling NRF24L01.c...
HardWareDriver\NRF24L01.c(115): warning:  #940-D: missing return statement at end of non-void function "NRF24L01_INIT"
  }
HardWareDriver\NRF24L01.c: 1 warning, 0 errors
compiling stmflash.c...
compiling UART1.c...
compiling Battery.c...
compiling MS5611.c...
compiling Init_Config.c...
compiling Interrupt_Config.c...
compiling NRF24.c...
compiling main.c...
compiling IMU.c...
compiling Altitude.c...
compiling filter.c...
compiling IMUSO3.c...
compiling FailSafe.c...
compiling GlobalVariables.c...
compiling Control.c...
compiling ReceiveData.c...
linking...
Program Size: Code=53968 RO-data=1104 RW-data=716 ZI-data=4844  
FromELF: creating hex file...
".\Output\Crazepony.axf" - 0 Error(s), 1 Warning(s).
Build Time Elapsed:  00:03:08
</pre>
</body>
</html>
