Component: ARM Compiler 5.06 update 2 (build 183) Tool: armlink [4d35b7]

==============================================================================

Section Cross References

    system_stm32f10x.o(.text) refers to system_stm32f10x.o(.data) for SystemCoreClock
    startup_stm32f10x_md.o(STACK) refers (Special) to heapauxi.o(.text) for __use_two_region_memory
    startup_stm32f10x_md.o(HEAP) refers (Special) to heapauxi.o(.text) for __use_two_region_memory
    startup_stm32f10x_md.o(RESET) refers (Special) to heapauxi.o(.text) for __use_two_region_memory
    startup_stm32f10x_md.o(RESET) refers to startup_stm32f10x_md.o(STACK) for __initial_sp
    startup_stm32f10x_md.o(RESET) refers to startup_stm32f10x_md.o(.text) for Reset_Handler
    startup_stm32f10x_md.o(RESET) refers to stm32f10x_it.o(.text) for NMI_Handler
    startup_stm32f10x_md.o(RESET) refers to interrupt_config.o(.text) for TIM3_IRQHandler
    startup_stm32f10x_md.o(.text) refers (Special) to heapauxi.o(.text) for __use_two_region_memory
    startup_stm32f10x_md.o(.text) refers to system_stm32f10x.o(.text) for SystemInit
    startup_stm32f10x_md.o(.text) refers to __main.o(!!!main) for __main
    startup_stm32f10x_md.o(.text) refers to startup_stm32f10x_md.o(HEAP) for Heap_Mem
    startup_stm32f10x_md.o(.text) refers to startup_stm32f10x_md.o(STACK) for Stack_Mem
    delay.o(.text) refers to stm32f10x_it.o(.text) for micros
    led.o(.text) refers to stm32f10x_gpio.o(.text) for GPIO_WriteBit
    led.o(.text) refers to delay.o(.text) for delay_ms
    led.o(.text) refers to led.o(.data) for LED_status
    led.o(.text) refers to control.o(.data) for altCtrlMode
    led.o(.text) refers to globalvariables.o(.data) for warnings
    led.o(.text) refers to imu.o(.data) for imuCaliFlag
    led.o(.text) refers to imu.o(.bss) for imu
    led.o(.text) refers to failsafe.o(.data) for LostRCFlag
    mpu6050.o(.text) refers to _printf_pad.o(.text) for _printf_pre_padding
    mpu6050.o(.text) refers to _printf_percent.o(.ARM.Collect$$_printf_percent$$00000000) for _printf_percent
    mpu6050.o(.text) refers to _printf_f.o(.ARM.Collect$$_printf_percent$$00000003) for _printf_f
    mpu6050.o(.text) refers to printf1.o(x$fpl$printf1) for _printf_fp_dec
    mpu6050.o(.text) refers to i2c.o(.text) for I2C_read
    mpu6050.o(.text) refers to delay.o(.text) for delay_ms
    mpu6050.o(.text) refers to fflt_clz.o(x$fpl$fflt) for __aeabi_i2f
    mpu6050.o(.text) refers to fmul.o(x$fpl$fmul) for __aeabi_fmul
    mpu6050.o(.text) refers to f2d.o(x$fpl$f2d) for __aeabi_f2d
    mpu6050.o(.text) refers to noretval__2printf.o(.text) for __2printf
    mpu6050.o(.text) refers to stm32f10x_it.o(.text) for micros
    mpu6050.o(.text) refers to stm32f10x_gpio.o(.text) for GPIO_ReadInputDataBit
    mpu6050.o(.text) refers to faddsub_clz.o(x$fpl$fadd) for __aeabi_fadd
    mpu6050.o(.text) refers to mpu6050.o(.data) for _sc_gyro
    mpu6050.o(.text) refers to globalvariables.o(.bss) for INSData
    mpu6050.o(.text) refers to mpu6050.o(.conststring) for .conststring
    mpu6050.o(.text) refers to fflt_clz.o(x$fpl$ffltu) for __aeabi_ui2f
    mpu6050.o(.text) refers to fdiv.o(x$fpl$fdiv) for __aeabi_fdiv
    mpu6050.o(.text) refers to powf.o(i.powf) for powf
    mpu6050.o(.text) refers to faddsub_clz.o(x$fpl$fsub) for __aeabi_fsub
    mpu6050.o(.text) refers to frleqf.o(x$fpl$frleqf) for __aeabi_cfrcmple
    iic.o(.text) refers to stm32f10x_rcc.o(.text) for RCC_APB2PeriphClockCmd
    iic.o(.text) refers to stm32f10x_gpio.o(.text) for GPIO_Init
    iic.o(.text) refers to noretval__2printf.o(.text) for __2printf
    iic.o(.text) refers to delay.o(.text) for delay_us
    motors.o(.text) refers to faddsub_clz.o(x$fpl$fadd) for __aeabi_fadd
    motors.o(.text) refers to faddsub_clz.o(x$fpl$fsub) for __aeabi_fsub
    motors.o(.text) refers to ffix.o(x$fpl$ffix) for __aeabi_f2iz
    nrf24l01.o(.text) refers to stm32f10x_gpio.o(.text) for GPIO_ResetBits
    nrf24l01.o(.text) refers to spi.o(.text) for SPI_RW
    nrf24l01.o(.text) refers to noretval__2printf.o(.text) for __2printf
    nrf24l01.o(.text) refers to receivedata.o(.text) for NRFmatching
    nrf24l01.o(.text) refers to nrf24l01.o(.data) for RX_ADDRESS
    nrf24l01.o(.text) refers to nrf24l01.o(.bss) for NRF24L01_RXDATA
    spi.o(.text) refers to stm32f10x_spi.o(.text) for SPI_I2S_GetFlagStatus
    stmflash.o(.text) refers to noretval__2printf.o(.text) for __2printf
    stmflash.o(.text) refers to delay.o(.text) for delay_us
    stmflash.o(.text) refers to stmflash.o(.bss) for STMFLASH_BUF
    uart1.o(.text) refers (Special) to use_no_semi_2.o(.text) for __use_no_semihosting
    uart1.o(.text) refers to stm32f10x_usart.o(.text) for USART_ITConfig
    uart1.o(.text) refers to uart1.o(.bss) for UartTxbuf
    uart1.o(.bss) refers (Special) to use_no_semi_2.o(.text) for __use_no_semihosting
[...]
    LPF2pApply_6                             0x080046a3   Thumb Code   162  filter.o(.text)
    TableResetDefault                        0x08004799   Thumb Code    14  configtable.o(.text)
    TableReadEEPROM                          0x080047a7   Thumb Code    16  configtable.o(.text)
    TableWriteEEPROM                         0x080047b7   Thumb Code    16  configtable.o(.text)
    TableToParam                             0x080047c7   Thumb Code   214  configtable.o(.text)
    ParamToTable                             0x0800489d   Thumb Code   220  configtable.o(.text)
    ParamSetDefault                          0x08004979   Thumb Code   170  configtable.o(.text)
    LoadParamsFromEEPROM                     0x08004a23   Thumb Code    46  configtable.o(.text)
    SaveParamsToEEPROM                       0x08004a51   Thumb Code    12  configtable.o(.text)
    IMUSO3Thread                             0x08005677   Thumb Code  1066  imuso3.o(.text)
    FailSafe                                 0x08005ad1   Thumb Code   162  failsafe.o(.text)
    AutoLand                                 0x08005b73   Thumb Code    76  failsafe.o(.text)
    FlightModeFSMSimple                      0x08005bbf   Thumb Code    84  failsafe.o(.text)
    NVIC_PriorityGroupConfig                 0x08005c55   Thumb Code    10  misc.o(.text)
    NVIC_Init                                0x08005c5f   Thumb Code   100  misc.o(.text)
    NVIC_SetVectorTable                      0x08005cc3   Thumb Code    14  misc.o(.text)
    NVIC_SystemLPConfig                      0x08005cd1   Thumb Code    34  misc.o(.text)
    SysTick_CLKSourceConfig                  0x08005cf3   Thumb Code    40  misc.o(.text)
    GPIO_DeInit                              0x08005d31   Thumb Code   172  stm32f10x_gpio.o(.text)
    GPIO_AFIODeInit                          0x08005ddd   Thumb Code    20  stm32f10x_gpio.o(.text)
    GPIO_Init                                0x08005df1   Thumb Code   278  stm32f10x_gpio.o(.text)
    GPIO_StructInit                          0x08005f07   Thumb Code    16  stm32f10x_gpio.o(.text)
    GPIO_ReadInputDataBit                    0x08005f17   Thumb Code    18  stm32f10x_gpio.o(.text)
    GPIO_ReadInputData                       0x08005f29   Thumb Code     8  stm32f10x_gpio.o(.text)
    GPIO_ReadOutputDataBit                   0x08005f31   Thumb Code    18  stm32f10x_gpio.o(.text)
    GPIO_ReadOutputData                      0x08005f43   Thumb Code     8  stm32f10x_gpio.o(.text)
    GPIO_SetBits                             0x08005f4b   Thumb Code     4  stm32f10x_gpio.o(.text)
    GPIO_ResetBits                           0x08005f4f   Thumb Code     4  stm32f10x_gpio.o(.text)
    GPIO_WriteBit                            0x08005f53   Thumb Code    10  stm32f10x_gpio.o(.text)
    GPIO_Write                               0x08005f5d   Thumb Code     4  stm32f10x_gpio.o(.text)
    GPIO_PinLockConfig                       0x08005f61   Thumb Code    18  stm32f10x_gpio.o(.text)
    GPIO_EventOutputConfig                   0x08005f73   Thumb Code    26  stm32f10x_gpio.o(.text)
    GPIO_EventOutputCmd                      0x08005f8d   Thumb Code     6  stm32f10x_gpio.o(.text)
    GPIO_PinRemapConfig                      0x08005f93   Thumb Code   138  stm32f10x_gpio.o(.text)
    GPIO_EXTILineConfig                      0x0800601d   Thumb Code    66  stm32f10x_gpio.o(.text)
    GPIO_ETH_MediaInterfaceConfig            0x0800605f   Thumb Code     8  stm32f10x_gpio.o(.text)
    RCC_DeInit                               0x0800608d   Thumb Code    64  stm32f10x_rcc.o(.text)
    RCC_HSEConfig                            0x080060cd   Thumb Code    70  stm32f10x_rcc.o(.text)
    RCC_GetFlagStatus                        0x08006113   Thumb Code    56  stm32f10x_rcc.o(.text)
    RCC_WaitForHSEStartUp                    0x0800614b   Thumb Code    56  stm32f10x_rcc.o(.text)
    RCC_AdjustHSICalibrationValue            0x08006183   Thumb Code    20  stm32f10x_rcc.o(.text)
    RCC_HSICmd                               0x08006197   Thumb Code     6  stm32f10x_rcc.o(.text)
    RCC_PLLConfig                            0x0800619d   Thumb Code    24  stm32f10x_rcc.o(.text)
    RCC_PLLCmd                               0x080061b5   Thumb Code     6  stm32f10x_rcc.o(.text)
    RCC_SYSCLKConfig                         0x080061bb   Thumb Code    18  stm32f10x_rcc.o(.text)
    RCC_GetSYSCLKSource                      0x080061cd   Thumb Code    10  stm32f10x_rcc.o(.text)
    RCC_HCLKConfig                           0x080061d7   Thumb Code    18  stm32f10x_rcc.o(.text)
    RCC_PCLK1Config                          0x080061e9   Thumb Code    18  stm32f10x_rcc.o(.text)
    RCC_PCLK2Config                          0x080061fb   Thumb Code    20  stm32f10x_rcc.o(.text)
    RCC_ITConfig                             0x0800620f   Thumb Code    26  stm32f10x_rcc.o(.text)
    RCC_USBCLKConfig                         0x08006229   Thumb Code     8  stm32f10x_rcc.o(.text)
    RCC_ADCCLKConfig                         0x08006231   Thumb Code    18  stm32f10x_rcc.o(.text)
    RCC_LSEConfig                            0x08006243   Thumb Code    50  stm32f10x_rcc.o(.text)
    RCC_LSICmd                               0x08006275   Thumb Code     6  stm32f10x_rcc.o(.text)
    RCC_RTCCLKConfig                         0x0800627b   Thumb Code    12  stm32f10x_rcc.o(.text)
    RCC_RTCCLKCmd                            0x08006287   Thumb Code     8  stm32f10x_rcc.o(.text)
    RCC_GetClocksFreq                        0x0800628f   Thumb Code   192  stm32f10x_rcc.o(.text)
    RCC_AHBPeriphClockCmd                    0x0800634f   Thumb Code    26  stm32f10x_rcc.o(.text)
    RCC_APB2PeriphClockCmd                   0x08006369   Thumb Code    26  stm32f10x_rcc.o(.text)
    RCC_APB1PeriphClockCmd                   0x08006383   Thumb Code    26  stm32f10x_rcc.o(.text)
    RCC_APB2PeriphResetCmd                   0x0800639d   Thumb Code    26  stm32f10x_rcc.o(.text)
    RCC_APB1PeriphResetCmd                   0x080063b7   Thumb Code    26  stm32f10x_rcc.o(.text)
    RCC_BackupResetCmd                       0x080063d1   Thumb Code     8  stm32f10x_rcc.o(.text)
    RCC_ClockSecuritySystemCmd               0x080063d9   Thumb Code     6  stm32f10x_rcc.o(.text)
    RCC_MCOConfig                            0x080063df   Thumb Code     6  stm32f10x_rcc.o(.text)
    RCC_ClearFlag                            0x080063e5   Thumb Code    14  stm32f10x_rcc.o(.text)
    RCC_GetITStatus                          0x080063f3   Thumb Code    20  stm32f10x_rcc.o(.text)
    RCC_ClearITPendingBit                    0x08006407   Thumb Code     6  stm32f10x_rcc.o(.text)
    TIM_DeInit                               0x08006431   Thumb Code   424  stm32f10x_tim.o(.text)
    TIM_TimeBaseInit                         0x080065d9   Thumb Code   122  stm32f10x_tim.o(.text)
    TIM_OC1Init                              0x08006653   Thumb Code   132  stm32f10x_tim.o(.text)
    TIM_OC2Init                              0x080066d7   Thumb Code   154  stm32f10x_tim.o(.text)
    TIM_OC3Init                              0x08006771   Thumb Code   150  stm32f10x_tim.o(.text)
    TIM_OC4Init                              0x08006807   Thumb Code   182  stm32f10x_tim.o(.text)
    TIM_SetIC4Prescaler                      0x080068bd   Thumb Code    26  stm32f10x_tim.o(.text)
    TIM_SetIC3Prescaler                      0x08006959   Thumb Code    18  stm32f10x_tim.o(.text)
    TIM_SetIC2Prescaler                      0x080069e5   Thumb Code    26  stm32f10x_tim.o(.text)
    TIM_SetIC1Prescaler                      0x08006a81   Thumb Code    18  stm32f10x_tim.o(.text)
    TIM_ICInit                               0x08006aff   Thumb Code   150  stm32f10x_tim.o(.text)
    TIM_PWMIConfig                           0x08006b95   Thumb Code   124  stm32f10x_tim.o(.text)
    TIM_BDTRConfig                           0x08006c11   Thumb Code    32  stm32f10x_tim.o(.text)
    TIM_TimeBaseStructInit                   0x08006c31   Thumb Code    18  stm32f10x_tim.o(.text)
    TIM_OCStructInit                         0x08006c43   Thumb Code    20  stm32f10x_tim.o(.text)
    TIM_ICStructInit                         0x08006c57   Thumb Code    18  stm32f10x_tim.o(.text)
    TIM_BDTRStructInit                       0x08006c69   Thumb Code    40  stm32f10x_tim.o(.text)
    TIM_Cmd                                  0x08006c91   Thumb Code    24  stm32f10x_tim.o(.text)
    TIM_CtrlPWMOutputs                       0x08006ca9   Thumb Code    30  stm32f10x_tim.o(.text)
    TIM_ITConfig                             0x08006cc7   Thumb Code    18  stm32f10x_tim.o(.text)
    TIM_GenerateEvent                        0x08006cd9   Thumb Code     4  stm32f10x_tim.o(.text)
    TIM_DMAConfig                            0x08006cdd   Thumb Code    10  stm32f10x_tim.o(.text)
    TIM_DMACmd                               0x08006ce7   Thumb Code    18  stm32f10x_tim.o(.text)
    TIM_InternalClockConfig                  0x08006cf9   Thumb Code    12  stm32f10x_tim.o(.text)
    TIM_SelectInputTrigger                   0x08006d05   Thumb Code    18  stm32f10x_tim.o(.text)
    TIM_ITRxExternalClockConfig              0x08006d17   Thumb Code    24  stm32f10x_tim.o(.text)
    TIM_TIxExternalClockConfig               0x08006d2f   Thumb Code    62  stm32f10x_tim.o(.text)
    TIM_ETRConfig                            0x08006d6d   Thumb Code    28  stm32f10x_tim.o(.text)
    TIM_ETRClockMode1Config                  0x08006d89   Thumb Code    54  stm32f10x_tim.o(.text)
    TIM_ETRClockMode2Config                  0x08006dbf   Thumb Code    32  stm32f10x_tim.o(.text)
    TIM_PrescalerConfig                      0x08006ddf   Thumb Code     6  stm32f10x_tim.o(.text)
    TIM_CounterModeConfig                    0x08006de5   Thumb Code    18  stm32f10x_tim.o(.text)
    TIM_EncoderInterfaceConfig               0x08006df7   Thumb Code    66  stm32f10x_tim.o(.text)
    TIM_ForcedOC1Config                      0x08006e39   Thumb Code    18  stm32f10x_tim.o(.text)
    TIM_ForcedOC2Config                      0x08006e4b   Thumb Code    26  stm32f10x_tim.o(.text)
    TIM_ForcedOC3Config                      0x08006e65   Thumb Code    18  stm32f10x_tim.o(.text)
    TIM_ForcedOC4Config                      0x08006e77   Thumb Code    26  stm32f10x_tim.o(.text)
    TIM_ARRPreloadConfig                     0x08006e91   Thumb Code    24  stm32f10x_tim.o(.text)
    TIM_SelectCOM                            0x08006ea9   Thumb Code    24  stm32f10x_tim.o(.text)
    TIM_SelectCCDMA                          0x08006ec1   Thumb Code    24  stm32f10x_tim.o(.text)
    TIM_CCPreloadControl                     0x08006ed9   Thumb Code    24  stm32f10x_tim.o(.text)
    TIM_OC1PreloadConfig                     0x08006ef1   Thumb Code    18  stm32f10x_tim.o(.text)
    TIM_OC2PreloadConfig                     0x08006f03   Thumb Code    26  stm32f10x_tim.o(.text)
    TIM_OC3PreloadConfig                     0x08006f1d   Thumb Code    18  stm32f10x_tim.o(.text)
    TIM_OC4PreloadConfig                     0x08006f2f   Thumb Code    26  stm32f10x_tim.o(.text)
    TIM_OC1FastConfig                        0x08006f49   Thumb Code    18  stm32f10x_tim.o(.text)
    TIM_OC2FastConfig                        0x08006f5b   Thumb Code    26  stm32f10x_tim.o(.text)
    TIM_OC3FastConfig                        0x08006f75   Thumb Code    18  stm32f10x_tim.o(.text)
    TIM_OC4FastConfig                        0x08006f87   Thumb Code    26  stm32f10x_tim.o(.text)
    TIM_ClearOC1Ref                          0x08006fa1   Thumb Code    18  stm32f10x_tim.o(.text)
    TIM_ClearOC2Ref                          0x08006fb3   Thumb Code    24  stm32f10x_tim.o(.text)
    TIM_ClearOC3Ref                          0x08006fcb   Thumb Code    18  stm32f10x_tim.o(.text)
    TIM_ClearOC4Ref                          0x08006fdd   Thumb Code    24  stm32f10x_tim.o(.text)
    TIM_OC1PolarityConfig                    0x08006ff5   Thumb Code    18  stm32f10x_tim.o(.text)
    TIM_OC1NPolarityConfig                   0x08007007   Thumb Code    18  stm32f10x_tim.o(.text)
    TIM_OC2PolarityConfig                    0x08007019   Thumb Code    26  stm32f10x_tim.o(.text)
    TIM_OC2NPolarityConfig                   0x08007033   Thumb Code    26  stm32f10x_tim.o(.text)
    TIM_OC3PolarityConfig                    0x0800704d   Thumb Code    26  stm32f10x_tim.o(.text)
    TIM_OC3NPolarityConfig                   0x08007067   Thumb Code    26  stm32f10x_tim.o(.text)
    TIM_OC4PolarityConfig                    0x08007081   Thumb Code    26  stm32f10x_tim.o(.text)
    TIM_CCxCmd                               0x0800709b   Thumb Code    30  stm32f10x_tim.o(.text)
    TIM_CCxNCmd                              0x080070b9   Thumb Code    30  stm32f10x_tim.o(.text)
    TIM_SelectOCxM                           0x080070d7   Thumb Code    82  stm32f10x_tim.o(.text)
    TIM_UpdateDisableConfig                  0x08007129   Thumb Code    24  stm32f10x_tim.o(.text)
    TIM_UpdateRequestConfig                  0x08007141   Thumb Code    24  stm32f10x_tim.o(.text)
    TIM_SelectHallSensor                     0x08007159   Thumb Code    24  stm32f10x_tim.o(.text)
    TIM_SelectOnePulseMode                   0x08007171   Thumb Code    18  stm32f10x_tim.o(.text)
    TIM_SelectOutputTrigger                  0x08007183   Thumb Code    18  stm32f10x_tim.o(.text)
    TIM_SelectSlaveMode                      0x08007195   Thumb Code    18  stm32f10x_tim.o(.text)
    TIM_SelectMasterSlaveMode                0x080071a7   Thumb Code    18  stm32f10x_tim.o(.text)
    TIM_SetCounter                           0x080071b9   Thumb Code     4  stm32f10x_tim.o(.text)
    TIM_SetAutoreload                        0x080071bd   Thumb Code     4  stm32f10x_tim.o(.text)
    TIM_SetCompare1                          0x080071c1   Thumb Code     4  stm32f10x_tim.o(.text)
    TIM_SetCompare2                          0x080071c5   Thumb Code     4  stm32f10x_tim.o(.text)
    TIM_SetCompare3                          0x080071c9   Thumb Code     4  stm32f10x_tim.o(.text)
    TIM_SetCompare4                          0x080071cd   Thumb Code     6  stm32f10x_tim.o(.text)
    TIM_SetClockDivision                     0x080071d3   Thumb Code    18  stm32f10x_tim.o(.text)
    TIM_GetCapture1                          0x080071e5   Thumb Code     6  stm32f10x_tim.o(.text)
    TIM_GetCapture2                          0x080071eb   Thumb Code     6  stm32f10x_tim.o(.text)
    TIM_GetCapture3                          0x080071f1   Thumb Code     6  stm32f10x_tim.o(.text)
    TIM_GetCapture4                          0x080071f7   Thumb Code     8  stm32f10x_tim.o(.text)
    TIM_GetCounter                           0x080071ff   Thumb Code     6  stm32f10x_tim.o(.text)
    TIM_GetPrescaler                         0x08007205   Thumb Code     6  stm32f10x_tim.o(.text)
    TIM_GetFlagStatus                        0x0800720b   Thumb Code    18  stm32f10x_tim.o(.text)
    TIM_ClearFlag                            0x0800721d   Thumb Code     6  stm32f10x_tim.o(.text)
    TIM_GetITStatus                          0x08007223   Thumb Code    34  stm32f10x_tim.o(.text)
    TIM_ClearITPendingBit                    0x08007245   Thumb Code     6  stm32f10x_tim.o(.text)
    USART_DeInit                             0x0800724d   Thumb Code   134  stm32f10x_usart.o(.text)
    USART_Init                               0x080072d3   Thumb Code   210  stm32f10x_usart.o(.text)
    USART_StructInit                         0x080073a5   Thumb Code    24  stm32f10x_usart.o(.text)
    USART_ClockInit                          0x080073bd   Thumb Code    34  stm32f10x_usart.o(.text)
    USART_ClockStructInit                    0x080073df   Thumb Code    12  stm32f10x_usart.o(.text)
    USART_Cmd                                0x080073eb   Thumb Code    24  stm32f10x_usart.o(.text)
    USART_ITConfig                           0x08007403   Thumb Code    74  stm32f10x_usart.o(.text)
    USART_DMACmd                             0x0800744d   Thumb Code    18  stm32f10x_usart.o(.text)
    USART_SetAddress                         0x0800745f   Thumb Code    18  stm32f10x_usart.o(.text)
    USART_WakeUpConfig                       0x08007471   Thumb Code    18  stm32f10x_usart.o(.text)
    USART_ReceiverWakeUpCmd                  0x08007483   Thumb Code    24  stm32f10x_usart.o(.text)
    USART_LINBreakDetectLengthConfig         0x0800749b   Thumb Code    18  stm32f10x_usart.o(.text)
    USART_LINCmd                             0x080074ad   Thumb Code    24  stm32f10x_usart.o(.text)
    USART_SendData                           0x080074c5   Thumb Code     8  stm32f10x_usart.o(.text)
    USART_ReceiveData                        0x080074cd   Thumb Code    10  stm32f10x_usart.o(.text)
    USART_SendBreak                          0x080074d7   Thumb Code    10  stm32f10x_usart.o(.text)
    USART_SetGuardTime                       0x080074e1   Thumb Code    16  stm32f10x_usart.o(.text)
    USART_SetPrescaler                       0x080074f1   Thumb Code    16  stm32f10x_usart.o(.text)
    USART_SmartCardCmd                       0x08007501   Thumb Code    24  stm32f10x_usart.o(.text)
    USART_SmartCardNACKCmd                   0x08007519   Thumb Code    24  stm32f10x_usart.o(.text)
    USART_HalfDuplexCmd                      0x08007531   Thumb Code    24  stm32f10x_usart.o(.text)
    USART_OverSampling8Cmd                   0x08007549   Thumb Code    22  stm32f10x_usart.o(.text)
    USART_OneBitMethodCmd                    0x0800755f   Thumb Code    24  stm32f10x_usart.o(.text)
    USART_IrDAConfig                         0x08007577   Thumb Code    18  stm32f10x_usart.o(.text)
    USART_IrDACmd                            0x08007589   Thumb Code    24  stm32f10x_usart.o(.text)
    USART_GetFlagStatus                      0x080075a1   Thumb Code    26  stm32f10x_usart.o(.text)
    USART_ClearFlag                          0x080075bb   Thumb Code    18  stm32f10x_usart.o(.text)
    USART_GetITStatus                        0x080075cd   Thumb Code    84  stm32f10x_usart.o(.text)
    USART_ClearITPendingBit                  0x08007621   Thumb Code    52  stm32f10x_usart.o(.text)
    I2C_DeInit                               0x08007655   Thumb Code    50  stm32f10x_i2c.o(.text)
    I2C_Init                                 0x08007687   Thumb Code   222  stm32f10x_i2c.o(.text)
    I2C_StructInit                           0x08007765   Thumb Code    30  stm32f10x_i2c.o(.text)
    I2C_Cmd                                  0x08007783   Thumb Code    24  stm32f10x_i2c.o(.text)
    I2C_DMACmd                               0x0800779b   Thumb Code    24  stm32f10x_i2c.o(.text)
    I2C_DMALastTransferCmd                   0x080077b3   Thumb Code    24  stm32f10x_i2c.o(.text)
    I2C_GenerateSTART                        0x080077cb   Thumb Code    24  stm32f10x_i2c.o(.text)
    I2C_GenerateSTOP                         0x080077e3   Thumb Code    24  stm32f10x_i2c.o(.text)
    I2C_AcknowledgeConfig                    0x080077fb   Thumb Code    24  stm32f10x_i2c.o(.text)
    I2C_OwnAddress2Config                    0x08007813   Thumb Code    22  stm32f10x_i2c.o(.text)
    I2C_DualAddressCmd                       0x08007829   Thumb Code    24  stm32f10x_i2c.o(.text)
    I2C_GeneralCallCmd                       0x08007841   Thumb Code    24  stm32f10x_i2c.o(.text)
    I2C_ITConfig                             0x08007859   Thumb Code    18  stm32f10x_i2c.o(.text)
    I2C_SendData                             0x0800786b   Thumb Code     4  stm32f10x_i2c.o(.text)
    I2C_ReceiveData                          0x0800786f   Thumb Code     8  stm32f10x_i2c.o(.text)
    I2C_Send7bitAddress                      0x08007877   Thumb Code    18  stm32f10x_i2c.o(.text)
    I2C_ReadRegister                         0x08007889   Thumb Code    22  stm32f10x_i2c.o(.text)
    I2C_SoftwareResetCmd                     0x0800789f   Thumb Code    22  stm32f10x_i2c.o(.text)
    I2C_NACKPositionConfig                   0x080078b5   Thumb Code    28  stm32f10x_i2c.o(.text)
    I2C_SMBusAlertConfig                     0x080078d1   Thumb Code    28  stm32f10x_i2c.o(.text)
    I2C_TransmitPEC                          0x080078ed   Thumb Code    24  stm32f10x_i2c.o(.text)
    I2C_PECPositionConfig                    0x08007905   Thumb Code    28  stm32f10x_i2c.o(.text)
    I2C_CalculatePEC                         0x08007921   Thumb Code    24  stm32f10x_i2c.o(.text)
    I2C_GetPEC                               0x08007939   Thumb Code     8  stm32f10x_i2c.o(.text)
    I2C_ARPCmd                               0x08007941   Thumb Code    24  stm32f10x_i2c.o(.text)
    I2C_StretchClockCmd                      0x08007959   Thumb Code    24  stm32f10x_i2c.o(.text)
    I2C_FastModeDutyCycleConfig              0x08007971   Thumb Code    28  stm32f10x_i2c.o(.text)
    I2C_CheckEvent                           0x0800798d   Thumb Code    42  stm32f10x_i2c.o(.text)
    I2C_GetLastEvent                         0x080079b7   Thumb Code    26  stm32f10x_i2c.o(.text)
    I2C_GetFlagStatus                        0x080079d1   Thumb Code    58  stm32f10x_i2c.o(.text)
    I2C_ClearFlag                            0x08007a0b   Thumb Code    12  stm32f10x_i2c.o(.text)
    I2C_GetITStatus                          0x08007a17   Thumb Code    58  stm32f10x_i2c.o(.text)
    I2C_ClearITPendingBit                    0x08007a51   Thumb Code    12  stm32f10x_i2c.o(.text)
    SPI_I2S_DeInit                           0x08007a5d   Thumb Code    76  stm32f10x_spi.o(.text)
    SPI_Init                                 0x08007aa9   Thumb Code    60  stm32f10x_spi.o(.text)
    I2S_Init                                 0x08007ae5   Thumb Code   226  stm32f10x_spi.o(.text)
    SPI_StructInit                           0x08007bc7   Thumb Code    24  stm32f10x_spi.o(.text)
    I2S_StructInit                           0x08007bdf   Thumb Code    20  stm32f10x_spi.o(.text)
    SPI_Cmd                                  0x08007bf3   Thumb Code    24  stm32f10x_spi.o(.text)
    I2S_Cmd                                  0x08007c0b   Thumb Code    24  stm32f10x_spi.o(.text)
    SPI_I2S_ITConfig                         0x08007c23   Thumb Code    32  stm32f10x_spi.o(.text)
    SPI_I2S_DMACmd                           0x08007c43   Thumb Code    18  stm32f10x_spi.o(.text)
    SPI_I2S_SendData                         0x08007c55   Thumb Code     4  stm32f10x_spi.o(.text)
    SPI_I2S_ReceiveData                      0x08007c59   Thumb Code     6  stm32f10x_spi.o(.text)
    SPI_NSSInternalSoftwareConfig            0x08007c5f   Thumb Code    30  stm32f10x_spi.o(.text)
    SPI_SSOutputCmd                          0x08007c7d   Thumb Code    24  stm32f10x_spi.o(.text)
    SPI_DataSizeConfig                       0x08007c95   Thumb Code    18  stm32f10x_spi.o(.text)
    SPI_TransmitCRC                          0x08007ca7   Thumb Code    10  stm32f10x_spi.o(.text)
    SPI_CalculateCRC                         0x08007cb1   Thumb Code    24  stm32f10x_spi.o(.text)
    SPI_GetCRC                               0x08007cc9   Thumb Code    16  stm32f10x_spi.o(.text)
    SPI_GetCRCPolynomial                     0x08007cd9   Thumb Code     6  stm32f10x_spi.o(.text)
    SPI_BiDirectionalLineConfig              0x08007cdf   Thumb Code    28  stm32f10x_spi.o(.text)
    SPI_I2S_GetFlagStatus                    0x08007cfb   Thumb Code    18  stm32f10x_spi.o(.text)
    SPI_I2S_ClearFlag                        0x08007d0d   Thumb Code     6  stm32f10x_spi.o(.text)
    SPI_I2S_GetITStatus                      0x08007d13   Thumb Code    52  stm32f10x_spi.o(.text)
    SPI_I2S_ClearITPendingBit                0x08007d47   Thumb Code    20  stm32f10x_spi.o(.text)
    FLASH_SetLatency                         0x08007d69   Thumb Code    18  stm32f10x_flash.o(.text)
    FLASH_HalfCycleAccessCmd                 0x08007d7b   Thumb Code    22  stm32f10x_flash.o(.text)
    FLASH_PrefetchBufferCmd                  0x08007d91   Thumb Code    22  stm32f10x_flash.o(.text)
    FLASH_Unlock                             0x08007da7   Thumb Code    12  stm32f10x_flash.o(.text)
    FLASH_UnlockBank1                        0x08007db3   Thumb Code    12  stm32f10x_flash.o(.text)
    FLASH_Lock                               0x08007dbf   Thumb Code    14  stm32f10x_flash.o(.text)
    FLASH_LockBank1                          0x08007dcd   Thumb Code    14  stm32f10x_flash.o(.text)
    FLASH_GetBank1Status                     0x08007ddb   Thumb Code    48  stm32f10x_flash.o(.text)
    FLASH_WaitForLastOperation               0x08007e0b   Thumb Code    38  stm32f10x_flash.o(.text)
    FLASH_ErasePage                          0x08007e31   Thumb Code    72  stm32f10x_flash.o(.text)
    FLASH_EraseAllPages                      0x08007e79   Thumb Code    68  stm32f10x_flash.o(.text)
    FLASH_WaitForLastBank1Operation          0x08007ebd   Thumb Code    38  stm32f10x_flash.o(.text)
    FLASH_EraseAllBank1Pages                 0x08007ee3   Thumb Code    68  stm32f10x_flash.o(.text)
    FLASH_GetReadOutProtectionStatus         0x08007f27   Thumb Code    20  stm32f10x_flash.o(.text)
    FLASH_EraseOptionBytes                   0x08007f3b   Thumb Code   150  stm32f10x_flash.o(.text)
    FLASH_ProgramWord                        0x08007fd1   Thumb Code   102  stm32f10x_flash.o(.text)
    FLASH_ProgramHalfWord                    0x08008037   Thumb Code    60  stm32f10x_flash.o(.text)
    FLASH_ProgramOptionByteData              0x08008073   Thumb Code    72  stm32f10x_flash.o(.text)
    FLASH_EnableWriteProtection              0x080080bb   Thumb Code   200  stm32f10x_flash.o(.text)
    FLASH_ReadOutProtection                  0x08008183   Thumb Code   156  stm32f10x_flash.o(.text)
    FLASH_UserOptionByteConfig               0x0800821f   Thumb Code    88  stm32f10x_flash.o(.text)
    FLASH_GetUserOptionByte                  0x08008277   Thumb Code     8  stm32f10x_flash.o(.text)
    FLASH_GetWriteProtectionOptionByte       0x0800827f   Thumb Code     6  stm32f10x_flash.o(.text)
    FLASH_GetPrefetchBufferStatus            0x08008285   Thumb Code    20  stm32f10x_flash.o(.text)
    FLASH_ITConfig                           0x08008299   Thumb Code    26  stm32f10x_flash.o(.text)
    FLASH_GetFlagStatus                      0x080082b3   Thumb Code    42  stm32f10x_flash.o(.text)
    FLASH_ClearFlag                          0x080082dd   Thumb Code     6  stm32f10x_flash.o(.text)
    FLASH_GetStatus                          0x080082e3   Thumb Code    48  stm32f10x_flash.o(.text)
    ADC_DeInit                               0x08008325   Thumb Code    78  stm32f10x_adc.o(.text)
    ADC_Init                                 0x08008373   Thumb Code    70  stm32f10x_adc.o(.text)
    ADC_StructInit                           0x080083b9   Thumb Code    18  stm32f10x_adc.o(.text)
    ADC_Cmd                                  0x080083cb   Thumb Code    22  stm32f10x_adc.o(.text)
    ADC_DMACmd                               0x080083e1   Thumb Code    22  stm32f10x_adc.o(.text)
    ADC_ITConfig                             0x080083f7   Thumb Code    24  stm32f10x_adc.o(.text)
    ADC_ResetCalibration                     0x0800840f   Thumb Code    10  stm32f10x_adc.o(.text)
    ADC_GetResetCalibrationStatus            0x08008419   Thumb Code    20  stm32f10x_adc.o(.text)
    ADC_StartCalibration                     0x0800842d   Thumb Code    10  stm32f10x_adc.o(.text)
    ADC_GetCalibrationStatus                 0x08008437   Thumb Code    20  stm32f10x_adc.o(.text)
    ADC_SoftwareStartConvCmd                 0x0800844b   Thumb Code    22  stm32f10x_adc.o(.text)
    ADC_GetSoftwareStartConvStatus           0x08008461   Thumb Code    20  stm32f10x_adc.o(.text)
    ADC_DiscModeChannelCountConfig           0x08008475   Thumb Code    24  stm32f10x_adc.o(.text)
    ADC_DiscModeCmd                          0x0800848d   Thumb Code    22  stm32f10x_adc.o(.text)
    ADC_RegularChannelConfig                 0x080084a3   Thumb Code   184  stm32f10x_adc.o(.text)
    ADC_ExternalTrigConvCmd                  0x0800855b   Thumb Code    22  stm32f10x_adc.o(.text)
    ADC_GetConversionValue                   0x08008571   Thumb Code     8  stm32f10x_adc.o(.text)
    ADC_GetDualModeConversionValue           0x08008579   Thumb Code     8  stm32f10x_adc.o(.text)
    ADC_AutoInjectedConvCmd                  0x08008581   Thumb Code    22  stm32f10x_adc.o(.text)
    ADC_InjectedDiscModeCmd                  0x08008597   Thumb Code    22  stm32f10x_adc.o(.text)
    ADC_ExternalTrigInjectedConvConfig       0x080085ad   Thumb Code    16  stm32f10x_adc.o(.text)
    ADC_ExternalTrigInjectedConvCmd          0x080085bd   Thumb Code    22  stm32f10x_adc.o(.text)
    ADC_SoftwareStartInjectedConvCmd         0x080085d3   Thumb Code    22  stm32f10x_adc.o(.text)
    ADC_GetSoftwareStartInjectedConvCmdStatus 0x080085e9   Thumb Code    20  stm32f10x_adc.o(.text)
    ADC_InjectedChannelConfig                0x080085fd   Thumb Code   130  stm32f10x_adc.o(.text)
    ADC_InjectedSequencerLengthConfig        0x0800867f   Thumb Code    24  stm32f10x_adc.o(.text)
    ADC_SetInjectedOffset                    0x08008697   Thumb Code    20  stm32f10x_adc.o(.text)
    ADC_GetInjectedConversionValue           0x080086ab   Thumb Code    28  stm32f10x_adc.o(.text)
    ADC_AnalogWatchdogCmd                    0x080086c7   Thumb Code    16  stm32f10x_adc.o(.text)
    ADC_AnalogWatchdogThresholdsConfig       0x080086d7   Thumb Code     6  stm32f10x_adc.o(.text)
    ADC_AnalogWatchdogSingleChannelConfig    0x080086dd   Thumb Code    16  stm32f10x_adc.o(.text)
    ADC_TempSensorVrefintCmd                 0x080086ed   Thumb Code    64  stm32f10x_adc.o(.text)
    ADC_GetFlagStatus                        0x0800872d   Thumb Code    18  stm32f10x_adc.o(.text)
    ADC_ClearFlag                            0x0800873f   Thumb Code     6  stm32f10x_adc.o(.text)
    ADC_GetITStatus                          0x08008745   Thumb Code    36  stm32f10x_adc.o(.text)
    ADC_ClearITPendingBit                    0x08008769   Thumb Code    10  stm32f10x_adc.o(.text)
    SetHeadFree                              0x08008871   Thumb Code    30  control.o(.text)
    CtrlAttiAng                              0x0800888f   Thumb Code   272  control.o(.text)
    CtrlAttiRate                             0x0800899f   Thumb Code   220  control.o(.text)
    dbScaleLinear                            0x08008a7b   Thumb Code    96  control.o(.text)
    estimateHoverThru                        0x08008adb   Thumb Code   118  control.o(.text)
    estimateMinThru                          0x08008b51   Thumb Code   204  control.o(.text)
    CtrlAlti                                 0x08008c1d   Thumb Code  1300  control.o(.text)
    CtrlMotor                                0x08009131   Thumb Code   170  control.o(.text)
    RCDataProcess                            0x08009235   Thumb Code   422  receivedata.o(.text)
    ReceiveDataFormNRF                       0x080093db   Thumb Code   150  receivedata.o(.text)
    NRFmatching                              0x08009471   Thumb Code   192  receivedata.o(.text)
    __use_no_semihosting                     0x08009599   Thumb Code     2  use_no_semi_2.o(.text)
    __2printf                                0x0800959d   Thumb Code    20  noretval__2printf.o(.text)
    _printf_pre_padding                      0x080095b5   Thumb Code    44  _printf_pad.o(.text)
    _printf_post_padding                     0x080095e1   Thumb Code    34  _printf_pad.o(.text)
    _printf_int_dec                          0x08009605   Thumb Code   104  _printf_dec.o(.text)
    _printf_int_hex                          0x0800967d   Thumb Code    84  _printf_hex_int.o(.text)
    _printf_longlong_hex                     0x0800967d   Thumb Code     0  _printf_hex_int.o(.text)
    __printf                                 0x080096d5   Thumb Code   270  __printf_wp.o(.text)
    __aeabi_memcpy                           0x080097e3   Thumb Code     0  rt_memcpy_v6.o(.text)
    __rt_memcpy                              0x080097e3   Thumb Code   138  rt_memcpy_v6.o(.text)
    _memcpy_lastbytes                        0x08009849   Thumb Code     0  rt_memcpy_v6.o(.text)
    __aeabi_memcpy4                          0x0800986d   Thumb Code     0  rt_memcpy_w.o(.text)
    __aeabi_memcpy8                          0x0800986d   Thumb Code     0  rt_memcpy_w.o(.text)
    __rt_memcpy_w                            0x0800986d   Thumb Code   100  rt_memcpy_w.o(.text)
    _memcpy_lastbytes_aligned                0x080098b5   Thumb Code     0  rt_memcpy_w.o(.text)
    __use_two_region_memory                  0x080098d1   Thumb Code     2  heapauxi.o(.text)
    __rt_heap_escrow$2region                 0x080098d3   Thumb Code     2  heapauxi.o(.text)
    __rt_heap_expand$2region                 0x080098d5   Thumb Code     2  heapauxi.o(.text)
    __I$use$semihosting                      0x080098d7   Thumb Code     0  use_no_semi.o(.text)
    __use_no_semihosting_swi                 0x080098d7   Thumb Code     2  use_no_semi.o(.text)
    __read_errno                             0x080098d9   Thumb Code    10  _rserrno.o(.text)
    __set_errno                              0x080098e3   Thumb Code    12  _rserrno.o(.text)
    _printf_int_common                       0x080098ef   Thumb Code   178  _printf_intcommon.o(.text)
    __lib_sel_fp_printf                      0x080099a1   Thumb Code     2  _printf_fp_dec.o(.text)
    _printf_fp_dec_real                      0x08009b4f   Thumb Code   620  _printf_fp_dec.o(.text)
    _printf_char_file                        0x08009dbd   Thumb Code    32  _printf_char_file.o(.text)
    __rt_locale                              0x08009de1   Thumb Code     8  rt_locale_intlibspace.o(.text)
    __aeabi_errno_addr                       0x08009de9   Thumb Code     8  rt_errno_addr_intlibspace.o(.text)
    __errno$intlibspace                      0x08009de9   Thumb Code     0  rt_errno_addr_intlibspace.o(.text)
    __rt_errno_addr$intlibspace              0x08009de9   Thumb Code     0  rt_errno_addr_intlibspace.o(.text)
    _ll_udiv10                               0x08009df1   Thumb Code   138  lludiv10.o(.text)
    _printf_char_common                      0x08009e87   Thumb Code    32  _printf_char_common.o(.text)
    _printf_fp_infnan                        0x08009ead   Thumb Code   112  _printf_fp_infnan.o(.text)
    _btod_etento                             0x08009f2d   Thumb Code   216  bigflt0.o(.text)
    ferror                                   0x0800a009   Thumb Code     8  ferror.o(.text)
    __user_libspace                          0x0800a011   Thumb Code     8  libspace.o(.text)
    __user_perproc_libspace                  0x0800a011   Thumb Code     0  libspace.o(.text)
    __user_perthread_libspace                0x0800a011   Thumb Code     0  libspace.o(.text)
    __user_setup_stackheap                   0x0800a019   Thumb Code    74  sys_stackheap_outer.o(.text)
    exit                                     0x0800a063   Thumb Code    18  exit.o(.text)
    strcmp                                   0x0800a075   Thumb Code   128  strcmpv7m.o(.text)
    _btod_d2e                                0x0800a0f5   Thumb Code    62  btod.o(CL$$btod_d2e)
    _d2e_denorm_low                          0x0800a133   Thumb Code    70  btod.o(CL$$btod_d2e_denorm_low)
    _d2e_norm_op1                            0x0800a179   Thumb Code    96  btod.o(CL$$btod_d2e_norm_op1)
    __btod_div_common                        0x0800a1d9   Thumb Code   696  btod.o(CL$$btod_div_common)
    _e2e                                     0x0800a511   Thumb Code   198  btod.o(CL$$btod_e2e)
    _btod_ediv                               0x0800a5d7   Thumb Code    40  btod.o(CL$$btod_ediv)
    _btod_emul                               0x0800a5ff   Thumb Code    40  btod.o(CL$$btod_emul)
    __btod_mult_common                       0x0800a627   Thumb Code   580  btod.o(CL$$btod_mult_common)
    __ARM_fpclassify                         0x0800a86b   Thumb Code    40  fpclassify.o(i.__ARM_fpclassify)
    __ARM_fpclassifyf                        0x0800a893   Thumb Code    38  fpclassifyf.o(i.__ARM_fpclassifyf)
    __ARM_isinff                             0x0800a8b9   Thumb Code    20  filter.o(i.__ARM_isinff)
    __ARM_isnanf                             0x0800a8cd   Thumb Code    14  filter.o(i.__ARM_isnanf)
    __kernel_poly                            0x0800a8db   Thumb Code   170  poly.o(i.__kernel_poly)
    __mathlib_dbl_infnan                     0x0800a985   Thumb Code     6  dunder.o(i.__mathlib_dbl_infnan)
    __mathlib_dbl_infnan2                    0x0800a98b   Thumb Code     4  dunder.o(i.__mathlib_dbl_infnan2)
    __mathlib_dbl_underflow                  0x0800a991   Thumb Code    10  dunder.o(i.__mathlib_dbl_underflow)
    __mathlib_flt_divzero                    0x0800a9a1   Thumb Code    10  funder.o(i.__mathlib_flt_divzero)
    __mathlib_flt_infnan                     0x0800a9ab   Thumb Code     6  funder.o(i.__mathlib_flt_infnan)
    __mathlib_flt_infnan2                    0x0800a9b1   Thumb Code     4  funder.o(i.__mathlib_flt_infnan2)
    __mathlib_flt_invalid                    0x0800a9b5   Thumb Code     8  funder.o(i.__mathlib_flt_invalid)
    __mathlib_flt_overflow                   0x0800a9bd   Thumb Code    10  funder.o(i.__mathlib_flt_overflow)
    __mathlib_flt_underflow                  0x0800a9c7   Thumb Code    10  funder.o(i.__mathlib_flt_underflow)
    __mathlib_rredf2                         0x0800a9d1   Thumb Code   344  rredf.o(i.__mathlib_rredf2)
    _is_digit                                0x0800ab39   Thumb Code    14  __printf_wp.o(i._is_digit)
    asinf                                    0x0800ab49   Thumb Code   254  asinf.o(i.asinf)
    atan                                     0x0800ac6d   Thumb Code   474  atan.o(i.atan)
    atan2                                    0x0800ae8d   Thumb Code   346  atan2.o(i.atan2)
    atan2f                                   0x0800b00d   Thumb Code   528  atan2f.o(i.atan2f)
    cosf                                     0x0800b269   Thumb Code   328  cosf.o(i.cosf)
    __mathlib_powf                           0x0800b3e5   Thumb Code     0  powf.o(i.powf)
    powf                                     0x0800b3e5   Thumb Code  1548  powf.o(i.powf)
    sinf                                     0x0800ba05   Thumb Code   338  sinf.o(i.sinf)
    sqrt                                     0x0800bb8d   Thumb Code    76  sqrt.o(i.sqrt)
    sqrtf                                    0x0800bbd9   Thumb Code    44  sqrtf.o(i.sqrtf)
    tanf                                     0x0800bc05   Thumb Code   314  tanf.o(i.tanf)
    _get_lc_numeric                          0x0800bd79   Thumb Code    44  lc_numeric_c.o(locale$$code)
    __aeabi_d2f                              0x0800bda5   Thumb Code     0  d2f.o(x$fpl$d2f)
    _d2f                                     0x0800bda5   Thumb Code    98  d2f.o(x$fpl$d2f)
    __aeabi_dadd                             0x0800be09   Thumb Code     0  daddsub_clz.o(x$fpl$dadd)
    _dadd                                    0x0800be09   Thumb Code   332  daddsub_clz.o(x$fpl$dadd)
    __fpl_dcheck_NaN1                        0x0800bf59   Thumb Code    10  dcheck1.o(x$fpl$dcheck1)
    __fpl_dcmp_Inf                           0x0800bf69   Thumb Code    24  dcmpi.o(x$fpl$dcmpinf)
    __aeabi_ddiv                             0x0800bf81   Thumb Code     0  ddiv.o(x$fpl$ddiv)
    _ddiv                                    0x0800bf81   Thumb Code   552  ddiv.o(x$fpl$ddiv)
    __aeabi_i2d                              0x0800c231   Thumb Code     0  dflt_clz.o(x$fpl$dflt)
    _dflt                                    0x0800c231   Thumb Code    46  dflt_clz.o(x$fpl$dflt)
    __aeabi_cdcmple                          0x0800c261   Thumb Code     0  dleqf.o(x$fpl$dleqf)
    _dcmple                                  0x0800c261   Thumb Code   120  dleqf.o(x$fpl$dleqf)
    __fpl_dcmple_InfNaN                      0x0800c2c3   Thumb Code     0  dleqf.o(x$fpl$dleqf)
    __aeabi_dmul                             0x0800c2d9   Thumb Code     0  dmul.o(x$fpl$dmul)
    _dmul                                    0x0800c2d9   Thumb Code   332  dmul.o(x$fpl$dmul)
    __fpl_dnaninf                            0x0800c42d   Thumb Code   156  dnaninf.o(x$fpl$dnaninf)
    __fpl_dretinf                            0x0800c4c9   Thumb Code    12  dretinf.o(x$fpl$dretinf)
    __aeabi_cdrcmple                         0x0800c4d5   Thumb Code     0  drleqf.o(x$fpl$drleqf)
    _drcmple                                 0x0800c4d5   Thumb Code   108  drleqf.o(x$fpl$drleqf)
    __aeabi_drsub                            0x0800c541   Thumb Code     0  daddsub_clz.o(x$fpl$drsb)
    _drsb                                    0x0800c541   Thumb Code    22  daddsub_clz.o(x$fpl$drsb)
    _dsqrt                                   0x0800c559   Thumb Code   456  dsqrt_noumaal.o(x$fpl$dsqrt)
    __aeabi_dsub                             0x0800c725   Thumb Code     0  daddsub_clz.o(x$fpl$dsub)
    _dsub                                    0x0800c725   Thumb Code   464  daddsub_clz.o(x$fpl$dsub)
    __aeabi_f2d                              0x0800c8f9   Thumb Code     0  f2d.o(x$fpl$f2d)
    _f2d                                     0x0800c8f9   Thumb Code    86  f2d.o(x$fpl$f2d)
    __aeabi_fadd                             0x0800c951   Thumb Code     0  faddsub_clz.o(x$fpl$fadd)
    _fadd                                    0x0800c951   Thumb Code   196  faddsub_clz.o(x$fpl$fadd)
    __fpl_fcheck_NaN1                        0x0800ca15   Thumb Code     6  fcheck1.o(x$fpl$fcheck1)
    __fpl_fcmp_Inf                           0x0800ca21   Thumb Code    24  fcmpi.o(x$fpl$fcmpinf)
    __aeabi_fdiv                             0x0800ca39   Thumb Code     0  fdiv.o(x$fpl$fdiv)
    _fdiv                                    0x0800ca39   Thumb Code   384  fdiv.o(x$fpl$fdiv)
    __aeabi_cfcmpeq                          0x0800cbbd   Thumb Code     0  feqf.o(x$fpl$feqf)
    _fcmpeq                                  0x0800cbbd   Thumb Code   104  feqf.o(x$fpl$feqf)
    __aeabi_f2iz                             0x0800cc25   Thumb Code     0  ffix.o(x$fpl$ffix)
    _ffix                                    0x0800cc25   Thumb Code    54  ffix.o(x$fpl$ffix)
    _ffix_r                                  0x0800cc5d   Thumb Code    82  ffix.o(x$fpl$ffixr)
    __aeabi_f2uiz                            0x0800ccb1   Thumb Code     0  ffixu.o(x$fpl$ffixu)
    _ffixu                                   0x0800ccb1   Thumb Code    62  ffixu.o(x$fpl$ffixu)
    __aeabi_i2f                              0x0800ccf1   Thumb Code     0  fflt_clz.o(x$fpl$fflt)
    _fflt                                    0x0800ccf1   Thumb Code    48  fflt_clz.o(x$fpl$fflt)
    __aeabi_ul2f                             0x0800cd21   Thumb Code     0  ffltll_clz.o(x$fpl$ffltll)
    _ll_uto_f                                0x0800cd21   Thumb Code     6  ffltll_clz.o(x$fpl$ffltll)
    __aeabi_l2f                              0x0800cd27   Thumb Code     0  ffltll_clz.o(x$fpl$ffltll)
    _ll_sto_f                                0x0800cd27   Thumb Code    90  ffltll_clz.o(x$fpl$ffltll)
    __aeabi_ui2f                             0x0800cd81   Thumb Code     0  fflt_clz.o(x$fpl$ffltu)
    _ffltu                                   0x0800cd81   Thumb Code    38  fflt_clz.o(x$fpl$ffltu)
    __aeabi_cfcmple                          0x0800cda9   Thumb Code     0  fleqf.o(x$fpl$fleqf)
    _fcmple                                  0x0800cda9   Thumb Code   104  fleqf.o(x$fpl$fleqf)
    __fpl_fcmple_InfNaN                      0x0800cdfb   Thumb Code     0  fleqf.o(x$fpl$fleqf)
    __aeabi_fmul                             0x0800ce11   Thumb Code     0  fmul.o(x$fpl$fmul)
    _fmul                                    0x0800ce11   Thumb Code   258  fmul.o(x$fpl$fmul)
    __fpl_fnaninf                            0x0800cf13   Thumb Code   140  fnaninf.o(x$fpl$fnaninf)
    __fpl_fretinf                            0x0800cf9f   Thumb Code    10  fretinf.o(x$fpl$fretinf)
    __aeabi_cfrcmple                         0x0800cfa9   Thumb Code     0  frleqf.o(x$fpl$frleqf)
    _frcmple                                 0x0800cfa9   Thumb Code    98  frleqf.o(x$fpl$frleqf)
    _frnd                                    0x0800d00d   Thumb Code    96  frnd.o(x$fpl$frnd)
    __aeabi_frsub                            0x0800d06d   Thumb Code     0  faddsub_clz.o(x$fpl$frsb)
    _frsb                                    0x0800d06d   Thumb Code    20  faddsub_clz.o(x$fpl$frsb)
    _fsqrt                                   0x0800d081   Thumb Code   272  fsqrt.o(x$fpl$fsqrt)
    __aeabi_fsub                             0x0800d191   Thumb Code     0  faddsub_clz.o(x$fpl$fsub)
    _fsub                                    0x0800d191   Thumb Code   234  faddsub_clz.o(x$fpl$fsub)
    _printf_fp_dec                           0x0800d27b   Thumb Code     4  printf1.o(x$fpl$printf1)
    __fpl_return_NaN                         0x0800d27f   Thumb Code   100  retnan.o(x$fpl$retnan)
    __ARM_scalbn                             0x0800d2e3   Thumb Code    92  scalbn.o(x$fpl$scalbn)
    __ARM_scalbnf                            0x0800d33f   Thumb Code    76  scalbnf.o(x$fpl$scalbnf)
    __fpl_cmpreturn                          0x0800d38b   Thumb Code    48  trapv.o(x$fpl$trapveneer)
    __I$use$fp                               0x0800d3ba   Number         0  usenofp.o(x$fpl$usenofp)
    __mathlib_zero                           0x0800d5e0   Data           8  qnan.o(.constdata)
    Region$$Table$$Base                      0x0800d6e4   Number         0  anon$$obj.o(Region$$Table)
    Region$$Table$$Limit                     0x0800d704   Number         0  anon$$obj.o(Region$$Table)
    SystemCoreClock                          0x20000000   Data           4  system_stm32f10x.o(.data)
    AHBPrescTable                            0x20000004   Data          16  system_stm32f10x.o(.data)
    LED_status                               0x20000014   Data           1  led.o(.data)
    LED_Current_Pattern                      0x20000015   Data           1  led.o(.data)
    _sc_gyro                                 0x20000018   Data           4  mpu6050.o(.data)
    _sc_accel                                0x2000001c   Data           4  mpu6050.o(.data)
    RX_ADDRESS                               0x20000020   Data           5  nrf24l01.o(.data)
    __stdout                                 0x20000028   Data           4  uart1.o(.data)
    __stdin                                  0x2000002c   Data           4  uart1.o(.data)
    paOffsetInited                           0x20000041   Data           1  ms5611.o(.data)
    Baro_ALT_Updated                         0x20000042   Data           1  ms5611.o(.data)
    MS5611_Altitude                          0x20000044   Data           4  ms5611.o(.data)
    SysClock                                 0x20000070   Data           1  init_config.o(.data)
    loop200HzFlag                            0x20000074   Data           1  interrupt_config.o(.data)
    loop100HzFlag                            0x20000075   Data           1  interrupt_config.o(.data)
    loop50HzFlag                             0x20000076   Data           1  interrupt_config.o(.data)
    loop20HzFlag                             0x20000077   Data           1  interrupt_config.o(.data)
    loop10HzFlag                             0x20000078   Data           1  interrupt_config.o(.data)
    loop200HzCnt                             0x2000007a   Data           2  interrupt_config.o(.data)
    loop100HzCnt                             0x2000007c   Data           2  interrupt_config.o(.data)
    loop50HzCnt                              0x2000007e   Data           2  interrupt_config.o(.data)
    loop20HzCnt                              0x20000080   Data           2  interrupt_config.o(.data)
    loop10HzCnt                              0x20000082   Data           2  interrupt_config.o(.data)
    hoverThru                                0x20000084   Data           4  interrupt_config.o(.data)
    Udatatmp                                 0x20000088   Data           1  interrupt_config.o(.data)
    NRF24_payload_size                       0x20000090   Data           1  nrf24.o(.data)
    NRF24_dynamic_payloads_enabled           0x20000091   Data           1  nrf24.o(.data)
    NRF24_tx_address                         0x20000092   Data           5  nrf24.o(.data)
    NRF24_rx_address                         0x20000097   Data           5  nrf24.o(.data)
    address                                  0x200000a0   Data           8  nrf24.o(.data)
    NRF24_rx_0_address                       0x200000a8   Data           5  nrf24.o(.data)
    NRF24_addr_width                         0x200000ad   Data           1  nrf24.o(.data)
    NRF24_txRxDelay                          0x200000b0   Data           4  nrf24.o(.data)
    batCnt                                   0x200000b4   Data           2  main.o(.data)
    accUpdated                               0x200000b6   Data           1  main.o(.data)
    sysTickUptime                            0x200000bc   Data           4  stm32f10x_it.o(.data)
    imuCaliFlag                              0x200000c0   Data           1  imu.o(.data)
    accel_NED                                0x200000d4   Data          12  altitude.o(.data)
    corr_baro                                0x200000e0   Data           4  altitude.o(.data)
    gParamsSaveEEPROMRequset                 0x200001a8   Data           1  configtable.o(.data)
    newTime                                  0x20000204   Data           4  failsafe.o(.data)
    LostRCFlag                               0x20000208   Data           4  failsafe.o(.data)
    warnings                                 0x20000210   Data           2  globalvariables.o(.data)
    flightModes                              0x20000212   Data           1  globalvariables.o(.data)
    Battery                                  0x20000214   Data           8  globalvariables.o(.data)
    offLandFlag                              0x20000230   Data           1  control.o(.data)
    motorLock                                0x20000231   Data           1  control.o(.data)
    Motor                                    0x20000232   Data           8  control.o(.data)
    rollSp                                   0x2000023c   Data           4  control.o(.data)
    pitchSp                                  0x20000240   Data           4  control.o(.data)
    Thro                                     0x20000244   Data           4  control.o(.data)
    Roll                                     0x20000248   Data           4  control.o(.data)
    Pitch                                    0x2000024c   Data           4  control.o(.data)
    Yaw                                      0x20000250   Data           4  control.o(.data)
    gyroxGloble                              0x20000254   Data           4  control.o(.data)
    gyroyGloble                              0x20000258   Data           4  control.o(.data)
    ctrlPrd                                  0x2000025c   Data           4  control.o(.data)
    headFreeMode                             0x20000260   Data           1  control.o(.data)
    headHold                                 0x20000264   Data           4  control.o(.data)
    thrInit                                  0x20000268   Data           4  control.o(.data)
    spZMoveRate                              0x2000026c   Data           4  control.o(.data)
    altCtrlMode                              0x20000270   Data           1  control.o(.data)
    hoverThrust                              0x20000274   Data           4  control.o(.data)
    zIntReset                                0x20000278   Data           1  control.o(.data)
    thrustZInt                               0x2000027c   Data           4  control.o(.data)
    thrustZSp                                0x20000280   Data           4  control.o(.data)
    thrustXYSp                               0x20000284   Data           8  control.o(.data)
    recAltFlag                               0x2000028c   Data           1  control.o(.data)
    holdAlt                                  0x20000290   Data           4  control.o(.data)
    satZ                                     0x20000294   Data           1  control.o(.data)
    satXY                                    0x20000295   Data           1  control.o(.data)
    isAltLimit                               0x20000296   Data           1  control.o(.data)
    altLand                                  0x20000298   Data           4  control.o(.data)
    FLY_ENABLE                               0x200002ac   Data           1  receivedata.o(.data)
    lastGetRCTime                            0x200002b0   Data           4  receivedata.o(.data)
    armState                                 0x200002b4   Data           1  receivedata.o(.data)
    rcData                                   0x200002b6   Data           8  receivedata.o(.data)
    NRFMatched                               0x200002bf   Data           1  receivedata.o(.data)
    NRF24L01_RXDATA                          0x200002cc   Data          32  nrf24l01.o(.bss)
    NRF24L01_TXDATA                          0x200002ec   Data          32  nrf24l01.o(.bss)
    STMFLASH_BUF                             0x2000030c   Data        1024  stmflash.o(.bss)
    UartTxbuf                                0x2000070c   Data          12  uart1.o(.bss)
    UartRxbuf                                0x20000718   Data          12  uart1.o(.bss)
    rx_buffer                                0x20000724   Data         512  uart1.o(.bss)
    tx_buffer                                0x20000924   Data         512  uart1.o(.bss)
    startTime                                0x20000b30   Data          20  main.o(.bss)
    execTime                                 0x20000b44   Data          20  main.o(.bss)
    realExecPrd                              0x20000b58   Data          20  main.o(.bss)
    imu                                      0x20000b6c   Data         156  imu.o(.bss)
    nav                                      0x20000c20   Data          36  altitude.o(.bss)
    z_est                                    0x20000c44   Data          12  altitude.o(.bss)
    corr_acc                                 0x20000c50   Data          12  altitude.o(.bss)
    acc_bias                                 0x20000c5c   Data          12  altitude.o(.bss)
    table                                    0x20000c68   Data         160  configtable.o(.bss)
    INSData                                  0x20000d20   Data          56  globalvariables.o(.bss)
    AHRSData                                 0x20000d58   Data          28  globalvariables.o(.bss)
    NAVData                                  0x20000d74   Data          16  globalvariables.o(.bss)
    pitch_angle_PID                          0x20000d84   Data          48  control.o(.bss)
    pitch_rate_PID                           0x20000db4   Data          48  control.o(.bss)
    roll_angle_PID                           0x20000de4   Data          48  control.o(.bss)
    roll_rate_PID                            0x20000e14   Data          48  control.o(.bss)
    yaw_angle_PID                            0x20000e44   Data          48  control.o(.bss)
    yaw_rate_PID                             0x20000e74   Data          48  control.o(.bss)
    alt_PID                                  0x20000ea4   Data          48  control.o(.bss)
    alt_vel_PID                              0x20000ed4   Data          48  control.o(.bss)
    DIF_ACC                                  0x20000f04   Data          12  control.o(.bss)
    EXP_ANGLE                                0x20000f10   Data          12  control.o(.bss)
    DIF_ANGLE                                0x20000f1c   Data          12  control.o(.bss)
    RC_DATA                                  0x20000f28   Data          16  receivedata.o(.bss)
    UdataBuf                                 0x20000f38   Data          32  receivedata.o(.bss)
    __libspace_start                         0x20000f58   Data          96  libspace.o(.bss)
    __temporary_stack_top$libspace           0x20000fb8   Data           0  libspace.o(.bss)



==============================================================================

Memory Map of the image

  Image Entry point : 0x080003cd

  Load Region LR_1 (Base: 0x08000000, Size: 0x0000d9ec, Max: 0xffffffff, ABSOLUTE, COMPRESSED[0x0000d774])

    Execution Region ER_RO (Base: 0x08000000, Size: 0x0000d720, Max: 0xffffffff, ABSOLUTE)

    Base Addr    Size         Type   Attr      Idx    E Section Name        Object

    0x08000000   0x000000ec   Data   RO           80    RESET               startup_stm32f10x_md.o
    0x080000ec   0x00000008   Code   RO         1026  * !!!main             c_w.l(__main.o)
    0x080000f4   0x00000034   Code   RO         1459    !!!scatter          c_w.l(__scatter.o)
    0x08000128   0x0000005a   Code   RO         1457    !!dczerorl2         c_w.l(__dczerorl2.o)
    0x08000182   0x00000002   PAD
    0x08000184   0x0000001c   Code   RO         1461    !!handler_zi        c_w.l(__scatter_zi.o)
    0x080001a0   0x00000000   Code   RO         1019    .ARM.Collect$$_printf_percent$$00000000  c_w.l(_printf_percent.o)
    0x080001a0   0x00000006   Code   RO         1018    .ARM.Collect$$_printf_percent$$00000003  c_w.l(_printf_f.o)
    0x080001a6   0x00000006   Code   RO         1017    .ARM.Collect$$_printf_percent$$00000009  c_w.l(_printf_d.o)
    0x080001ac   0x00000006   Code   RO         1016    .ARM.Collect$$_printf_percent$$0000000C  c_w.l(_printf_x.o)
    0x080001b2   0x00000004   Code   RO         1175    .ARM.Collect$$_printf_percent$$00000017  c_w.l(_printf_percent_end.o)
    0x080001b6   0x00000002   Code   RO         1330    .ARM.Collect$$libinit$$00000000  c_w.l(libinit.o)
    0x080001b8   0x00000000   Code   RO         1332    .ARM.Collect$$libinit$$00000002  c_w.l(libinit2.o)
    0x080001b8   0x00000000   Code   RO         1334    .ARM.Collect$$libinit$$00000004  c_w.l(libinit2.o)
    0x080001b8   0x00000000   Code   RO         1337    .ARM.Collect$$libinit$$0000000A  c_w.l(libinit2.o)
    0x080001b8   0x00000000   Code   RO         1339    .ARM.Collect$$libinit$$0000000C  c_w.l(libinit2.o)
    0x080001b8   0x00000000   Code   RO         1341    .ARM.Collect$$libinit$$0000000E  c_w.l(libinit2.o)
    0x080001b8   0x00000006   Code   RO         1342    .ARM.Collect$$libinit$$0000000F  c_w.l(libinit2.o)
    0x080001be   0x00000000   Code   RO         1344    .ARM.Collect$$libinit$$00000011  c_w.l(libinit2.o)
    0x080001be   0x00000000   Code   RO         1346    .ARM.Collect$$libinit$$00000013  c_w.l(libinit2.o)
    0x080001be   0x00000000   Code   RO         1348    .ARM.Collect$$libinit$$00000015  c_w.l(libinit2.o)
    0x080001be   0x0000000a   Code   RO         1349    .ARM.Collect$$libinit$$00000016  c_w.l(libinit2.o)
    0x080001c8   0x00000000   Code   RO         1350    .ARM.Collect$$libinit$$00000017  c_w.l(libinit2.o)
    0x080001c8   0x00000000   Code   RO         1352    .ARM.Collect$$libinit$$00000019  c_w.l(libinit2.o)
    0x080001c8   0x00000000   Code   RO         1354    .ARM.Collect$$libinit$$0000001B  c_w.l(libinit2.o)
    0x080001c8   0x00000000   Code   RO         1356    .ARM.Collect$$libinit$$0000001D  c_w.l(libinit2.o)
    0x080001c8   0x00000000   Code   RO         1358    .ARM.Collect$$libinit$$0000001F  c_w.l(libinit2.o)
    0x080001c8   0x00000000   Code   RO         1360    .ARM.Collect$$libinit$$00000021  c_w.l(libinit2.o)
    0x080001c8   0x00000000   Code   RO         1362    .ARM.Collect$$libinit$$00000023  c_w.l(libinit2.o)
    0x080001c8   0x00000000   Code   RO         1364    .ARM.Collect$$libinit$$00000025  c_w.l(libinit2.o)
    0x080001c8   0x00000000   Code   RO         1368    .ARM.Collect$$libinit$$0000002C  c_w.l(libinit2.o)
    0x080001c8   0x00000000   Code   RO         1370    .ARM.Collect$$libinit$$0000002E  c_w.l(libinit2.o)
    0x080001c8   0x00000000   Code   RO         1372    .ARM.Collect$$libinit$$00000030  c_w.l(libinit2.o)
    0x080001c8   0x00000000   Code   RO         1374    .ARM.Collect$$libinit$$00000032  c_w.l(libinit2.o)
    0x080001c8   0x00000002   Code   RO         1375    .ARM.Collect$$libinit$$00000033  c_w.l(libinit2.o)
    0x080001ca   0x00000002   Code   RO         1409    .ARM.Collect$$libshutdown$$00000000  c_w.l(libshutdown.o)
    0x080001cc   0x00000000   Code   RO         1418    .ARM.Collect$$libshutdown$$00000002  c_w.l(libshutdown2.o)
    0x080001cc   0x00000000   Code   RO         1420    .ARM.Collect$$libshutdown$$00000004  c_w.l(libshutdown2.o)
    0x080001cc   0x00000000   Code   RO         1423    .ARM.Collect$$libshutdown$$00000007  c_w.l(libshutdown2.o)
    0x080001cc   0x00000000   Code   RO         1426    .ARM.Collect$$libshutdown$$0000000A  c_w.l(libshutdown2.o)
    0x080001cc   0x00000000   Code   RO         1428    .ARM.Collect$$libshutdown$$0000000C  c_w.l(libshutdown2.o)
    0x080001cc   0x00000000   Code   RO         1431    .ARM.Collect$$libshutdown$$0000000F  c_w.l(libshutdown2.o)
    0x080001cc   0x00000002   Code   RO         1432    .ARM.Collect$$libshutdown$$00000010  c_w.l(libshutdown2.o)
    0x080001ce   0x00000000   Code   RO         1166    .ARM.Collect$$rtentry$$00000000  c_w.l(__rtentry.o)
    0x080001ce   0x00000000   Code   RO         1244    .ARM.Collect$$rtentry$$00000002  c_w.l(__rtentry2.o)
    0x080001ce   0x00000006   Code   RO         1256    .ARM.Collect$$rtentry$$00000004  c_w.l(__rtentry4.o)
    0x080001d4   0x00000000   Code   RO         1246    .ARM.Collect$$rtentry$$00000009  c_w.l(__rtentry2.o)
    0x080001d4   0x00000004   Code   RO         1247    .ARM.Collect$$rtentry$$0000000A  c_w.l(__rtentry2.o)
    0x080001d8   0x00000000   Code   RO         1249    .ARM.Collect$$rtentry$$0000000C  c_w.l(__rtentry2.o)
    0x080001d8   0x00000008   Code   RO         1250    .ARM.Collect$$rtentry$$0000000D  c_w.l(__rtentry2.o)
    0x080001e0   0x00000002   Code   RO         1380    .ARM.Collect$$rtexit$$00000000  c_w.l(rtexit.o)
    0x080001e2   0x00000000   Code   RO         1389    .ARM.Collect$$rtexit$$00000002  c_w.l(rtexit2.o)
    0x080001e2   0x00000004   Code   RO         1390    .ARM.Collect$$rtexit$$00000003  c_w.l(rtexit2.o)
    0x080001e6   0x00000006   Code   RO         1391    .ARM.Collect$$rtexit$$00000004  c_w.l(rtexit2.o)
    0x080001ec   0x000001e0   Code   RO           17    .text               system_stm32f10x.o
    0x080003cc   0x00000040   Code   RO           81  * .text               startup_stm32f10x_md.o
    0x0800040c   0x0000003a   Code   RO           85    .text               delay.o
    0x08000446   0x00000002   PAD
    0x08000448   0x000001f8   Code   RO          124    .text               led.o
    0x08000640   0x00000770   Code   RO          210    .text               mpu6050.o
    0x08000db0   0x00000114   Code   RO          255    .text               motors.o
    0x08000ec4   0x00000244   Code   RO          267    .text               nrf24l01.o
    0x08001108   0x00000038   Code   RO          293    .text               spi.o
    0x08001140   0x00000264   Code   RO          305    .text               stmflash.o
    0x080013a4   0x000000e4   Code   RO          320    .text               uart1.o
    0x08001488   0x00000244   Code   RO          343    .text               battery.o
    0x080016cc   0x00000664   Code   RO          360    .text               ms5611.o
    0x08001d30   0x000003d4   Code   RO          379    .text               i2c.o
    0x08002104   0x00000594   Code   RO          394    .text               init_config.o
    0x08002698   0x000002f0   Code   RO          416    .text               interrupt_config.o
    0x08002988   0x00000ae8   Code   RO          471    .text               nrf24.o
    0x08003470   0x000001d8   Code   RO          493    .text               main.o
    0x08003648   0x000000ac   Code   RO          579    .text               stm32f10x_it.o
    0x080036f4   0x0000025c   Code   RO          597    .text               imu.o
    0x08003950   0x0000033c   Code   RO          620    .text               altitude.o
    0x08003c8c   0x00000aec   Code   RO          644    .text               filter.o
    0x08004778   0x00000398   Code   RO          682    .text               configtable.o
    0x08004b10   0x00000fc0   Code   RO          706    .text               imuso3.o
    0x08005ad0   0x00000184   Code   RO          738    .text               failsafe.o
    0x08005c54   0x000000dc   Code   RO          767    .text               misc.o
    0x08005d30   0x0000035c   Code   RO          779    .text               stm32f10x_gpio.o
    0x0800608c   0x000003a4   Code   RO          791    .text               stm32f10x_rcc.o
    0x08006430   0x00000e1a   Code   RO          805    .text               stm32f10x_tim.o
    0x0800724a   0x00000002   PAD
    0x0800724c   0x00000408   Code   RO          817    .text               stm32f10x_usart.o
    0x08007654   0x00000408   Code   RO          829    .text               stm32f10x_i2c.o
    0x08007a5c   0x0000030c   Code   RO          841    .text               stm32f10x_spi.o
    0x08007d68   0x000005bc   Code   RO          865    .text               stm32f10x_flash.o
    0x08008324   0x0000044e   Code   RO          877    .text               stm32f10x_adc.o
    0x08008772   0x00000002   PAD
    0x08008774   0x00000ac0   Code   RO          889    .text               control.o
    0x08009234   0x00000364   Code   RO          931    .text               receivedata.o
    0x08009598   0x00000002   Code   RO          963    .text               c_w.l(use_no_semi_2.o)
    0x0800959a   0x00000002   PAD
    0x0800959c   0x00000018   Code   RO          967    .text               c_w.l(noretval__2printf.o)
    0x080095b4   0x0000004e   Code   RO          971    .text               c_w.l(_printf_pad.o)
    0x08009602   0x00000002   PAD
    0x08009604   0x00000078   Code   RO          973    .text               c_w.l(_printf_dec.o)
    0x0800967c   0x00000058   Code   RO          978    .text               c_w.l(_printf_hex_int.o)
    0x080096d4   0x0000010e   Code   RO         1004    .text               c_w.l(__printf_wp.o)
    0x080097e2   0x0000008a   Code   RO         1020    .text               c_w.l(rt_memcpy_v6.o)
    0x0800986c   0x00000064   Code   RO         1022    .text               c_w.l(rt_memcpy_w.o)
    0x080098d0   0x00000006   Code   RO         1024    .text               c_w.l(heapauxi.o)
    0x080098d6   0x00000002   Code   RO         1164    .text               c_w.l(use_no_semi.o)
    0x080098d8   0x00000016   Code   RO         1167    .text               c_w.l(_rserrno.o)
    0x080098ee   0x000000b2   Code   RO         1169    .text               c_w.l(_printf_intcommon.o)
    0x080099a0   0x0000041a   Code   RO         1171    .text               c_w.l(_printf_fp_dec.o)
    0x08009dba   0x00000002   PAD
    0x08009dbc   0x00000024   Code   RO         1173    .text               c_w.l(_printf_char_file.o)
    0x08009de0   0x00000008   Code   RO         1261    .text               c_w.l(rt_locale_intlibspace.o)
    0x08009de8   0x00000008   Code   RO         1266    .text               c_w.l(rt_errno_addr_intlibspace.o)
    0x08009df0   0x0000008a   Code   RO         1268    .text               c_w.l(lludiv10.o)
    0x08009e7a   0x00000002   PAD
    0x08009e7c   0x00000030   Code   RO         1270    .text               c_w.l(_printf_char_common.o)
    0x08009eac   0x00000080   Code   RO         1272    .text               c_w.l(_printf_fp_infnan.o)
    0x08009f2c   0x000000dc   Code   RO         1274    .text               c_w.l(bigflt0.o)
    0x0800a008   0x00000008   Code   RO         1299    .text               c_w.l(ferror.o)
    0x0800a010   0x00000008   Code   RO         1314    .text               c_w.l(libspace.o)
    0x0800a018   0x0000004a   Code   RO         1317    .text               c_w.l(sys_stackheap_outer.o)
    0x0800a062   0x00000012   Code   RO         1321    .text               c_w.l(exit.o)
    0x0800a074   0x00000080   Code   RO         1323    .text               c_w.l(strcmpv7m.o)
    0x0800a0f4   0x0000003e   Code   RO         1277    CL$$btod_d2e        c_w.l(btod.o)
    0x0800a132   0x00000046   Code   RO         1279    CL$$btod_d2e_denorm_low  c_w.l(btod.o)
    0x0800a178   0x00000060   Code   RO         1278    CL$$btod_d2e_norm_op1  c_w.l(btod.o)
    0x0800a1d8   0x00000338   Code   RO         1287    CL$$btod_div_common  c_w.l(btod.o)
    0x0800a510   0x000000c6   Code   RO         1284    CL$$btod_e2e        c_w.l(btod.o)
    0x0800a5d6   0x00000028   Code   RO         1281    CL$$btod_ediv       c_w.l(btod.o)
    0x0800a5fe   0x00000028   Code   RO         1280    CL$$btod_emul       c_w.l(btod.o)
    0x0800a626   0x00000244   Code   RO         1286    CL$$btod_mult_common  c_w.l(btod.o)
    0x0800a86a   0x00000028   Code   RO         1310    i.__ARM_fpclassify  m_ws.l(fpclassify.o)
    0x0800a892   0x00000026   Code   RO         1223    i.__ARM_fpclassifyf  m_ws.l(fpclassifyf.o)
    0x0800a8b8   0x00000014   Code   RO          655    i.__ARM_isinff      filter.o
    0x0800a8cc   0x0000000e   Code   RO          660    i.__ARM_isnanf      filter.o
    0x0800a8da   0x000000aa   Code   RO         1312    i.__kernel_poly     m_ws.l(poly.o)
    0x0800a984   0x00000006   Code   RO         1210    i.__mathlib_dbl_infnan  m_ws.l(dunder.o)
    0x0800a98a   0x00000004   Code   RO         1211    i.__mathlib_dbl_infnan2  m_ws.l(dunder.o)
    0x0800a98e   0x00000002   PAD
    0x0800a990   0x00000010   Code   RO         1215    i.__mathlib_dbl_underflow  m_ws.l(dunder.o)
    0x0800a9a0   0x0000000a   Code   RO         1225    i.__mathlib_flt_divzero  m_ws.l(funder.o)
    0x0800a9aa   0x00000006   Code   RO         1226    i.__mathlib_flt_infnan  m_ws.l(funder.o)
    0x0800a9b0   0x00000004   Code   RO         1227    i.__mathlib_flt_infnan2  m_ws.l(funder.o)
    0x0800a9b4   0x00000008   Code   RO         1228    i.__mathlib_flt_invalid  m_ws.l(funder.o)
    0x0800a9bc   0x0000000a   Code   RO         1229    i.__mathlib_flt_overflow  m_ws.l(funder.o)
    0x0800a9c6   0x0000000a   Code   RO         1231    i.__mathlib_flt_underflow  m_ws.l(funder.o)
    0x0800a9d0   0x00000168   Code   RO         1240    i.__mathlib_rredf2  m_ws.l(rredf.o)
    0x0800ab38   0x0000000e   Code   RO         1006    i._is_digit         c_w.l(__printf_wp.o)
    0x0800ab46   0x00000002   PAD
    0x0800ab48   0x00000124   Code   RO         1091    i.asinf             m_ws.l(asinf.o)
    0x0800ac6c   0x00000220   Code   RO         1200    i.atan              m_ws.l(atan.o)
    0x0800ae8c   0x00000180   Code   RO         1099    i.atan2             m_ws.l(atan2.o)
    0x0800b00c   0x0000025c   Code   RO         1107    i.atan2f            m_ws.l(atan2f.o)
    0x0800b268   0x0000017c   Code   RO         1115    i.cosf              m_ws.l(cosf.o)
    0x0800b3e4   0x00000620   Code   RO         1123    i.powf              m_ws.l(powf.o)
    0x0800ba04   0x00000188   Code   RO         1133    i.sinf              m_ws.l(sinf.o)
    0x0800bb8c   0x0000004c   Code   RO         1141    i.sqrt              m_ws.l(sqrt.o)
    0x0800bbd8   0x0000002c   Code   RO         1149    i.sqrtf             m_ws.l(sqrtf.o)
    0x0800bc04   0x00000174   Code   RO         1157    i.tanf              m_ws.l(tanf.o)
    0x0800bd78   0x0000002c   Code   RO         1304    locale$$code        c_w.l(lc_numeric_c.o)
    0x0800bda4   0x00000062   Code   RO         1028    x$fpl$d2f           fz_ws.l(d2f.o)
    0x0800be06   0x00000002   PAD
    0x0800be08   0x00000150   Code   RO         1030    x$fpl$dadd          fz_ws.l(daddsub_clz.o)
    0x0800bf58   0x00000010   Code   RO         1376    x$fpl$dcheck1       fz_ws.l(dcheck1.o)
    0x0800bf68   0x00000018   Code   RO         1176    x$fpl$dcmpinf       fz_ws.l(dcmpi.o)
    0x0800bf80   0x000002b0   Code   RO         1037    x$fpl$ddiv          fz_ws.l(ddiv.o)
    0x0800c230   0x0000002e   Code   RO         1041    x$fpl$dflt          fz_ws.l(dflt_clz.o)
    0x0800c25e   0x00000002   PAD
    0x0800c260   0x00000078   Code   RO         1046    x$fpl$dleqf         fz_ws.l(dleqf.o)
    0x0800c2d8   0x00000154   Code   RO         1048    x$fpl$dmul          fz_ws.l(dmul.o)
    0x0800c42c   0x0000009c   Code   RO         1178    x$fpl$dnaninf       fz_ws.l(dnaninf.o)
    0x0800c4c8   0x0000000c   Code   RO         1180    x$fpl$dretinf       fz_ws.l(dretinf.o)
    0x0800c4d4   0x0000006c   Code   RO         1050    x$fpl$drleqf        fz_ws.l(drleqf.o)
    0x0800c540   0x00000016   Code   RO         1031    x$fpl$drsb          fz_ws.l(daddsub_clz.o)
    0x0800c556   0x00000002   PAD
    0x0800c558   0x000001cc   Code   RO         1182    x$fpl$dsqrt         fz_ws.l(dsqrt_noumaal.o)
    0x0800c724   0x000001d4   Code   RO         1032    x$fpl$dsub          fz_ws.l(daddsub_clz.o)
    0x0800c8f8   0x00000056   Code   RO         1052    x$fpl$f2d           fz_ws.l(f2d.o)
    0x0800c94e   0x00000002   PAD
    0x0800c950   0x000000c4   Code   RO         1054    x$fpl$fadd          fz_ws.l(faddsub_clz.o)
    0x0800ca14   0x0000000c   Code   RO         1306    x$fpl$fcheck1       fz_ws.l(fcheck1.o)
    0x0800ca20   0x00000018   Code   RO         1184    x$fpl$fcmpinf       fz_ws.l(fcmpi.o)
    0x0800ca38   0x00000184   Code   RO         1061    x$fpl$fdiv          fz_ws.l(fdiv.o)
    0x0800cbbc   0x00000068   Code   RO         1064    x$fpl$feqf          fz_ws.l(feqf.o)
    0x0800cc24   0x00000036   Code   RO         1066    x$fpl$ffix          fz_ws.l(ffix.o)
    0x0800cc5a   0x00000002   PAD
    0x0800cc5c   0x00000052   Code   RO         1067    x$fpl$ffixr         fz_ws.l(ffix.o)
    0x0800ccae   0x00000002   PAD
    0x0800ccb0   0x0000003e   Code   RO         1070    x$fpl$ffixu         fz_ws.l(ffixu.o)
    0x0800ccee   0x00000002   PAD
    0x0800ccf0   0x00000030   Code   RO         1075    x$fpl$fflt          fz_ws.l(fflt_clz.o)
    0x0800cd20   0x00000060   Code   RO         1080    x$fpl$ffltll        fz_ws.l(ffltll_clz.o)
    0x0800cd80   0x00000026   Code   RO         1074    x$fpl$ffltu         fz_ws.l(fflt_clz.o)
    0x0800cda6   0x00000002   PAD
    0x0800cda8   0x00000068   Code   RO         1082    x$fpl$fleqf         fz_ws.l(fleqf.o)
    0x0800ce10   0x00000102   Code   RO         1084    x$fpl$fmul          fz_ws.l(fmul.o)
    0x0800cf12   0x0000008c   Code   RO         1186    x$fpl$fnaninf       fz_ws.l(fnaninf.o)
    0x0800cf9e   0x0000000a   Code   RO         1188    x$fpl$fretinf       fz_ws.l(fretinf.o)
    0x0800cfa8   0x00000062   Code   RO         1086    x$fpl$frleqf        fz_ws.l(frleqf.o)
    0x0800d00a   0x00000002   PAD
    0x0800d00c   0x00000060   Code   RO         1190    x$fpl$frnd          fz_ws.l(frnd.o)
    0x0800d06c   0x00000014   Code   RO         1055    x$fpl$frsb          fz_ws.l(faddsub_clz.o)
    0x0800d080   0x00000110   Code   RO         1192    x$fpl$fsqrt         fz_ws.l(fsqrt.o)
    0x0800d190   0x000000ea   Code   RO         1056    x$fpl$fsub          fz_ws.l(faddsub_clz.o)
    0x0800d27a   0x00000004   Code   RO         1088    x$fpl$printf1       fz_ws.l(printf1.o)
    0x0800d27e   0x00000064   Code   RO         1378    x$fpl$retnan        fz_ws.l(retnan.o)
    0x0800d2e2   0x0000005c   Code   RO         1308    x$fpl$scalbn        fz_ws.l(scalbn.o)
    0x0800d33e   0x0000004c   Code   RO         1196    x$fpl$scalbnf       fz_ws.l(scalbnf.o)
    0x0800d38a   0x00000030   Code   RO         1386    x$fpl$trapveneer    fz_ws.l(trapv.o)
    0x0800d3ba   0x00000000   Code   RO         1198    x$fpl$usenofp       fz_ws.l(usenofp.o)
    0x0800d3ba   0x00000002   PAD
    0x0800d3bc   0x00000024   Data   RO          708    .constdata          imuso3.o
    0x0800d3e0   0x00000028   Data   RO          979    .constdata          c_w.l(_printf_hex_int.o)
    0x0800d408   0x00000140   Data   RO         1124    .constdata          m_ws.l(powf.o)
    0x0800d548   0x00000098   Data   RO         1201    .constdata          m_ws.l(atan.o)
    0x0800d5e0   0x00000008   Data   RO         1239    .constdata          m_ws.l(qnan.o)
    0x0800d5e8   0x00000020   Data   RO         1241    .constdata          m_ws.l(rredf.o)
    0x0800d608   0x00000094   Data   RO         1275    .constdata          c_w.l(bigflt0.o)
    0x0800d69c   0x00000046   Data   RO          211    .conststring        mpu6050.o
    0x0800d6e2   0x00000002   PAD
    0x0800d6e4   0x00000020   Data   RO         1455    Region$$Table       anon$$obj.o
    0x0800d704   0x0000001c   Data   RO         1303    locale$$data        c_w.l(lc_numeric_c.o)


    Execution Region ER_RW (Base: 0x20000000, Size: 0x000002cc, Max: 0xffffffff, ABSOLUTE, COMPRESSED[0x00000054])

    Base Addr    Size         Type   Attr      Idx    E Section Name        Object

    0x20000000   0x00000014   Data   RW           18    .data               system_stm32f10x.o
    0x20000014   0x00000002   Data   RW          125    .data               led.o
    0x20000016   0x00000002   PAD
    0x20000018   0x00000008   Data   RW          212    .data               mpu6050.o
    0x20000020   0x00000005   Data   RW          269    .data               nrf24l01.o
    0x20000025   0x00000003   PAD
    0x20000028   0x00000008   Data   RW          322    .data               uart1.o
    0x20000030   0x00000001   Data   RW          344    .data               battery.o
    0x20000031   0x00000003   PAD
    0x20000034   0x0000003c   Data   RW          362    .data               ms5611.o
    0x20000070   0x00000001   Data   RW          395    .data               init_config.o
    0x20000071   0x00000003   PAD
    0x20000074   0x00000015   Data   RW          417    .data               interrupt_config.o
    0x20000089   0x00000007   PAD
    0x20000090   0x00000024   Data   RW          472    .data               nrf24.o
    0x200000b4   0x00000003   Data   RW          495    .data               main.o
    0x200000b7   0x00000001   PAD
    0x200000b8   0x00000008   Data   RW          580    .data               stm32f10x_it.o
    0x200000c0   0x00000007   Data   RW          599    .data               imu.o
    0x200000c7   0x00000001   PAD
    0x200000c8   0x00000020   Data   RW          622    .data               altitude.o
    0x200000e8   0x000000c0   Data   RW          645    .data               filter.o
    0x200001a8   0x00000001   Data   RW          684    .data               configtable.o
    0x200001a9   0x00000003   PAD
    0x200001ac   0x00000056   Data   RW          709    .data               imuso3.o
    0x20000202   0x00000002   PAD
    0x20000204   0x0000000c   Data   RW          739    .data               failsafe.o
    0x20000210   0x0000000c   Data   RW          754    .data               globalvariables.o
    0x2000021c   0x00000014   Data   RW          792    .data               stm32f10x_rcc.o
    0x20000230   0x0000007c   Data   RW          892    .data               control.o
    0x200002ac   0x00000020   Data   RW          934    .data               receivedata.o


    Execution Region ER_ZI (Base: 0x200002cc, Size: 0x000012ec, Max: 0xffffffff, ABSOLUTE)

    Base Addr    Size         Type   Attr      Idx    E Section Name        Object

    0x200002cc   0x00000040   Zero   RW          268    .bss                nrf24l01.o
    0x2000030c   0x00000400   Zero   RW          306    .bss                stmflash.o
    0x2000070c   0x00000418   Zero   RW          321    .bss                uart1.o
    0x20000b24   0x0000000c   Zero   RW          361    .bss                ms5611.o
    0x20000b30   0x0000003c   Zero   RW          494    .bss                main.o
    0x20000b6c   0x000000b4   Zero   RW          598    .bss                imu.o
    0x20000c20   0x00000048   Zero   RW          621    .bss                altitude.o
    0x20000c68   0x000000a0   Zero   RW          683    .bss                configtable.o
    0x20000d08   0x00000018   Zero   RW          707    .bss                imuso3.o
    0x20000d20   0x00000064   Zero   RW          753    .bss                globalvariables.o
    0x20000d84   0x000001a4   Zero   RW          890    .bss                control.o
    0x20000f28   0x00000030   Zero   RW          932    .bss                receivedata.o
    0x20000f58   0x00000060   Zero   RW         1315    .bss                c_w.l(libspace.o)
    0x20000fb8   0x00000200   Zero   RW           79    HEAP                startup_stm32f10x_md.o
    0x200011b8   0x00000400   Zero   RW           78    STACK               startup_stm32f10x_md.o


==============================================================================

Image component sizes


      Code (inc. data)   RO Data    RW Data    ZI Data      Debug   Object Name

       828         74          0         32         72       2899   altitude.o
       580         82          0          1          0       1416   battery.o
       920        180          0          1        160       2928   configtable.o
      2752        348          0        124        420       8725   control.o
         0          0          0          0          0       4540   core_cm3.o
        58          0          0          0          0     213020   delay.o
       388         66          0         12          0       1197   failsafe.o
      2830        248          0        192          0       7400   filter.o
         0          0          0         12        100       1953   globalvariables.o
       980         18          0          0          0       2606   i2c.o
       604         54          0          7        180       3013   imu.o
      4032        276         36         86         24       4503   imuso3.o
      1428         64          0          1          0      18005   init_config.o
       752        324          0         21          0       2155   interrupt_config.o
       504         38          0          2          0       1169   led.o
       472         58          0          3         60       1626   main.o
       220         22          0          0          0       1701   misc.o
       276          6          0          0          0       1507   motors.o
      1904         98         70          8          0       3536   mpu6050.o
      1636        178          0         60         12       4705   ms5611.o
      2792         60          0         36          0      14864   nrf24.o
       580         68          0          5         64       3620   nrf24l01.o
       868        104          0         32         48       2876   receivedata.o
        56          6          0          0          0        509   spi.o
        64         26        236          0       1536        788   startup_stm32f10x_md.o
      1102         26          0          0          0      10941   stm32f10x_adc.o
      1468         34          0          0          0       8106   stm32f10x_flash.o
       860         38          0          0          0       5637   stm32f10x_gpio.o
      1032         20          0          0          0       9127   stm32f10x_i2c.o
       172         12          0          8          0       2509   stm32f10x_it.o
       932         36          0         20          0       8784   stm32f10x_rcc.o
       780         14          0          0          0       6514   stm32f10x_spi.o
      3610         88          0          0          0      22744   stm32f10x_tim.o
      1032         22          0          0          0       8356   stm32f10x_usart.o
       612         52          0          0       1024       3939   stmflash.o
       480         38          0         20          0      66203   system_stm32f10x.o
       228         20          0          8       1048       4808   uart1.o

    ----------------------------------------------------------------------
     37838       2798        376        716       4748     468929   Object Totals
         0          0         32          0          0          0   (incl. Generated)
         6          0          2         25          0          0   (incl. Padding)

    ----------------------------------------------------------------------

      Code (inc. data)   RO Data    RW Data    ZI Data      Debug   Library Member Name

        90          0          0          0          0          0   __dczerorl2.o
         8          0          0          0          0         68   __main.o
       284          0          0          0          0        156   __printf_wp.o
         0          0          0          0          0          0   __rtentry.o
        12          0          0          0          0          0   __rtentry2.o
         6          0          0          0          0          0   __rtentry4.o
        52          8          0          0          0          0   __scatter.o
        28          0          0          0          0          0   __scatter_zi.o
        48          6          0          0          0         96   _printf_char_common.o
        36          4          0          0          0         80   _printf_char_file.o
         6          0          0          0          0          0   _printf_d.o
       120         16          0          0          0         92   _printf_dec.o
         6          0          0          0          0          0   _printf_f.o
      1050          0          0          0          0        216   _printf_fp_dec.o
       128         16          0          0          0         84   _printf_fp_infnan.o
        88          4         40          0          0         88   _printf_hex_int.o
       178          0          0          0          0         88   _printf_intcommon.o
        78          0          0          0          0        108   _printf_pad.o
         0          0          0          0          0          0   _printf_percent.o
         4          0          0          0          0          0   _printf_percent_end.o
         6          0          0          0          0          0   _printf_x.o
        22          0          0          0          0        100   _rserrno.o
       220          4        148          0          0         96   bigflt0.o
      1910        128          0          0          0        672   btod.o
        18          0          0          0          0         80   exit.o
         8          0          0          0          0         68   ferror.o
         6          0          0          0          0        152   heapauxi.o
        44         10         28          0          0         76   lc_numeric_c.o
         2          0          0          0          0          0   libinit.o
        18          0          0          0          0          0   libinit2.o
         2          0          0          0          0          0   libshutdown.o
         2          0          0          0          0          0   libshutdown2.o
         8          4          0          0         96         68   libspace.o
       138          0          0          0          0         80   lludiv10.o
        24          4          0          0          0         84   noretval__2printf.o
         8          4          0          0          0         68   rt_errno_addr_intlibspace.o
         8          4          0          0          0         68   rt_locale_intlibspace.o
       138          0          0          0          0         68   rt_memcpy_v6.o
       100          0          0          0          0         80   rt_memcpy_w.o
         2          0          0          0          0          0   rtexit.o
        10          0          0          0          0          0   rtexit2.o
       128          0          0          0          0         68   strcmpv7m.o
        74          0          0          0          0         80   sys_stackheap_outer.o
         2          0          0          0          0         68   use_no_semi.o
         2          0          0          0          0         68   use_no_semi_2.o
        98          4          0          0          0         92   d2f.o
       826         16          0          0          0        348   daddsub_clz.o
        16          4          0          0          0         68   dcheck1.o
        24          0          0          0          0         68   dcmpi.o
       688        140          0          0          0        208   ddiv.o
        46          0          0          0          0         68   dflt_clz.o
       120          4          0          0          0         92   dleqf.o
       340         12          0          0          0        104   dmul.o
       156          4          0          0          0         92   dnaninf.o
        12          0          0          0          0         68   dretinf.o
       108          0          0          0          0         80   drleqf.o
       460         56          0          0          0        120   dsqrt_noumaal.o
        86          4          0          0          0         84   f2d.o
       450          8          0          0          0        236   faddsub_clz.o
        12          4          0          0          0         68   fcheck1.o
        24          0          0          0          0         68   fcmpi.o
       388         76          0          0          0         96   fdiv.o
       104          4          0          0          0         84   feqf.o
       136          8          0          0          0        168   ffix.o
        62          4          0          0          0         84   ffixu.o
        86          0          0          0          0        136   fflt_clz.o
        96          0          0          0          0         84   ffltll_clz.o
       104          4          0          0          0         84   fleqf.o
       258          4          0          0          0         84   fmul.o
       140          4          0          0          0         84   fnaninf.o
        10          0          0          0          0         68   fretinf.o
        98          0          0          0          0         68   frleqf.o
        96          4          0          0          0         76   frnd.o
       272        100          0          0          0         88   fsqrt.o
         4          0          0          0          0         68   printf1.o
       100          0          0          0          0         68   retnan.o
        92          0          0          0          0         68   scalbn.o
        76          0          0          0          0         68   scalbnf.o
        48          0          0          0          0         68   trapv.o
         0          0          0          0          0          0   usenofp.o
       292         38          0          0          0        120   asinf.o
       544         70        152          0          0        124   atan.o
       384         38          0          0          0        144   atan2.o
       604         76          0          0          0        116   atan2f.o
       380         52          0          0          0        124   cosf.o
        26          6          0          0          0        204   dunder.o
        40          0          0          0          0         68   fpclassify.o
        38          0          0          0          0         68   fpclassifyf.o
        48          0          0          0          0        408   funder.o
       170          0          0          0          0         96   poly.o
      1568         80        320          0          0        224   powf.o
         0          0          8          0          0          0   qnan.o
       360         16         32          0          0         88   rredf.o
       392         54          0          0          0        124   sinf.o
        76          0          0          0          0         84   sqrt.o
        44          0          0          0          0         80   sqrtf.o
       372         58          0          0          0        124   tanf.o

    ----------------------------------------------------------------------
     16130       1164        728          0         96       8724   Library Totals
        34          0          0          0          0          0   (incl. Padding)

    ----------------------------------------------------------------------

      Code (inc. data)   RO Data    RW Data    ZI Data      Debug   Library Name

      5122        212        216          0         96       3120   c_w.l
      5636        464          0          0          0       3408   fz_ws.l
      5338        488        512          0          0       2196   m_ws.l

    ----------------------------------------------------------------------
     16130       1164        728          0         96       8724   Library Totals

    ----------------------------------------------------------------------

==============================================================================


      Code (inc. data)   RO Data    RW Data    ZI Data      Debug   

     53968       3962       1104        716       4844     469485   Grand Totals
     53968       3962       1104         84       4844     469485   ELF Image Totals (compressed)
     53968       3962       1104         84          0          0   ROM Totals

==============================================================================

    Total RO  Size (Code + RO Data)                55072 (  53.78kB)
    Total RW  Size (RW Data + ZI Data)              5560 (   5.43kB)
    Total ROM Size (Code + RO Data + RW Data)      55156 (  53.86kB)

==============================================================================

