Component: ARM Compiler 5.06 update 2 (build 183) Tool: armlink [4d35b7]

==============================================================================

Section Cross References

    system_stm32f10x.o(.text) refers to system_stm32f10x.o(.data) for SystemCoreClock
    startup_stm32f10x_md.o(STACK) refers (Special) to heapauxi.o(.text) for __use_two_region_memory
    startup_stm32f10x_md.o(HEAP) refers (Special) to heapauxi.o(.text) for __use_two_region_memory
    startup_stm32f10x_md.o(RESET) refers (Special) to heapauxi.o(.text) for __use_two_region_memory
    startup_stm32f10x_md.o(RESET) refers to startup_stm32f10x_md.o(STACK) for __initial_sp
    startup_stm32f10x_md.o(RESET) refers to startup_stm32f10x_md.o(.text) for Reset_Handler
    startup_stm32f10x_md.o(RESET) refers to stm32f10x_it.o(.text) for NMI_Handler
    startup_stm32f10x_md.o(RESET) refers to interrupt_config.o(.text) for TIM3_IRQHandler
    startup_stm32f10x_md.o(.text) refers (Special) to heapauxi.o(.text) for __use_two_region_memory
    startup_stm32f10x_md.o(.text) refers to system_stm32f10x.o(.text) for SystemInit
    startup_stm32f10x_md.o(.text) refers to __main.o(!!!main) for __main
    startup_stm32f10x_md.o(.text) refers to startup_stm32f10x_md.o(HEAP) for Heap_Mem
    startup_stm32f10x_md.o(.text) refers to startup_stm32f10x_md.o(STACK) for Stack_Mem
    delay.o(.text) refers to stm32f10x_it.o(.text) for micros
    led.o(.text) refers to stm32f10x_gpio.o(.text) for GPIO_WriteBit
    led.o(.text) refers to delay.o(.text) for delay_ms
    led.o(.text) refers to led.o(.data) for LED_status
    led.o(.text) refers to globalvariables.o(.data) for warnings
    led.o(.text) refers to imu.o(.bss) for imu
    mpu6050.o(.text) refers to _printf_pad.o(.text) for _printf_pre_padding
    mpu6050.o(.text) refers to _printf_percent.o(.ARM.Collect$$_printf_percent$$00000000) for _printf_percent
    mpu6050.o(.text) refers to _printf_f.o(.ARM.Collect$$_printf_percent$$00000003) for _printf_f
    mpu6050.o(.text) refers to printf1.o(x$fpl$printf1) for _printf_fp_dec
    mpu6050.o(.text) refers to i2c.o(.text) for I2C_read
    mpu6050.o(.text) refers to delay.o(.text) for delay_ms
    mpu6050.o(.text) refers to fflt_clz.o(x$fpl$fflt) for __aeabi_i2f
    mpu6050.o(.text) refers to fmul.o(x$fpl$fmul) for __aeabi_fmul
    mpu6050.o(.text) refers to f2d.o(x$fpl$f2d) for __aeabi_f2d
    mpu6050.o(.text) refers to noretval__2printf.o(.text) for __2printf
    mpu6050.o(.text) refers to stm32f10x_it.o(.text) for micros
    mpu6050.o(.text) refers to stm32f10x_gpio.o(.text) for GPIO_ReadInputDataBit
    mpu6050.o(.text) refers to faddsub_clz.o(x$fpl$fadd) for __aeabi_fadd
    mpu6050.o(.text) refers to mpu6050.o(.data) for _sc_gyro
    mpu6050.o(.text) refers to globalvariables.o(.bss) for INSData
    mpu6050.o(.text) refers to mpu6050.o(.conststring) for .conststring
    mpu6050.o(.text) refers to fflt_clz.o(x$fpl$ffltu) for __aeabi_ui2f
    mpu6050.o(.text) refers to fdiv.o(x$fpl$fdiv) for __aeabi_fdiv
    mpu6050.o(.text) refers to powf.o(i.powf) for powf
    mpu6050.o(.text) refers to faddsub_clz.o(x$fpl$fsub) for __aeabi_fsub
    mpu6050.o(.text) refers to frleqf.o(x$fpl$frleqf) for __aeabi_cfrcmple
    motors.o(.text) refers to faddsub_clz.o(x$fpl$fadd) for __aeabi_fadd
    motors.o(.text) refers to faddsub_clz.o(x$fpl$fsub) for __aeabi_fsub
    motors.o(.text) refers to ffix.o(x$fpl$ffix) for __aeabi_f2iz
    spi.o(.text) refers to stm32f10x_spi.o(.text) for SPI_I2S_GetFlagStatus
    stmflash.o(.text) refers to noretval__2printf.o(.text) for __2printf
    stmflash.o(.text) refers to delay.o(.text) for delay_us
    stmflash.o(.text) refers to stmflash.o(.bss) for STMFLASH_BUF
    uart1.o(.text) refers (Special) to use_no_semi_2.o(.text) for __use_no_semihosting
    uart1.o(.text) refers to stm32f10x_usart.o(.text) for USART_ITConfig
    uart1.o(.text) refers to uart1.o(.bss) for UartTxbuf
    uart1.o(.bss) refers (Special) to use_no_semi_2.o(.text) for __use_no_semihosting
    uart1.o(.data) refers (Special) to use_no_semi_2.o(.text) for __use_no_semihosting
    battery.o(.text) refers to stm32f10x_adc.o(.text) for ADC_SoftwareStartConvCmd
    battery.o(.text) refers to fflt_clz.o(x$fpl$ffltu) for __aeabi_ui2f
    battery.o(.text) refers to f2d.o(x$fpl$f2d) for __aeabi_f2d
    battery.o(.text) refers to dmul.o(x$fpl$dmul) for __aeabi_dmul
    battery.o(.text) refers to d2f.o(x$fpl$d2f) for __aeabi_d2f
    battery.o(.text) refers to daddsub_clz.o(x$fpl$drsb) for __aeabi_drsub
    battery.o(.text) refers to ddiv.o(x$fpl$ddiv) for __aeabi_ddiv
    battery.o(.text) refers to daddsub_clz.o(x$fpl$dadd) for __aeabi_dadd
    battery.o(.text) refers to fmul.o(x$fpl$fmul) for __aeabi_fmul
    battery.o(.text) refers to ffix.o(x$fpl$ffix) for __aeabi_f2iz
    battery.o(.text) refers to globalvariables.o(.data) for Battery
    ms5611.o(.text) refers to i2c.o(.text) for I2C_read
[...]
    NRF24_startTransmitter                   0x08002a01   Thumb Code   104  nrf24.o(.text)
    NRF24_closeReadingPipe                   0x08002a69   Thumb Code    28  nrf24.o(.text)
    NRF24_startReceiver                      0x08002a85   Thumb Code   134  nrf24.o(.text)
    NRF24_openWritingPipe                    0x08002b0b   Thumb Code    28  nrf24.o(.text)
    NRF24_reopenWritingPipe                  0x08002b27   Thumb Code    16  nrf24.o(.text)
    NRF24_openReadingPipe                    0x08002b37   Thumb Code   130  nrf24.o(.text)
    NRF24_read                               0x08002bb9   Thumb Code    24  nrf24.o(.text)
    NRF24_writeAckPayload                    0x08002bd1   Thumb Code    76  nrf24.o(.text)
    NRF24_directWrite                        0x08002c1d   Thumb Code    46  nrf24.o(.text)
    NRF24_write                              0x08002c4b   Thumb Code   176  nrf24.o(.text)
    NRF24_safeWrite                          0x08002cfb   Thumb Code   234  nrf24.o(.text)
    NRF24_TXStandby                          0x08002de5   Thumb Code   122  nrf24.o(.text)
    NRF24_RXMatch                            0x08002e5f   Thumb Code    90  nrf24.o(.text)
    main                                     0x08002ebd   Thumb Code   422  main.o(.text)
    NMI_Handler                              0x0800309d   Thumb Code     2  stm32f10x_it.o(.text)
    HardFault_Handler                        0x0800309f   Thumb Code     4  stm32f10x_it.o(.text)
    MemManage_Handler                        0x080030a3   Thumb Code     4  stm32f10x_it.o(.text)
    BusFault_Handler                         0x080030a7   Thumb Code     4  stm32f10x_it.o(.text)
    UsageFault_Handler                       0x080030ab   Thumb Code     4  stm32f10x_it.o(.text)
    SVC_Handler                              0x080030af   Thumb Code     2  stm32f10x_it.o(.text)
    DebugMon_Handler                         0x080030b1   Thumb Code     2  stm32f10x_it.o(.text)
    PendSV_Handler                           0x080030b3   Thumb Code     2  stm32f10x_it.o(.text)
    cycleCounterInit                         0x080030b5   Thumb Code    26  stm32f10x_it.o(.text)
    SysTick_Handler                          0x080030cf   Thumb Code    12  stm32f10x_it.o(.text)
    micros                                   0x080030db   Thumb Code    58  stm32f10x_it.o(.text)
    DelayMs                                  0x08003115   Thumb Code    34  stm32f10x_it.o(.text)
    millis                                   0x08003137   Thumb Code     6  stm32f10x_it.o(.text)
    IMU_Init                                 0x08003149   Thumb Code    62  imu.o(.text)
    IMU_Calibrate                            0x08003187   Thumb Code   260  imu.o(.text)
    ReadIMUSensorHandle                      0x0800328b   Thumb Code   114  imu.o(.text)
    IMUCheck                                 0x080032fd   Thumb Code   114  imu.o(.text)
    AltitudeCombineThread                    0x0800349d   Thumb Code   460  altitude.o(.text)
    LPF2pSetCutoffFreq_1                     0x080036a5   Thumb Code   262  filter.o(.text)
    LPF2pApply_1                             0x080037ab   Thumb Code   162  filter.o(.text)
    LPF2pSetCutoffFreq_2                     0x0800384d   Thumb Code   262  filter.o(.text)
    LPF2pApply_2                             0x08003953   Thumb Code   162  filter.o(.text)
    LPF2pSetCutoffFreq_3                     0x080039f5   Thumb Code   356  filter.o(.text)
    LPF2pApply_3                             0x08003b59   Thumb Code   162  filter.o(.text)
    LPF2pSetCutoffFreq_4                     0x08003bfb   Thumb Code   262  filter.o(.text)
    LPF2pApply_4                             0x08003d01   Thumb Code   162  filter.o(.text)
    LPF2pSetCutoffFreq_5                     0x08003da3   Thumb Code   262  filter.o(.text)
    LPF2pApply_5                             0x08003ea9   Thumb Code   268  filter.o(.text)
    LPF2pSetCutoffFreq_6                     0x08003fb5   Thumb Code   262  filter.o(.text)
    LPF2pApply_6                             0x080040bb   Thumb Code   162  filter.o(.text)
    TableResetDefault                        0x080041b1   Thumb Code    14  configtable.o(.text)
    TableReadEEPROM                          0x080041bf   Thumb Code    16  configtable.o(.text)
    TableWriteEEPROM                         0x080041cf   Thumb Code    16  configtable.o(.text)
    TableToParam                             0x080041df   Thumb Code    28  configtable.o(.text)
    ParamToTable                             0x080041fb   Thumb Code    16  configtable.o(.text)
    ParamSetDefault                          0x0800420b   Thumb Code     2  configtable.o(.text)
    LoadParamsFromEEPROM                     0x0800420d   Thumb Code    46  configtable.o(.text)
    SaveParamsToEEPROM                       0x0800423b   Thumb Code    12  configtable.o(.text)
    IMUSO3Thread                             0x08004deb   Thumb Code  1066  imuso3.o(.text)
    FailSafe                                 0x08005245   Thumb Code    90  failsafe.o(.text)
    AutoLand                                 0x0800529f   Thumb Code     2  failsafe.o(.text)
    FlightModeFSMSimple                      0x080052a1   Thumb Code     2  failsafe.o(.text)
    BatteryCheck                             0x080052b5   Thumb Code   286  safetychecks.o(.text)
    RCCheck                                  0x080053d3   Thumb Code    34  safetychecks.o(.text)
    RCCheckRst                               0x080053f5   Thumb Code    12  safetychecks.o(.text)
    TiltCheck                                0x08005401   Thumb Code    42  safetychecks.o(.text)
    AltitudeCheck                            0x0800542b   Thumb Code    44  safetychecks.o(.text)
    NVIC_PriorityGroupConfig                 0x08005491   Thumb Code    10  misc.o(.text)
    NVIC_Init                                0x0800549b   Thumb Code   100  misc.o(.text)
    NVIC_SetVectorTable                      0x080054ff   Thumb Code    14  misc.o(.text)
    NVIC_SystemLPConfig                      0x0800550d   Thumb Code    34  misc.o(.text)
    SysTick_CLKSourceConfig                  0x0800552f   Thumb Code    40  misc.o(.text)
    GPIO_DeInit                              0x0800556d   Thumb Code   172  stm32f10x_gpio.o(.text)
    GPIO_AFIODeInit                          0x08005619   Thumb Code    20  stm32f10x_gpio.o(.text)
    GPIO_Init                                0x0800562d   Thumb Code   278  stm32f10x_gpio.o(.text)
    GPIO_StructInit                          0x08005743   Thumb Code    16  stm32f10x_gpio.o(.text)
    GPIO_ReadInputDataBit                    0x08005753   Thumb Code    18  stm32f10x_gpio.o(.text)
    GPIO_ReadInputData                       0x08005765   Thumb Code     8  stm32f10x_gpio.o(.text)
    GPIO_ReadOutputDataBit                   0x0800576d   Thumb Code    18  stm32f10x_gpio.o(.text)
    GPIO_ReadOutputData                      0x0800577f   Thumb Code     8  stm32f10x_gpio.o(.text)
    GPIO_SetBits                             0x08005787   Thumb Code     4  stm32f10x_gpio.o(.text)
    GPIO_ResetBits                           0x0800578b   Thumb Code     4  stm32f10x_gpio.o(.text)
    GPIO_WriteBit                            0x0800578f   Thumb Code    10  stm32f10x_gpio.o(.text)
    GPIO_Write                               0x08005799   Thumb Code     4  stm32f10x_gpio.o(.text)
    GPIO_PinLockConfig                       0x0800579d   Thumb Code    18  stm32f10x_gpio.o(.text)
    GPIO_EventOutputConfig                   0x080057af   Thumb Code    26  stm32f10x_gpio.o(.text)
    GPIO_EventOutputCmd                      0x080057c9   Thumb Code     6  stm32f10x_gpio.o(.text)
    GPIO_PinRemapConfig                      0x080057cf   Thumb Code   138  stm32f10x_gpio.o(.text)
    GPIO_EXTILineConfig                      0x08005859   Thumb Code    66  stm32f10x_gpio.o(.text)
    GPIO_ETH_MediaInterfaceConfig            0x0800589b   Thumb Code     8  stm32f10x_gpio.o(.text)
    RCC_DeInit                               0x080058c9   Thumb Code    64  stm32f10x_rcc.o(.text)
    RCC_HSEConfig                            0x08005909   Thumb Code    70  stm32f10x_rcc.o(.text)
    RCC_GetFlagStatus                        0x0800594f   Thumb Code    56  stm32f10x_rcc.o(.text)
    RCC_WaitForHSEStartUp                    0x08005987   Thumb Code    56  stm32f10x_rcc.o(.text)
    RCC_AdjustHSICalibrationValue            0x080059bf   Thumb Code    20  stm32f10x_rcc.o(.text)
    RCC_HSICmd                               0x080059d3   Thumb Code     6  stm32f10x_rcc.o(.text)
    RCC_PLLConfig                            0x080059d9   Thumb Code    24  stm32f10x_rcc.o(.text)
    RCC_PLLCmd                               0x080059f1   Thumb Code     6  stm32f10x_rcc.o(.text)
    RCC_SYSCLKConfig                         0x080059f7   Thumb Code    18  stm32f10x_rcc.o(.text)
    RCC_GetSYSCLKSource                      0x08005a09   Thumb Code    10  stm32f10x_rcc.o(.text)
    RCC_HCLKConfig                           0x08005a13   Thumb Code    18  stm32f10x_rcc.o(.text)
    RCC_PCLK1Config                          0x08005a25   Thumb Code    18  stm32f10x_rcc.o(.text)
    RCC_PCLK2Config                          0x08005a37   Thumb Code    20  stm32f10x_rcc.o(.text)
    RCC_ITConfig                             0x08005a4b   Thumb Code    26  stm32f10x_rcc.o(.text)
    RCC_USBCLKConfig                         0x08005a65   Thumb Code     8  stm32f10x_rcc.o(.text)
    RCC_ADCCLKConfig                         0x08005a6d   Thumb Code    18  stm32f10x_rcc.o(.text)
    RCC_LSEConfig                            0x08005a7f   Thumb Code    50  stm32f10x_rcc.o(.text)
    RCC_LSICmd                               0x08005ab1   Thumb Code     6  stm32f10x_rcc.o(.text)
    RCC_RTCCLKConfig                         0x08005ab7   Thumb Code    12  stm32f10x_rcc.o(.text)
    RCC_RTCCLKCmd                            0x08005ac3   Thumb Code     8  stm32f10x_rcc.o(.text)
    RCC_GetClocksFreq                        0x08005acb   Thumb Code   192  stm32f10x_rcc.o(.text)
    RCC_AHBPeriphClockCmd                    0x08005b8b   Thumb Code    26  stm32f10x_rcc.o(.text)
    RCC_APB2PeriphClockCmd                   0x08005ba5   Thumb Code    26  stm32f10x_rcc.o(.text)
    RCC_APB1PeriphClockCmd                   0x08005bbf   Thumb Code    26  stm32f10x_rcc.o(.text)
    RCC_APB2PeriphResetCmd                   0x08005bd9   Thumb Code    26  stm32f10x_rcc.o(.text)
    RCC_APB1PeriphResetCmd                   0x08005bf3   Thumb Code    26  stm32f10x_rcc.o(.text)
    RCC_BackupResetCmd                       0x08005c0d   Thumb Code     8  stm32f10x_rcc.o(.text)
    RCC_ClockSecuritySystemCmd               0x08005c15   Thumb Code     6  stm32f10x_rcc.o(.text)
    RCC_MCOConfig                            0x08005c1b   Thumb Code     6  stm32f10x_rcc.o(.text)
    RCC_ClearFlag                            0x08005c21   Thumb Code    14  stm32f10x_rcc.o(.text)
    RCC_GetITStatus                          0x08005c2f   Thumb Code    20  stm32f10x_rcc.o(.text)
    RCC_ClearITPendingBit                    0x08005c43   Thumb Code     6  stm32f10x_rcc.o(.text)
    TIM_DeInit                               0x08005c6d   Thumb Code   424  stm32f10x_tim.o(.text)
    TIM_TimeBaseInit                         0x08005e15   Thumb Code   122  stm32f10x_tim.o(.text)
    TIM_OC1Init                              0x08005e8f   Thumb Code   132  stm32f10x_tim.o(.text)
    TIM_OC2Init                              0x08005f13   Thumb Code   154  stm32f10x_tim.o(.text)
    TIM_OC3Init                              0x08005fad   Thumb Code   150  stm32f10x_tim.o(.text)
    TIM_OC4Init                              0x08006043   Thumb Code   182  stm32f10x_tim.o(.text)
    TIM_SetIC4Prescaler                      0x080060f9   Thumb Code    26  stm32f10x_tim.o(.text)
    TIM_SetIC3Prescaler                      0x08006195   Thumb Code    18  stm32f10x_tim.o(.text)
    TIM_SetIC2Prescaler                      0x08006221   Thumb Code    26  stm32f10x_tim.o(.text)
    TIM_SetIC1Prescaler                      0x080062bd   Thumb Code    18  stm32f10x_tim.o(.text)
    TIM_ICInit                               0x0800633b   Thumb Code   150  stm32f10x_tim.o(.text)
    TIM_PWMIConfig                           0x080063d1   Thumb Code   124  stm32f10x_tim.o(.text)
    TIM_BDTRConfig                           0x0800644d   Thumb Code    32  stm32f10x_tim.o(.text)
    TIM_TimeBaseStructInit                   0x0800646d   Thumb Code    18  stm32f10x_tim.o(.text)
    TIM_OCStructInit                         0x0800647f   Thumb Code    20  stm32f10x_tim.o(.text)
    TIM_ICStructInit                         0x08006493   Thumb Code    18  stm32f10x_tim.o(.text)
    TIM_BDTRStructInit                       0x080064a5   Thumb Code    40  stm32f10x_tim.o(.text)
    TIM_Cmd                                  0x080064cd   Thumb Code    24  stm32f10x_tim.o(.text)
    TIM_CtrlPWMOutputs                       0x080064e5   Thumb Code    30  stm32f10x_tim.o(.text)
    TIM_ITConfig                             0x08006503   Thumb Code    18  stm32f10x_tim.o(.text)
    TIM_GenerateEvent                        0x08006515   Thumb Code     4  stm32f10x_tim.o(.text)
    TIM_DMAConfig                            0x08006519   Thumb Code    10  stm32f10x_tim.o(.text)
    TIM_DMACmd                               0x08006523   Thumb Code    18  stm32f10x_tim.o(.text)
    TIM_InternalClockConfig                  0x08006535   Thumb Code    12  stm32f10x_tim.o(.text)
    TIM_SelectInputTrigger                   0x08006541   Thumb Code    18  stm32f10x_tim.o(.text)
    TIM_ITRxExternalClockConfig              0x08006553   Thumb Code    24  stm32f10x_tim.o(.text)
    TIM_TIxExternalClockConfig               0x0800656b   Thumb Code    62  stm32f10x_tim.o(.text)
    TIM_ETRConfig                            0x080065a9   Thumb Code    28  stm32f10x_tim.o(.text)
    TIM_ETRClockMode1Config                  0x080065c5   Thumb Code    54  stm32f10x_tim.o(.text)
    TIM_ETRClockMode2Config                  0x080065fb   Thumb Code    32  stm32f10x_tim.o(.text)
    TIM_PrescalerConfig                      0x0800661b   Thumb Code     6  stm32f10x_tim.o(.text)
    TIM_CounterModeConfig                    0x08006621   Thumb Code    18  stm32f10x_tim.o(.text)
    TIM_EncoderInterfaceConfig               0x08006633   Thumb Code    66  stm32f10x_tim.o(.text)
    TIM_ForcedOC1Config                      0x08006675   Thumb Code    18  stm32f10x_tim.o(.text)
    TIM_ForcedOC2Config                      0x08006687   Thumb Code    26  stm32f10x_tim.o(.text)
    TIM_ForcedOC3Config                      0x080066a1   Thumb Code    18  stm32f10x_tim.o(.text)
    TIM_ForcedOC4Config                      0x080066b3   Thumb Code    26  stm32f10x_tim.o(.text)
    TIM_ARRPreloadConfig                     0x080066cd   Thumb Code    24  stm32f10x_tim.o(.text)
    TIM_SelectCOM                            0x080066e5   Thumb Code    24  stm32f10x_tim.o(.text)
    TIM_SelectCCDMA                          0x080066fd   Thumb Code    24  stm32f10x_tim.o(.text)
    TIM_CCPreloadControl                     0x08006715   Thumb Code    24  stm32f10x_tim.o(.text)
    TIM_OC1PreloadConfig                     0x0800672d   Thumb Code    18  stm32f10x_tim.o(.text)
    TIM_OC2PreloadConfig                     0x0800673f   Thumb Code    26  stm32f10x_tim.o(.text)
    TIM_OC3PreloadConfig                     0x08006759   Thumb Code    18  stm32f10x_tim.o(.text)
    TIM_OC4PreloadConfig                     0x0800676b   Thumb Code    26  stm32f10x_tim.o(.text)
    TIM_OC1FastConfig                        0x08006785   Thumb Code    18  stm32f10x_tim.o(.text)
    TIM_OC2FastConfig                        0x08006797   Thumb Code    26  stm32f10x_tim.o(.text)
    TIM_OC3FastConfig                        0x080067b1   Thumb Code    18  stm32f10x_tim.o(.text)
    TIM_OC4FastConfig                        0x080067c3   Thumb Code    26  stm32f10x_tim.o(.text)
    TIM_ClearOC1Ref                          0x080067dd   Thumb Code    18  stm32f10x_tim.o(.text)
    TIM_ClearOC2Ref                          0x080067ef   Thumb Code    24  stm32f10x_tim.o(.text)
    TIM_ClearOC3Ref                          0x08006807   Thumb Code    18  stm32f10x_tim.o(.text)
    TIM_ClearOC4Ref                          0x08006819   Thumb Code    24  stm32f10x_tim.o(.text)
    TIM_OC1PolarityConfig                    0x08006831   Thumb Code    18  stm32f10x_tim.o(.text)
    TIM_OC1NPolarityConfig                   0x08006843   Thumb Code    18  stm32f10x_tim.o(.text)
    TIM_OC2PolarityConfig                    0x08006855   Thumb Code    26  stm32f10x_tim.o(.text)
    TIM_OC2NPolarityConfig                   0x0800686f   Thumb Code    26  stm32f10x_tim.o(.text)
    TIM_OC3PolarityConfig                    0x08006889   Thumb Code    26  stm32f10x_tim.o(.text)
    TIM_OC3NPolarityConfig                   0x080068a3   Thumb Code    26  stm32f10x_tim.o(.text)
    TIM_OC4PolarityConfig                    0x080068bd   Thumb Code    26  stm32f10x_tim.o(.text)
    TIM_CCxCmd                               0x080068d7   Thumb Code    30  stm32f10x_tim.o(.text)
    TIM_CCxNCmd                              0x080068f5   Thumb Code    30  stm32f10x_tim.o(.text)
    TIM_SelectOCxM                           0x08006913   Thumb Code    82  stm32f10x_tim.o(.text)
    TIM_UpdateDisableConfig                  0x08006965   Thumb Code    24  stm32f10x_tim.o(.text)
    TIM_UpdateRequestConfig                  0x0800697d   Thumb Code    24  stm32f10x_tim.o(.text)
    TIM_SelectHallSensor                     0x08006995   Thumb Code    24  stm32f10x_tim.o(.text)
    TIM_SelectOnePulseMode                   0x080069ad   Thumb Code    18  stm32f10x_tim.o(.text)
    TIM_SelectOutputTrigger                  0x080069bf   Thumb Code    18  stm32f10x_tim.o(.text)
    TIM_SelectSlaveMode                      0x080069d1   Thumb Code    18  stm32f10x_tim.o(.text)
    TIM_SelectMasterSlaveMode                0x080069e3   Thumb Code    18  stm32f10x_tim.o(.text)
    TIM_SetCounter                           0x080069f5   Thumb Code     4  stm32f10x_tim.o(.text)
    TIM_SetAutoreload                        0x080069f9   Thumb Code     4  stm32f10x_tim.o(.text)
    TIM_SetCompare1                          0x080069fd   Thumb Code     4  stm32f10x_tim.o(.text)
    TIM_SetCompare2                          0x08006a01   Thumb Code     4  stm32f10x_tim.o(.text)
    TIM_SetCompare3                          0x08006a05   Thumb Code     4  stm32f10x_tim.o(.text)
    TIM_SetCompare4                          0x08006a09   Thumb Code     6  stm32f10x_tim.o(.text)
    TIM_SetClockDivision                     0x08006a0f   Thumb Code    18  stm32f10x_tim.o(.text)
    TIM_GetCapture1                          0x08006a21   Thumb Code     6  stm32f10x_tim.o(.text)
    TIM_GetCapture2                          0x08006a27   Thumb Code     6  stm32f10x_tim.o(.text)
    TIM_GetCapture3                          0x08006a2d   Thumb Code     6  stm32f10x_tim.o(.text)
    TIM_GetCapture4                          0x08006a33   Thumb Code     8  stm32f10x_tim.o(.text)
    TIM_GetCounter                           0x08006a3b   Thumb Code     6  stm32f10x_tim.o(.text)
    TIM_GetPrescaler                         0x08006a41   Thumb Code     6  stm32f10x_tim.o(.text)
    TIM_GetFlagStatus                        0x08006a47   Thumb Code    18  stm32f10x_tim.o(.text)
    TIM_ClearFlag                            0x08006a59   Thumb Code     6  stm32f10x_tim.o(.text)
    TIM_GetITStatus                          0x08006a5f   Thumb Code    34  stm32f10x_tim.o(.text)
    TIM_ClearITPendingBit                    0x08006a81   Thumb Code     6  stm32f10x_tim.o(.text)
    USART_DeInit                             0x08006a89   Thumb Code   134  stm32f10x_usart.o(.text)
    USART_Init                               0x08006b0f   Thumb Code   210  stm32f10x_usart.o(.text)
    USART_StructInit                         0x08006be1   Thumb Code    24  stm32f10x_usart.o(.text)
    USART_ClockInit                          0x08006bf9   Thumb Code    34  stm32f10x_usart.o(.text)
    USART_ClockStructInit                    0x08006c1b   Thumb Code    12  stm32f10x_usart.o(.text)
    USART_Cmd                                0x08006c27   Thumb Code    24  stm32f10x_usart.o(.text)
    USART_ITConfig                           0x08006c3f   Thumb Code    74  stm32f10x_usart.o(.text)
    USART_DMACmd                             0x08006c89   Thumb Code    18  stm32f10x_usart.o(.text)
    USART_SetAddress                         0x08006c9b   Thumb Code    18  stm32f10x_usart.o(.text)
    USART_WakeUpConfig                       0x08006cad   Thumb Code    18  stm32f10x_usart.o(.text)
    USART_ReceiverWakeUpCmd                  0x08006cbf   Thumb Code    24  stm32f10x_usart.o(.text)
    USART_LINBreakDetectLengthConfig         0x08006cd7   Thumb Code    18  stm32f10x_usart.o(.text)
    USART_LINCmd                             0x08006ce9   Thumb Code    24  stm32f10x_usart.o(.text)
    USART_SendData                           0x08006d01   Thumb Code     8  stm32f10x_usart.o(.text)
    USART_ReceiveData                        0x08006d09   Thumb Code    10  stm32f10x_usart.o(.text)
    USART_SendBreak                          0x08006d13   Thumb Code    10  stm32f10x_usart.o(.text)
    USART_SetGuardTime                       0x08006d1d   Thumb Code    16  stm32f10x_usart.o(.text)
    USART_SetPrescaler                       0x08006d2d   Thumb Code    16  stm32f10x_usart.o(.text)
    USART_SmartCardCmd                       0x08006d3d   Thumb Code    24  stm32f10x_usart.o(.text)
    USART_SmartCardNACKCmd                   0x08006d55   Thumb Code    24  stm32f10x_usart.o(.text)
    USART_HalfDuplexCmd                      0x08006d6d   Thumb Code    24  stm32f10x_usart.o(.text)
    USART_OverSampling8Cmd                   0x08006d85   Thumb Code    22  stm32f10x_usart.o(.text)
    USART_OneBitMethodCmd                    0x08006d9b   Thumb Code    24  stm32f10x_usart.o(.text)
    USART_IrDAConfig                         0x08006db3   Thumb Code    18  stm32f10x_usart.o(.text)
    USART_IrDACmd                            0x08006dc5   Thumb Code    24  stm32f10x_usart.o(.text)
    USART_GetFlagStatus                      0x08006ddd   Thumb Code    26  stm32f10x_usart.o(.text)
    USART_ClearFlag                          0x08006df7   Thumb Code    18  stm32f10x_usart.o(.text)
    USART_GetITStatus                        0x08006e09   Thumb Code    84  stm32f10x_usart.o(.text)
    USART_ClearITPendingBit                  0x08006e5d   Thumb Code    52  stm32f10x_usart.o(.text)
    I2C_DeInit                               0x08006e91   Thumb Code    50  stm32f10x_i2c.o(.text)
    I2C_Init                                 0x08006ec3   Thumb Code   222  stm32f10x_i2c.o(.text)
    I2C_StructInit                           0x08006fa1   Thumb Code    30  stm32f10x_i2c.o(.text)
    I2C_Cmd                                  0x08006fbf   Thumb Code    24  stm32f10x_i2c.o(.text)
    I2C_DMACmd                               0x08006fd7   Thumb Code    24  stm32f10x_i2c.o(.text)
    I2C_DMALastTransferCmd                   0x08006fef   Thumb Code    24  stm32f10x_i2c.o(.text)
    I2C_GenerateSTART                        0x08007007   Thumb Code    24  stm32f10x_i2c.o(.text)
    I2C_GenerateSTOP                         0x0800701f   Thumb Code    24  stm32f10x_i2c.o(.text)
    I2C_AcknowledgeConfig                    0x08007037   Thumb Code    24  stm32f10x_i2c.o(.text)
    I2C_OwnAddress2Config                    0x0800704f   Thumb Code    22  stm32f10x_i2c.o(.text)
    I2C_DualAddressCmd                       0x08007065   Thumb Code    24  stm32f10x_i2c.o(.text)
    I2C_GeneralCallCmd                       0x0800707d   Thumb Code    24  stm32f10x_i2c.o(.text)
    I2C_ITConfig                             0x08007095   Thumb Code    18  stm32f10x_i2c.o(.text)
    I2C_SendData                             0x080070a7   Thumb Code     4  stm32f10x_i2c.o(.text)
    I2C_ReceiveData                          0x080070ab   Thumb Code     8  stm32f10x_i2c.o(.text)
    I2C_Send7bitAddress                      0x080070b3   Thumb Code    18  stm32f10x_i2c.o(.text)
    I2C_ReadRegister                         0x080070c5   Thumb Code    22  stm32f10x_i2c.o(.text)
    I2C_SoftwareResetCmd                     0x080070db   Thumb Code    22  stm32f10x_i2c.o(.text)
    I2C_NACKPositionConfig                   0x080070f1   Thumb Code    28  stm32f10x_i2c.o(.text)
    I2C_SMBusAlertConfig                     0x0800710d   Thumb Code    28  stm32f10x_i2c.o(.text)
    I2C_TransmitPEC                          0x08007129   Thumb Code    24  stm32f10x_i2c.o(.text)
    I2C_PECPositionConfig                    0x08007141   Thumb Code    28  stm32f10x_i2c.o(.text)
    I2C_CalculatePEC                         0x0800715d   Thumb Code    24  stm32f10x_i2c.o(.text)
    I2C_GetPEC                               0x08007175   Thumb Code     8  stm32f10x_i2c.o(.text)
    I2C_ARPCmd                               0x0800717d   Thumb Code    24  stm32f10x_i2c.o(.text)
    I2C_StretchClockCmd                      0x08007195   Thumb Code    24  stm32f10x_i2c.o(.text)
    I2C_FastModeDutyCycleConfig              0x080071ad   Thumb Code    28  stm32f10x_i2c.o(.text)
    I2C_CheckEvent                           0x080071c9   Thumb Code    42  stm32f10x_i2c.o(.text)
    I2C_GetLastEvent                         0x080071f3   Thumb Code    26  stm32f10x_i2c.o(.text)
    I2C_GetFlagStatus                        0x0800720d   Thumb Code    58  stm32f10x_i2c.o(.text)
    I2C_ClearFlag                            0x08007247   Thumb Code    12  stm32f10x_i2c.o(.text)
    I2C_GetITStatus                          0x08007253   Thumb Code    58  stm32f10x_i2c.o(.text)
    I2C_ClearITPendingBit                    0x0800728d   Thumb Code    12  stm32f10x_i2c.o(.text)
    SPI_I2S_DeInit                           0x08007299   Thumb Code    76  stm32f10x_spi.o(.text)
    SPI_Init                                 0x080072e5   Thumb Code    60  stm32f10x_spi.o(.text)
    I2S_Init                                 0x08007321   Thumb Code   226  stm32f10x_spi.o(.text)
    SPI_StructInit                           0x08007403   Thumb Code    24  stm32f10x_spi.o(.text)
    I2S_StructInit                           0x0800741b   Thumb Code    20  stm32f10x_spi.o(.text)
    SPI_Cmd                                  0x0800742f   Thumb Code    24  stm32f10x_spi.o(.text)
    I2S_Cmd                                  0x08007447   Thumb Code    24  stm32f10x_spi.o(.text)
    SPI_I2S_ITConfig                         0x0800745f   Thumb Code    32  stm32f10x_spi.o(.text)
    SPI_I2S_DMACmd                           0x0800747f   Thumb Code    18  stm32f10x_spi.o(.text)
    SPI_I2S_SendData                         0x08007491   Thumb Code     4  stm32f10x_spi.o(.text)
    SPI_I2S_ReceiveData                      0x08007495   Thumb Code     6  stm32f10x_spi.o(.text)
    SPI_NSSInternalSoftwareConfig            0x0800749b   Thumb Code    30  stm32f10x_spi.o(.text)
    SPI_SSOutputCmd                          0x080074b9   Thumb Code    24  stm32f10x_spi.o(.text)
    SPI_DataSizeConfig                       0x080074d1   Thumb Code    18  stm32f10x_spi.o(.text)
    SPI_TransmitCRC                          0x080074e3   Thumb Code    10  stm32f10x_spi.o(.text)
    SPI_CalculateCRC                         0x080074ed   Thumb Code    24  stm32f10x_spi.o(.text)
    SPI_GetCRC                               0x08007505   Thumb Code    16  stm32f10x_spi.o(.text)
    SPI_GetCRCPolynomial                     0x08007515   Thumb Code     6  stm32f10x_spi.o(.text)
    SPI_BiDirectionalLineConfig              0x0800751b   Thumb Code    28  stm32f10x_spi.o(.text)
    SPI_I2S_GetFlagStatus                    0x08007537   Thumb Code    18  stm32f10x_spi.o(.text)
    SPI_I2S_ClearFlag                        0x08007549   Thumb Code     6  stm32f10x_spi.o(.text)
    SPI_I2S_GetITStatus                      0x0800754f   Thumb Code    52  stm32f10x_spi.o(.text)
    SPI_I2S_ClearITPendingBit                0x08007583   Thumb Code    20  stm32f10x_spi.o(.text)
    FLASH_SetLatency                         0x080075a5   Thumb Code    18  stm32f10x_flash.o(.text)
    FLASH_HalfCycleAccessCmd                 0x080075b7   Thumb Code    22  stm32f10x_flash.o(.text)
    FLASH_PrefetchBufferCmd                  0x080075cd   Thumb Code    22  stm32f10x_flash.o(.text)
    FLASH_Unlock                             0x080075e3   Thumb Code    12  stm32f10x_flash.o(.text)
    FLASH_UnlockBank1                        0x080075ef   Thumb Code    12  stm32f10x_flash.o(.text)
    FLASH_Lock                               0x080075fb   Thumb Code    14  stm32f10x_flash.o(.text)
    FLASH_LockBank1                          0x08007609   Thumb Code    14  stm32f10x_flash.o(.text)
    FLASH_GetBank1Status                     0x08007617   Thumb Code    48  stm32f10x_flash.o(.text)
    FLASH_WaitForLastOperation               0x08007647   Thumb Code    38  stm32f10x_flash.o(.text)
    FLASH_ErasePage                          0x0800766d   Thumb Code    72  stm32f10x_flash.o(.text)
    FLASH_EraseAllPages                      0x080076b5   Thumb Code    68  stm32f10x_flash.o(.text)
    FLASH_WaitForLastBank1Operation          0x080076f9   Thumb Code    38  stm32f10x_flash.o(.text)
    FLASH_EraseAllBank1Pages                 0x0800771f   Thumb Code    68  stm32f10x_flash.o(.text)
    FLASH_GetReadOutProtectionStatus         0x08007763   Thumb Code    20  stm32f10x_flash.o(.text)
    FLASH_EraseOptionBytes                   0x08007777   Thumb Code   150  stm32f10x_flash.o(.text)
    FLASH_ProgramWord                        0x0800780d   Thumb Code   102  stm32f10x_flash.o(.text)
    FLASH_ProgramHalfWord                    0x08007873   Thumb Code    60  stm32f10x_flash.o(.text)
    FLASH_ProgramOptionByteData              0x080078af   Thumb Code    72  stm32f10x_flash.o(.text)
    FLASH_EnableWriteProtection              0x080078f7   Thumb Code   200  stm32f10x_flash.o(.text)
    FLASH_ReadOutProtection                  0x080079bf   Thumb Code   156  stm32f10x_flash.o(.text)
    FLASH_UserOptionByteConfig               0x08007a5b   Thumb Code    88  stm32f10x_flash.o(.text)
    FLASH_GetUserOptionByte                  0x08007ab3   Thumb Code     8  stm32f10x_flash.o(.text)
    FLASH_GetWriteProtectionOptionByte       0x08007abb   Thumb Code     6  stm32f10x_flash.o(.text)
    FLASH_GetPrefetchBufferStatus            0x08007ac1   Thumb Code    20  stm32f10x_flash.o(.text)
    FLASH_ITConfig                           0x08007ad5   Thumb Code    26  stm32f10x_flash.o(.text)
    FLASH_GetFlagStatus                      0x08007aef   Thumb Code    42  stm32f10x_flash.o(.text)
    FLASH_ClearFlag                          0x08007b19   Thumb Code     6  stm32f10x_flash.o(.text)
    FLASH_GetStatus                          0x08007b1f   Thumb Code    48  stm32f10x_flash.o(.text)
    ADC_DeInit                               0x08007b61   Thumb Code    78  stm32f10x_adc.o(.text)
    ADC_Init                                 0x08007baf   Thumb Code    70  stm32f10x_adc.o(.text)
    ADC_StructInit                           0x08007bf5   Thumb Code    18  stm32f10x_adc.o(.text)
    ADC_Cmd                                  0x08007c07   Thumb Code    22  stm32f10x_adc.o(.text)
    ADC_DMACmd                               0x08007c1d   Thumb Code    22  stm32f10x_adc.o(.text)
    ADC_ITConfig                             0x08007c33   Thumb Code    24  stm32f10x_adc.o(.text)
    ADC_ResetCalibration                     0x08007c4b   Thumb Code    10  stm32f10x_adc.o(.text)
    ADC_GetResetCalibrationStatus            0x08007c55   Thumb Code    20  stm32f10x_adc.o(.text)
    ADC_StartCalibration                     0x08007c69   Thumb Code    10  stm32f10x_adc.o(.text)
    ADC_GetCalibrationStatus                 0x08007c73   Thumb Code    20  stm32f10x_adc.o(.text)
    ADC_SoftwareStartConvCmd                 0x08007c87   Thumb Code    22  stm32f10x_adc.o(.text)
    ADC_GetSoftwareStartConvStatus           0x08007c9d   Thumb Code    20  stm32f10x_adc.o(.text)
    ADC_DiscModeChannelCountConfig           0x08007cb1   Thumb Code    24  stm32f10x_adc.o(.text)
    ADC_DiscModeCmd                          0x08007cc9   Thumb Code    22  stm32f10x_adc.o(.text)
    ADC_RegularChannelConfig                 0x08007cdf   Thumb Code   184  stm32f10x_adc.o(.text)
    ADC_ExternalTrigConvCmd                  0x08007d97   Thumb Code    22  stm32f10x_adc.o(.text)
    ADC_GetConversionValue                   0x08007dad   Thumb Code     8  stm32f10x_adc.o(.text)
    ADC_GetDualModeConversionValue           0x08007db5   Thumb Code     8  stm32f10x_adc.o(.text)
    ADC_AutoInjectedConvCmd                  0x08007dbd   Thumb Code    22  stm32f10x_adc.o(.text)
    ADC_InjectedDiscModeCmd                  0x08007dd3   Thumb Code    22  stm32f10x_adc.o(.text)
    ADC_ExternalTrigInjectedConvConfig       0x08007de9   Thumb Code    16  stm32f10x_adc.o(.text)
    ADC_ExternalTrigInjectedConvCmd          0x08007df9   Thumb Code    22  stm32f10x_adc.o(.text)
    ADC_SoftwareStartInjectedConvCmd         0x08007e0f   Thumb Code    22  stm32f10x_adc.o(.text)
    ADC_GetSoftwareStartInjectedConvCmdStatus 0x08007e25   Thumb Code    20  stm32f10x_adc.o(.text)
    ADC_InjectedChannelConfig                0x08007e39   Thumb Code   130  stm32f10x_adc.o(.text)
    ADC_InjectedSequencerLengthConfig        0x08007ebb   Thumb Code    24  stm32f10x_adc.o(.text)
    ADC_SetInjectedOffset                    0x08007ed3   Thumb Code    20  stm32f10x_adc.o(.text)
    ADC_GetInjectedConversionValue           0x08007ee7   Thumb Code    28  stm32f10x_adc.o(.text)
    ADC_AnalogWatchdogCmd                    0x08007f03   Thumb Code    16  stm32f10x_adc.o(.text)
    ADC_AnalogWatchdogThresholdsConfig       0x08007f13   Thumb Code     6  stm32f10x_adc.o(.text)
    ADC_AnalogWatchdogSingleChannelConfig    0x08007f19   Thumb Code    16  stm32f10x_adc.o(.text)
    ADC_TempSensorVrefintCmd                 0x08007f29   Thumb Code    64  stm32f10x_adc.o(.text)
    ADC_GetFlagStatus                        0x08007f69   Thumb Code    18  stm32f10x_adc.o(.text)
    ADC_ClearFlag                            0x08007f7b   Thumb Code     6  stm32f10x_adc.o(.text)
    ADC_GetITStatus                          0x08007f81   Thumb Code    36  stm32f10x_adc.o(.text)
    ADC_ClearITPendingBit                    0x08007fa5   Thumb Code    10  stm32f10x_adc.o(.text)
    CtrlPIDInit                              0x08007fb1   Thumb Code   172  control.o(.text)
    CtrlAttiRate                             0x0800805d   Thumb Code    92  control.o(.text)
    CtrlAttiAngle                            0x080080b9   Thumb Code    72  control.o(.text)
    CtrlAlti                                 0x08008101   Thumb Code    52  control.o(.text)
    CtrlMotors                               0x08008135   Thumb Code    82  control.o(.text)
    PID_setIntegralSaturation                0x080081e1   Thumb Code     6  pid_aero.o(.text)
    PID_init                                 0x080081e7   Thumb Code   230  pid_aero.o(.text)
    PID_calc                                 0x080082cd   Thumb Code   172  pid_aero.o(.text)
    PID_getKp                                0x08008379   Thumb Code     6  pid_aero.o(.text)
    PID_getKi                                0x0800837f   Thumb Code    68  pid_aero.o(.text)
    PID_getKd                                0x080083c3   Thumb Code   126  pid_aero.o(.text)
    PID_setKp                                0x08008441   Thumb Code     4  pid_aero.o(.text)
    PID_setKi                                0x08008445   Thumb Code    74  pid_aero.o(.text)
    PID_setKd                                0x0800848f   Thumb Code   220  pid_aero.o(.text)
    PID_reset                                0x0800856b   Thumb Code    10  pid_aero.o(.text)
    RCDataProcess                            0x08008585   Thumb Code   274  receivedata.o(.text)
    ReceiveDataFromRC                        0x08008697   Thumb Code    84  receivedata.o(.text)
    alt_KF_init                              0x08008701   Thumb Code    84  altitude_kf.o(.text)
    alt_KF_prediction                        0x08008755   Thumb Code    76  altitude_kf.o(.text)
    alt_KF_update_INS                        0x080087a1   Thumb Code    16  altitude_kf.o(.text)
    alt_KF_update_baro                       0x080087b1   Thumb Code   162  altitude_kf.o(.text)
    alt_KF_update_accel                      0x08008853   Thumb Code   106  altitude_kf.o(.text)
    __use_no_semihosting                     0x080088f9   Thumb Code     2  use_no_semi_2.o(.text)
    __2printf                                0x080088fd   Thumb Code    20  noretval__2printf.o(.text)
    _printf_pre_padding                      0x08008915   Thumb Code    44  _printf_pad.o(.text)
    _printf_post_padding                     0x08008941   Thumb Code    34  _printf_pad.o(.text)
    __printf                                 0x08008963   Thumb Code   270  __printf_wp.o(.text)
    __aeabi_memcpy                           0x08008a71   Thumb Code     0  rt_memcpy_v6.o(.text)
    __rt_memcpy                              0x08008a71   Thumb Code   138  rt_memcpy_v6.o(.text)
    _memcpy_lastbytes                        0x08008ad7   Thumb Code     0  rt_memcpy_v6.o(.text)
    __aeabi_memcpy4                          0x08008afb   Thumb Code     0  rt_memcpy_w.o(.text)
    __aeabi_memcpy8                          0x08008afb   Thumb Code     0  rt_memcpy_w.o(.text)
    __rt_memcpy_w                            0x08008afb   Thumb Code   100  rt_memcpy_w.o(.text)
    _memcpy_lastbytes_aligned                0x08008b43   Thumb Code     0  rt_memcpy_w.o(.text)
    __use_two_region_memory                  0x08008b5f   Thumb Code     2  heapauxi.o(.text)
    __rt_heap_escrow$2region                 0x08008b61   Thumb Code     2  heapauxi.o(.text)
    __rt_heap_expand$2region                 0x08008b63   Thumb Code     2  heapauxi.o(.text)
    __I$use$semihosting                      0x08008b65   Thumb Code     0  use_no_semi.o(.text)
    __use_no_semihosting_swi                 0x08008b65   Thumb Code     2  use_no_semi.o(.text)
    __read_errno                             0x08008b67   Thumb Code    10  _rserrno.o(.text)
    __set_errno                              0x08008b71   Thumb Code    12  _rserrno.o(.text)
    __lib_sel_fp_printf                      0x08008b7d   Thumb Code     2  _printf_fp_dec.o(.text)
    _printf_fp_dec_real                      0x08008d2b   Thumb Code   620  _printf_fp_dec.o(.text)
    _printf_char_file                        0x08008f99   Thumb Code    32  _printf_char_file.o(.text)
    __rt_locale                              0x08008fbd   Thumb Code     8  rt_locale_intlibspace.o(.text)
    __aeabi_errno_addr                       0x08008fc5   Thumb Code     8  rt_errno_addr_intlibspace.o(.text)
    __errno$intlibspace                      0x08008fc5   Thumb Code     0  rt_errno_addr_intlibspace.o(.text)
    __rt_errno_addr$intlibspace              0x08008fc5   Thumb Code     0  rt_errno_addr_intlibspace.o(.text)
    _ll_udiv10                               0x08008fcd   Thumb Code   138  lludiv10.o(.text)
    _printf_char_common                      0x08009063   Thumb Code    32  _printf_char_common.o(.text)
    _printf_fp_infnan                        0x08009089   Thumb Code   112  _printf_fp_infnan.o(.text)
    _btod_etento                             0x08009109   Thumb Code   216  bigflt0.o(.text)
    ferror                                   0x080091e5   Thumb Code     8  ferror.o(.text)
    __user_libspace                          0x080091ed   Thumb Code     8  libspace.o(.text)
    __user_perproc_libspace                  0x080091ed   Thumb Code     0  libspace.o(.text)
    __user_perthread_libspace                0x080091ed   Thumb Code     0  libspace.o(.text)
    __user_setup_stackheap                   0x080091f5   Thumb Code    74  sys_stackheap_outer.o(.text)
    exit                                     0x0800923f   Thumb Code    18  exit.o(.text)
    strcmp                                   0x08009251   Thumb Code   128  strcmpv7m.o(.text)
    _btod_d2e                                0x080092d1   Thumb Code    62  btod.o(CL$$btod_d2e)
    _d2e_denorm_low                          0x0800930f   Thumb Code    70  btod.o(CL$$btod_d2e_denorm_low)
    _d2e_norm_op1                            0x08009355   Thumb Code    96  btod.o(CL$$btod_d2e_norm_op1)
    __btod_div_common                        0x080093b5   Thumb Code   696  btod.o(CL$$btod_div_common)
    _e2e                                     0x080096ed   Thumb Code   198  btod.o(CL$$btod_e2e)
    _btod_ediv                               0x080097b3   Thumb Code    40  btod.o(CL$$btod_ediv)
    _btod_emul                               0x080097db   Thumb Code    40  btod.o(CL$$btod_emul)
    __btod_mult_common                       0x08009803   Thumb Code   580  btod.o(CL$$btod_mult_common)
    __ARM_fpclassify                         0x08009a47   Thumb Code    40  fpclassify.o(i.__ARM_fpclassify)
    __ARM_fpclassifyf                        0x08009a6f   Thumb Code    38  fpclassifyf.o(i.__ARM_fpclassifyf)
    __ARM_isinff                             0x08009a95   Thumb Code    20  filter.o(i.__ARM_isinff)
    __ARM_isnanf                             0x08009aa9   Thumb Code    14  filter.o(i.__ARM_isnanf)
    __kernel_poly                            0x08009ab7   Thumb Code   170  poly.o(i.__kernel_poly)
    __mathlib_dbl_infnan                     0x08009b61   Thumb Code     6  dunder.o(i.__mathlib_dbl_infnan)
    __mathlib_dbl_infnan2                    0x08009b67   Thumb Code     4  dunder.o(i.__mathlib_dbl_infnan2)
    __mathlib_dbl_underflow                  0x08009b6d   Thumb Code    10  dunder.o(i.__mathlib_dbl_underflow)
    __mathlib_flt_divzero                    0x08009b7d   Thumb Code    10  funder.o(i.__mathlib_flt_divzero)
    __mathlib_flt_infnan                     0x08009b87   Thumb Code     6  funder.o(i.__mathlib_flt_infnan)
    __mathlib_flt_infnan2                    0x08009b8d   Thumb Code     4  funder.o(i.__mathlib_flt_infnan2)
    __mathlib_flt_invalid                    0x08009b91   Thumb Code     8  funder.o(i.__mathlib_flt_invalid)
    __mathlib_flt_overflow                   0x08009b99   Thumb Code    10  funder.o(i.__mathlib_flt_overflow)
    __mathlib_flt_underflow                  0x08009ba3   Thumb Code    10  funder.o(i.__mathlib_flt_underflow)
    __mathlib_rredf2                         0x08009bad   Thumb Code   344  rredf.o(i.__mathlib_rredf2)
    _is_digit                                0x08009d15   Thumb Code    14  __printf_wp.o(i._is_digit)
    asinf                                    0x08009d25   Thumb Code   254  asinf.o(i.asinf)
    atan                                     0x08009e49   Thumb Code   474  atan.o(i.atan)
    atan2                                    0x0800a069   Thumb Code   346  atan2.o(i.atan2)
    atan2f                                   0x0800a1e9   Thumb Code   528  atan2f.o(i.atan2f)
    cosf                                     0x0800a445   Thumb Code   328  cosf.o(i.cosf)
    __mathlib_powf                           0x0800a5c1   Thumb Code     0  powf.o(i.powf)
    powf                                     0x0800a5c1   Thumb Code  1548  powf.o(i.powf)
    sinf                                     0x0800abe1   Thumb Code   338  sinf.o(i.sinf)
    sqrt                                     0x0800ad69   Thumb Code    76  sqrt.o(i.sqrt)
    sqrtf                                    0x0800adb5   Thumb Code    44  sqrtf.o(i.sqrtf)
    tanf                                     0x0800ade1   Thumb Code   314  tanf.o(i.tanf)
    _get_lc_numeric                          0x0800af55   Thumb Code    44  lc_numeric_c.o(locale$$code)
    __aeabi_d2f                              0x0800af81   Thumb Code     0  d2f.o(x$fpl$d2f)
    _d2f                                     0x0800af81   Thumb Code    98  d2f.o(x$fpl$d2f)
    __aeabi_dadd                             0x0800afe5   Thumb Code     0  daddsub_clz.o(x$fpl$dadd)
    _dadd                                    0x0800afe5   Thumb Code   332  daddsub_clz.o(x$fpl$dadd)
    __fpl_dcheck_NaN1                        0x0800b135   Thumb Code    10  dcheck1.o(x$fpl$dcheck1)
    __fpl_dcmp_Inf                           0x0800b145   Thumb Code    24  dcmpi.o(x$fpl$dcmpinf)
    __aeabi_ddiv                             0x0800b15d   Thumb Code     0  ddiv.o(x$fpl$ddiv)
    _ddiv                                    0x0800b15d   Thumb Code   552  ddiv.o(x$fpl$ddiv)
    __aeabi_ui2d                             0x0800b40d   Thumb Code     0  dflt_clz.o(x$fpl$dfltu)
    _dfltu                                   0x0800b40d   Thumb Code    38  dflt_clz.o(x$fpl$dfltu)
    __aeabi_cdcmple                          0x0800b435   Thumb Code     0  dleqf.o(x$fpl$dleqf)
    _dcmple                                  0x0800b435   Thumb Code   120  dleqf.o(x$fpl$dleqf)
    __fpl_dcmple_InfNaN                      0x0800b497   Thumb Code     0  dleqf.o(x$fpl$dleqf)
    __aeabi_dmul                             0x0800b4ad   Thumb Code     0  dmul.o(x$fpl$dmul)
    _dmul                                    0x0800b4ad   Thumb Code   332  dmul.o(x$fpl$dmul)
    __fpl_dnaninf                            0x0800b601   Thumb Code   156  dnaninf.o(x$fpl$dnaninf)
    __fpl_dretinf                            0x0800b69d   Thumb Code    12  dretinf.o(x$fpl$dretinf)
    __aeabi_cdrcmple                         0x0800b6a9   Thumb Code     0  drleqf.o(x$fpl$drleqf)
    _drcmple                                 0x0800b6a9   Thumb Code   108  drleqf.o(x$fpl$drleqf)
    __aeabi_drsub                            0x0800b715   Thumb Code     0  daddsub_clz.o(x$fpl$drsb)
    _drsb                                    0x0800b715   Thumb Code    22  daddsub_clz.o(x$fpl$drsb)
    _dsqrt                                   0x0800b72d   Thumb Code   456  dsqrt_noumaal.o(x$fpl$dsqrt)
    __aeabi_dsub                             0x0800b8f9   Thumb Code     0  daddsub_clz.o(x$fpl$dsub)
    _dsub                                    0x0800b8f9   Thumb Code   464  daddsub_clz.o(x$fpl$dsub)
    __aeabi_f2d                              0x0800bacd   Thumb Code     0  f2d.o(x$fpl$f2d)
    _f2d                                     0x0800bacd   Thumb Code    86  f2d.o(x$fpl$f2d)
    __aeabi_fadd                             0x0800bb25   Thumb Code     0  faddsub_clz.o(x$fpl$fadd)
    _fadd                                    0x0800bb25   Thumb Code   196  faddsub_clz.o(x$fpl$fadd)
    __fpl_fcheck_NaN1                        0x0800bbe9   Thumb Code     6  fcheck1.o(x$fpl$fcheck1)
    __fpl_fcmp_Inf                           0x0800bbf5   Thumb Code    24  fcmpi.o(x$fpl$fcmpinf)
    __aeabi_fdiv                             0x0800bc0d   Thumb Code     0  fdiv.o(x$fpl$fdiv)
    _fdiv                                    0x0800bc0d   Thumb Code   384  fdiv.o(x$fpl$fdiv)
    __aeabi_cfcmpeq                          0x0800bd91   Thumb Code     0  feqf.o(x$fpl$feqf)
    _fcmpeq                                  0x0800bd91   Thumb Code   104  feqf.o(x$fpl$feqf)
    __aeabi_f2iz                             0x0800bdf9   Thumb Code     0  ffix.o(x$fpl$ffix)
    _ffix                                    0x0800bdf9   Thumb Code    54  ffix.o(x$fpl$ffix)
    _ffix_r                                  0x0800be31   Thumb Code    82  ffix.o(x$fpl$ffixr)
    __aeabi_i2f                              0x0800be85   Thumb Code     0  fflt_clz.o(x$fpl$fflt)
    _fflt                                    0x0800be85   Thumb Code    48  fflt_clz.o(x$fpl$fflt)
    __aeabi_ul2f                             0x0800beb5   Thumb Code     0  ffltll_clz.o(x$fpl$ffltll)
    _ll_uto_f                                0x0800beb5   Thumb Code     6  ffltll_clz.o(x$fpl$ffltll)
    __aeabi_l2f                              0x0800bebb   Thumb Code     0  ffltll_clz.o(x$fpl$ffltll)
    _ll_sto_f                                0x0800bebb   Thumb Code    90  ffltll_clz.o(x$fpl$ffltll)
    __aeabi_ui2f                             0x0800bf15   Thumb Code     0  fflt_clz.o(x$fpl$ffltu)
    _ffltu                                   0x0800bf15   Thumb Code    38  fflt_clz.o(x$fpl$ffltu)
    __aeabi_cfcmple                          0x0800bf3d   Thumb Code     0  fleqf.o(x$fpl$fleqf)
    _fcmple                                  0x0800bf3d   Thumb Code   104  fleqf.o(x$fpl$fleqf)
    __fpl_fcmple_InfNaN                      0x0800bf8f   Thumb Code     0  fleqf.o(x$fpl$fleqf)
    __aeabi_fmul                             0x0800bfa5   Thumb Code     0  fmul.o(x$fpl$fmul)
    _fmul                                    0x0800bfa5   Thumb Code   258  fmul.o(x$fpl$fmul)
    __fpl_fnaninf                            0x0800c0a7   Thumb Code   140  fnaninf.o(x$fpl$fnaninf)
    __fpl_fretinf                            0x0800c133   Thumb Code    10  fretinf.o(x$fpl$fretinf)
    __aeabi_cfrcmple                         0x0800c13d   Thumb Code     0  frleqf.o(x$fpl$frleqf)
    _frcmple                                 0x0800c13d   Thumb Code    98  frleqf.o(x$fpl$frleqf)
    _frnd                                    0x0800c1a1   Thumb Code    96  frnd.o(x$fpl$frnd)
    __aeabi_frsub                            0x0800c201   Thumb Code     0  faddsub_clz.o(x$fpl$frsb)
    _frsb                                    0x0800c201   Thumb Code    20  faddsub_clz.o(x$fpl$frsb)
    _fsqrt                                   0x0800c215   Thumb Code   272  fsqrt.o(x$fpl$fsqrt)
    __aeabi_fsub                             0x0800c325   Thumb Code     0  faddsub_clz.o(x$fpl$fsub)
    _fsub                                    0x0800c325   Thumb Code   234  faddsub_clz.o(x$fpl$fsub)
    _printf_fp_dec                           0x0800c40f   Thumb Code     4  printf1.o(x$fpl$printf1)
    __fpl_return_NaN                         0x0800c413   Thumb Code   100  retnan.o(x$fpl$retnan)
    __ARM_scalbn                             0x0800c477   Thumb Code    92  scalbn.o(x$fpl$scalbn)
    __ARM_scalbnf                            0x0800c4d3   Thumb Code    76  scalbnf.o(x$fpl$scalbnf)
    __fpl_cmpreturn                          0x0800c51f   Thumb Code    48  trapv.o(x$fpl$trapveneer)
    __I$use$fp                               0x0800c54e   Number         0  usenofp.o(x$fpl$usenofp)
    __mathlib_zero                           0x0800c750   Data           8  qnan.o(.constdata)
    Region$$Table$$Base                      0x0800c854   Number         0  anon$$obj.o(Region$$Table)
    Region$$Table$$Limit                     0x0800c874   Number         0  anon$$obj.o(Region$$Table)
    SystemCoreClock                          0x20000000   Data           4  system_stm32f10x.o(.data)
    AHBPrescTable                            0x20000004   Data          16  system_stm32f10x.o(.data)
    LED_status                               0x20000014   Data           1  led.o(.data)
    LED_Current_Pattern                      0x20000015   Data           1  led.o(.data)
    _sc_gyro                                 0x20000018   Data           4  mpu6050.o(.data)
    _sc_accel                                0x2000001c   Data           4  mpu6050.o(.data)
    __stdout                                 0x20000020   Data           4  uart1.o(.data)
    __stdin                                  0x20000024   Data           4  uart1.o(.data)
    SysClock                                 0x20000044   Data           1  init_config.o(.data)
    loop200HzFlag                            0x20000048   Data           1  interrupt_config.o(.data)
    loop100HzFlag                            0x20000049   Data           1  interrupt_config.o(.data)
    loop50HzFlag                             0x2000004a   Data           1  interrupt_config.o(.data)
    loop20HzFlag                             0x2000004b   Data           1  interrupt_config.o(.data)
    loop10HzFlag                             0x2000004c   Data           1  interrupt_config.o(.data)
    loop200HzCnt                             0x2000004e   Data           2  interrupt_config.o(.data)
    loop100HzCnt                             0x20000050   Data           2  interrupt_config.o(.data)
    loop50HzCnt                              0x20000052   Data           2  interrupt_config.o(.data)
    loop20HzCnt                              0x20000054   Data           2  interrupt_config.o(.data)
    loop10HzCnt                              0x20000056   Data           2  interrupt_config.o(.data)
    hoverThru                                0x20000058   Data           4  interrupt_config.o(.data)
    Udatatmp                                 0x2000005c   Data           1  interrupt_config.o(.data)
    NRF24_payload_size                       0x20000060   Data           1  nrf24.o(.data)
    NRF24_dynamic_payloads_enabled           0x20000061   Data           1  nrf24.o(.data)
    NRF24_tx_address                         0x20000062   Data           5  nrf24.o(.data)
    NRF24_rx_address                         0x20000067   Data           5  nrf24.o(.data)
    NRF24_rx_0_address                       0x2000006c   Data           5  nrf24.o(.data)
    NRF24_addr_width                         0x20000071   Data           1  nrf24.o(.data)
    NRF24_txRxDelay                          0x20000074   Data           4  nrf24.o(.data)
    batCnt                                   0x20000078   Data           2  main.o(.data)
    accUpdated                               0x2000007a   Data           1  main.o(.data)
    sysTickUptime                            0x20000080   Data           4  stm32f10x_it.o(.data)
    imuCaliFlag                              0x20000084   Data           1  imu.o(.data)
    accel_NED                                0x20000098   Data          12  altitude.o(.data)
    corr_baro                                0x200000a4   Data           4  altitude.o(.data)
    gParamsSaveEEPROMRequset                 0x2000016c   Data           1  configtable.o(.data)
    newTime                                  0x200001c8   Data           4  failsafe.o(.data)
    LostRCFlag                               0x200001cc   Data           4  failsafe.o(.data)
    warnings                                 0x200001d0   Data           2  globalvariables.o(.data)
    flightModes                              0x200001d2   Data           1  globalvariables.o(.data)
    Battery                                  0x200001d4   Data           8  globalvariables.o(.data)
    lastGetRCTime                            0x200001dc   Data           4  safetychecks.o(.data)
    Motors                                   0x200001f6   Data           8  control.o(.data)
    STMFLASH_BUF                             0x20000200   Data        1024  stmflash.o(.bss)
    UartTxbuf                                0x20000600   Data          12  uart1.o(.bss)
    UartRxbuf                                0x2000060c   Data          12  uart1.o(.bss)
    rx_buffer                                0x20000618   Data         512  uart1.o(.bss)
    tx_buffer                                0x20000818   Data         512  uart1.o(.bss)
    startTime                                0x20000a24   Data          20  main.o(.bss)
    execTime                                 0x20000a38   Data          20  main.o(.bss)
    realExecPrd                              0x20000a4c   Data          20  main.o(.bss)
    imu                                      0x20000a60   Data         156  imu.o(.bss)
    nav                                      0x20000b14   Data          36  altitude.o(.bss)
    z_est                                    0x20000b38   Data          12  altitude.o(.bss)
    corr_acc                                 0x20000b44   Data          12  altitude.o(.bss)
    acc_bias                                 0x20000b50   Data          12  altitude.o(.bss)
    table                                    0x20000b5c   Data         160  configtable.o(.bss)
    RCData                                   0x20000c14   Data          20  globalvariables.o(.bss)
    APData                                   0x20000c28   Data          16  globalvariables.o(.bss)
    INSData                                  0x20000c38   Data          56  globalvariables.o(.bss)
    AHRSData                                 0x20000c70   Data          12  globalvariables.o(.bss)
    NAVData                                  0x20000c7c   Data          16  globalvariables.o(.bss)
    PID_vertSpeed                            0x20000c8c   Data          48  control.o(.bss)
    PID_roll                                 0x20000cbc   Data          48  control.o(.bss)
    PID_rollRate                             0x20000cec   Data          48  control.o(.bss)
    PID_pitch                                0x20000d1c   Data          48  control.o(.bss)
    PID_pitchRate                            0x20000d4c   Data          48  control.o(.bss)
    PID_yawRate                              0x20000d7c   Data          48  control.o(.bss)
    RCRawData                                0x20000dac   Data          32  receivedata.o(.bss)
    alt_KF                                   0x20000dcc   Data          44  altitude_kf.o(.bss)
    __libspace_start                         0x20000df8   Data          96  libspace.o(.bss)
    __temporary_stack_top$libspace           0x20000e58   Data           0  libspace.o(.bss)



==============================================================================

Memory Map of the image

  Image Entry point : 0x080003c1

  Load Region LR_1 (Base: 0x08000000, Size: 0x0000ca90, Max: 0xffffffff, ABSOLUTE, COMPRESSED[0x0000c8cc])

    Execution Region ER_RO (Base: 0x08000000, Size: 0x0000c890, Max: 0xffffffff, ABSOLUTE)

    Base Addr    Size         Type   Attr      Idx    E Section Name        Object

    0x08000000   0x000000ec   Data   RO           80    RESET               startup_stm32f10x_md.o
    0x080000ec   0x00000008   Code   RO         1004  * !!!main             c_w.l(__main.o)
    0x080000f4   0x00000034   Code   RO         1437    !!!scatter          c_w.l(__scatter.o)
    0x08000128   0x0000005a   Code   RO         1435    !!dczerorl2         c_w.l(__dczerorl2.o)
    0x08000182   0x00000002   PAD
    0x08000184   0x0000001c   Code   RO         1439    !!handler_zi        c_w.l(__scatter_zi.o)
    0x080001a0   0x00000000   Code   RO          997    .ARM.Collect$$_printf_percent$$00000000  c_w.l(_printf_percent.o)
    0x080001a0   0x00000006   Code   RO          996    .ARM.Collect$$_printf_percent$$00000003  c_w.l(_printf_f.o)
    0x080001a6   0x00000004   Code   RO         1153    .ARM.Collect$$_printf_percent$$00000017  c_w.l(_printf_percent_end.o)
    0x080001aa   0x00000002   Code   RO         1308    .ARM.Collect$$libinit$$00000000  c_w.l(libinit.o)
    0x080001ac   0x00000000   Code   RO         1310    .ARM.Collect$$libinit$$00000002  c_w.l(libinit2.o)
    0x080001ac   0x00000000   Code   RO         1312    .ARM.Collect$$libinit$$00000004  c_w.l(libinit2.o)
    0x080001ac   0x00000000   Code   RO         1315    .ARM.Collect$$libinit$$0000000A  c_w.l(libinit2.o)
    0x080001ac   0x00000000   Code   RO         1317    .ARM.Collect$$libinit$$0000000C  c_w.l(libinit2.o)
    0x080001ac   0x00000000   Code   RO         1319    .ARM.Collect$$libinit$$0000000E  c_w.l(libinit2.o)
    0x080001ac   0x00000006   Code   RO         1320    .ARM.Collect$$libinit$$0000000F  c_w.l(libinit2.o)
    0x080001b2   0x00000000   Code   RO         1322    .ARM.Collect$$libinit$$00000011  c_w.l(libinit2.o)
    0x080001b2   0x00000000   Code   RO         1324    .ARM.Collect$$libinit$$00000013  c_w.l(libinit2.o)
    0x080001b2   0x00000000   Code   RO         1326    .ARM.Collect$$libinit$$00000015  c_w.l(libinit2.o)
    0x080001b2   0x0000000a   Code   RO         1327    .ARM.Collect$$libinit$$00000016  c_w.l(libinit2.o)
    0x080001bc   0x00000000   Code   RO         1328    .ARM.Collect$$libinit$$00000017  c_w.l(libinit2.o)
    0x080001bc   0x00000000   Code   RO         1330    .ARM.Collect$$libinit$$00000019  c_w.l(libinit2.o)
    0x080001bc   0x00000000   Code   RO         1332    .ARM.Collect$$libinit$$0000001B  c_w.l(libinit2.o)
    0x080001bc   0x00000000   Code   RO         1334    .ARM.Collect$$libinit$$0000001D  c_w.l(libinit2.o)
    0x080001bc   0x00000000   Code   RO         1336    .ARM.Collect$$libinit$$0000001F  c_w.l(libinit2.o)
    0x080001bc   0x00000000   Code   RO         1338    .ARM.Collect$$libinit$$00000021  c_w.l(libinit2.o)
    0x080001bc   0x00000000   Code   RO         1340    .ARM.Collect$$libinit$$00000023  c_w.l(libinit2.o)
    0x080001bc   0x00000000   Code   RO         1342    .ARM.Collect$$libinit$$00000025  c_w.l(libinit2.o)
    0x080001bc   0x00000000   Code   RO         1346    .ARM.Collect$$libinit$$0000002C  c_w.l(libinit2.o)
    0x080001bc   0x00000000   Code   RO         1348    .ARM.Collect$$libinit$$0000002E  c_w.l(libinit2.o)
    0x080001bc   0x00000000   Code   RO         1350    .ARM.Collect$$libinit$$00000030  c_w.l(libinit2.o)
    0x080001bc   0x00000000   Code   RO         1352    .ARM.Collect$$libinit$$00000032  c_w.l(libinit2.o)
    0x080001bc   0x00000002   Code   RO         1353    .ARM.Collect$$libinit$$00000033  c_w.l(libinit2.o)
    0x080001be   0x00000002   Code   RO         1387    .ARM.Collect$$libshutdown$$00000000  c_w.l(libshutdown.o)
    0x080001c0   0x00000000   Code   RO         1396    .ARM.Collect$$libshutdown$$00000002  c_w.l(libshutdown2.o)
    0x080001c0   0x00000000   Code   RO         1398    .ARM.Collect$$libshutdown$$00000004  c_w.l(libshutdown2.o)
    0x080001c0   0x00000000   Code   RO         1401    .ARM.Collect$$libshutdown$$00000007  c_w.l(libshutdown2.o)
    0x080001c0   0x00000000   Code   RO         1404    .ARM.Collect$$libshutdown$$0000000A  c_w.l(libshutdown2.o)
    0x080001c0   0x00000000   Code   RO         1406    .ARM.Collect$$libshutdown$$0000000C  c_w.l(libshutdown2.o)
    0x080001c0   0x00000000   Code   RO         1409    .ARM.Collect$$libshutdown$$0000000F  c_w.l(libshutdown2.o)
    0x080001c0   0x00000002   Code   RO         1410    .ARM.Collect$$libshutdown$$00000010  c_w.l(libshutdown2.o)
    0x080001c2   0x00000000   Code   RO         1146    .ARM.Collect$$rtentry$$00000000  c_w.l(__rtentry.o)
    0x080001c2   0x00000000   Code   RO         1222    .ARM.Collect$$rtentry$$00000002  c_w.l(__rtentry2.o)
    0x080001c2   0x00000006   Code   RO         1234    .ARM.Collect$$rtentry$$00000004  c_w.l(__rtentry4.o)
    0x080001c8   0x00000000   Code   RO         1224    .ARM.Collect$$rtentry$$00000009  c_w.l(__rtentry2.o)
    0x080001c8   0x00000004   Code   RO         1225    .ARM.Collect$$rtentry$$0000000A  c_w.l(__rtentry2.o)
    0x080001cc   0x00000000   Code   RO         1227    .ARM.Collect$$rtentry$$0000000C  c_w.l(__rtentry2.o)
    0x080001cc   0x00000008   Code   RO         1228    .ARM.Collect$$rtentry$$0000000D  c_w.l(__rtentry2.o)
    0x080001d4   0x00000002   Code   RO         1358    .ARM.Collect$$rtexit$$00000000  c_w.l(rtexit.o)
    0x080001d6   0x00000000   Code   RO         1367    .ARM.Collect$$rtexit$$00000002  c_w.l(rtexit2.o)
    0x080001d6   0x00000004   Code   RO         1368    .ARM.Collect$$rtexit$$00000003  c_w.l(rtexit2.o)
    0x080001da   0x00000006   Code   RO         1369    .ARM.Collect$$rtexit$$00000004  c_w.l(rtexit2.o)
    0x080001e0   0x000001e0   Code   RO           17    .text               system_stm32f10x.o
    0x080003c0   0x00000040   Code   RO           81  * .text               startup_stm32f10x_md.o
    0x08000400   0x0000003a   Code   RO           85    .text               delay.o
    0x0800043a   0x00000002   PAD
    0x0800043c   0x00000230   Code   RO          124    .text               led.o
    0x0800066c   0x00000770   Code   RO          205    .text               mpu6050.o
    0x08000ddc   0x00000114   Code   RO          234    .text               motors.o
    0x08000ef0   0x00000038   Code   RO          246    .text               spi.o
    0x08000f28   0x00000264   Code   RO          261    .text               stmflash.o
    0x0800118c   0x000000e4   Code   RO          280    .text               uart1.o
    0x08001270   0x00000120   Code   RO          303    .text               battery.o
    0x08001390   0x0000044c   Code   RO          322    .text               ms5611.o
    0x080017dc   0x000003d4   Code   RO          337    .text               i2c.o
    0x08001bb0   0x00000594   Code   RO          352    .text               init_config.o
    0x08002144   0x00000290   Code   RO          374    .text               interrupt_config.o
    0x080023d4   0x00000ae8   Code   RO          421    .text               nrf24.o
    0x08002ebc   0x000001e0   Code   RO          443    .text               main.o
    0x0800309c   0x000000ac   Code   RO          527    .text               stm32f10x_it.o
    0x08003148   0x0000025c   Code   RO          545    .text               imu.o
    0x080033a4   0x00000300   Code   RO          568    .text               altitude.o
    0x080036a4   0x00000aec   Code   RO          592    .text               filter.o
    0x08004190   0x000000f4   Code   RO          630    .text               configtable.o
    0x08004284   0x00000fc0   Code   RO          652    .text               imuso3.o
    0x08005244   0x00000070   Code   RO          684    .text               failsafe.o
    0x080052b4   0x000001dc   Code   RO          713    .text               safetychecks.o
    0x08005490   0x000000dc   Code   RO          732    .text               misc.o
    0x0800556c   0x0000035c   Code   RO          744    .text               stm32f10x_gpio.o
    0x080058c8   0x000003a4   Code   RO          756    .text               stm32f10x_rcc.o
    0x08005c6c   0x00000e1a   Code   RO          770    .text               stm32f10x_tim.o
    0x08006a86   0x00000002   PAD
    0x08006a88   0x00000408   Code   RO          782    .text               stm32f10x_usart.o
    0x08006e90   0x00000408   Code   RO          794    .text               stm32f10x_i2c.o
    0x08007298   0x0000030c   Code   RO          806    .text               stm32f10x_spi.o
    0x080075a4   0x000005bc   Code   RO          830    .text               stm32f10x_flash.o
    0x08007b60   0x0000044e   Code   RO          842    .text               stm32f10x_adc.o
    0x08007fae   0x00000002   PAD
    0x08007fb0   0x00000230   Code   RO          854    .text               control.o
    0x080081e0   0x000003a4   Code   RO          876    .text               pid_aero.o
    0x08008584   0x0000017c   Code   RO          888    .text               receivedata.o
    0x08008700   0x000001f8   Code   RO          946    .text               altitude_kf.o
    0x080088f8   0x00000002   Code   RO          966    .text               c_w.l(use_no_semi_2.o)
    0x080088fa   0x00000002   PAD
    0x080088fc   0x00000018   Code   RO          970    .text               c_w.l(noretval__2printf.o)
    0x08008914   0x0000004e   Code   RO          974    .text               c_w.l(_printf_pad.o)
    0x08008962   0x0000010e   Code   RO          984    .text               c_w.l(__printf_wp.o)
    0x08008a70   0x0000008a   Code   RO          998    .text               c_w.l(rt_memcpy_v6.o)
    0x08008afa   0x00000064   Code   RO         1000    .text               c_w.l(rt_memcpy_w.o)
    0x08008b5e   0x00000006   Code   RO         1002    .text               c_w.l(heapauxi.o)
    0x08008b64   0x00000002   Code   RO         1144    .text               c_w.l(use_no_semi.o)
    0x08008b66   0x00000016   Code   RO         1147    .text               c_w.l(_rserrno.o)
    0x08008b7c   0x0000041a   Code   RO         1149    .text               c_w.l(_printf_fp_dec.o)
    0x08008f96   0x00000002   PAD
    0x08008f98   0x00000024   Code   RO         1151    .text               c_w.l(_printf_char_file.o)
    0x08008fbc   0x00000008   Code   RO         1239    .text               c_w.l(rt_locale_intlibspace.o)
    0x08008fc4   0x00000008   Code   RO         1244    .text               c_w.l(rt_errno_addr_intlibspace.o)
    0x08008fcc   0x0000008a   Code   RO         1246    .text               c_w.l(lludiv10.o)
    0x08009056   0x00000002   PAD
    0x08009058   0x00000030   Code   RO         1248    .text               c_w.l(_printf_char_common.o)
    0x08009088   0x00000080   Code   RO         1250    .text               c_w.l(_printf_fp_infnan.o)
    0x08009108   0x000000dc   Code   RO         1252    .text               c_w.l(bigflt0.o)
    0x080091e4   0x00000008   Code   RO         1277    .text               c_w.l(ferror.o)
    0x080091ec   0x00000008   Code   RO         1292    .text               c_w.l(libspace.o)
    0x080091f4   0x0000004a   Code   RO         1295    .text               c_w.l(sys_stackheap_outer.o)
    0x0800923e   0x00000012   Code   RO         1299    .text               c_w.l(exit.o)
    0x08009250   0x00000080   Code   RO         1301    .text               c_w.l(strcmpv7m.o)
    0x080092d0   0x0000003e   Code   RO         1255    CL$$btod_d2e        c_w.l(btod.o)
    0x0800930e   0x00000046   Code   RO         1257    CL$$btod_d2e_denorm_low  c_w.l(btod.o)
    0x08009354   0x00000060   Code   RO         1256    CL$$btod_d2e_norm_op1  c_w.l(btod.o)
    0x080093b4   0x00000338   Code   RO         1265    CL$$btod_div_common  c_w.l(btod.o)
    0x080096ec   0x000000c6   Code   RO         1262    CL$$btod_e2e        c_w.l(btod.o)
    0x080097b2   0x00000028   Code   RO         1259    CL$$btod_ediv       c_w.l(btod.o)
    0x080097da   0x00000028   Code   RO         1258    CL$$btod_emul       c_w.l(btod.o)
    0x08009802   0x00000244   Code   RO         1264    CL$$btod_mult_common  c_w.l(btod.o)
    0x08009a46   0x00000028   Code   RO         1288    i.__ARM_fpclassify  m_ws.l(fpclassify.o)
    0x08009a6e   0x00000026   Code   RO         1201    i.__ARM_fpclassifyf  m_ws.l(fpclassifyf.o)
    0x08009a94   0x00000014   Code   RO          603    i.__ARM_isinff      filter.o
    0x08009aa8   0x0000000e   Code   RO          608    i.__ARM_isnanf      filter.o
    0x08009ab6   0x000000aa   Code   RO         1290    i.__kernel_poly     m_ws.l(poly.o)
    0x08009b60   0x00000006   Code   RO         1188    i.__mathlib_dbl_infnan  m_ws.l(dunder.o)
    0x08009b66   0x00000004   Code   RO         1189    i.__mathlib_dbl_infnan2  m_ws.l(dunder.o)
    0x08009b6a   0x00000002   PAD
    0x08009b6c   0x00000010   Code   RO         1193    i.__mathlib_dbl_underflow  m_ws.l(dunder.o)
    0x08009b7c   0x0000000a   Code   RO         1203    i.__mathlib_flt_divzero  m_ws.l(funder.o)
    0x08009b86   0x00000006   Code   RO         1204    i.__mathlib_flt_infnan  m_ws.l(funder.o)
    0x08009b8c   0x00000004   Code   RO         1205    i.__mathlib_flt_infnan2  m_ws.l(funder.o)
    0x08009b90   0x00000008   Code   RO         1206    i.__mathlib_flt_invalid  m_ws.l(funder.o)
    0x08009b98   0x0000000a   Code   RO         1207    i.__mathlib_flt_overflow  m_ws.l(funder.o)
    0x08009ba2   0x0000000a   Code   RO         1209    i.__mathlib_flt_underflow  m_ws.l(funder.o)
    0x08009bac   0x00000168   Code   RO         1218    i.__mathlib_rredf2  m_ws.l(rredf.o)
    0x08009d14   0x0000000e   Code   RO          986    i._is_digit         c_w.l(__printf_wp.o)
    0x08009d22   0x00000002   PAD
    0x08009d24   0x00000124   Code   RO         1071    i.asinf             m_ws.l(asinf.o)
    0x08009e48   0x00000220   Code   RO         1178    i.atan              m_ws.l(atan.o)
    0x0800a068   0x00000180   Code   RO         1079    i.atan2             m_ws.l(atan2.o)
    0x0800a1e8   0x0000025c   Code   RO         1087    i.atan2f            m_ws.l(atan2f.o)
    0x0800a444   0x0000017c   Code   RO         1095    i.cosf              m_ws.l(cosf.o)
    0x0800a5c0   0x00000620   Code   RO         1103    i.powf              m_ws.l(powf.o)
    0x0800abe0   0x00000188   Code   RO         1113    i.sinf              m_ws.l(sinf.o)
    0x0800ad68   0x0000004c   Code   RO         1121    i.sqrt              m_ws.l(sqrt.o)
    0x0800adb4   0x0000002c   Code   RO         1129    i.sqrtf             m_ws.l(sqrtf.o)
    0x0800ade0   0x00000174   Code   RO         1137    i.tanf              m_ws.l(tanf.o)
    0x0800af54   0x0000002c   Code   RO         1282    locale$$code        c_w.l(lc_numeric_c.o)
    0x0800af80   0x00000062   Code   RO         1006    x$fpl$d2f           fz_ws.l(d2f.o)
    0x0800afe2   0x00000002   PAD
    0x0800afe4   0x00000150   Code   RO         1008    x$fpl$dadd          fz_ws.l(daddsub_clz.o)
    0x0800b134   0x00000010   Code   RO         1354    x$fpl$dcheck1       fz_ws.l(dcheck1.o)
    0x0800b144   0x00000018   Code   RO         1154    x$fpl$dcmpinf       fz_ws.l(dcmpi.o)
    0x0800b15c   0x000002b0   Code   RO         1015    x$fpl$ddiv          fz_ws.l(ddiv.o)
    0x0800b40c   0x00000026   Code   RO         1020    x$fpl$dfltu         fz_ws.l(dflt_clz.o)
    0x0800b432   0x00000002   PAD
    0x0800b434   0x00000078   Code   RO         1026    x$fpl$dleqf         fz_ws.l(dleqf.o)
    0x0800b4ac   0x00000154   Code   RO         1028    x$fpl$dmul          fz_ws.l(dmul.o)
    0x0800b600   0x0000009c   Code   RO         1156    x$fpl$dnaninf       fz_ws.l(dnaninf.o)
    0x0800b69c   0x0000000c   Code   RO         1158    x$fpl$dretinf       fz_ws.l(dretinf.o)
    0x0800b6a8   0x0000006c   Code   RO         1030    x$fpl$drleqf        fz_ws.l(drleqf.o)
    0x0800b714   0x00000016   Code   RO         1009    x$fpl$drsb          fz_ws.l(daddsub_clz.o)
    0x0800b72a   0x00000002   PAD
    0x0800b72c   0x000001cc   Code   RO         1160    x$fpl$dsqrt         fz_ws.l(dsqrt_noumaal.o)
    0x0800b8f8   0x000001d4   Code   RO         1010    x$fpl$dsub          fz_ws.l(daddsub_clz.o)
    0x0800bacc   0x00000056   Code   RO         1032    x$fpl$f2d           fz_ws.l(f2d.o)
    0x0800bb22   0x00000002   PAD
    0x0800bb24   0x000000c4   Code   RO         1034    x$fpl$fadd          fz_ws.l(faddsub_clz.o)
    0x0800bbe8   0x0000000c   Code   RO         1284    x$fpl$fcheck1       fz_ws.l(fcheck1.o)
    0x0800bbf4   0x00000018   Code   RO         1162    x$fpl$fcmpinf       fz_ws.l(fcmpi.o)
    0x0800bc0c   0x00000184   Code   RO         1041    x$fpl$fdiv          fz_ws.l(fdiv.o)
    0x0800bd90   0x00000068   Code   RO         1044    x$fpl$feqf          fz_ws.l(feqf.o)
    0x0800bdf8   0x00000036   Code   RO         1046    x$fpl$ffix          fz_ws.l(ffix.o)
    0x0800be2e   0x00000002   PAD
    0x0800be30   0x00000052   Code   RO         1047    x$fpl$ffixr         fz_ws.l(ffix.o)
    0x0800be82   0x00000002   PAD
    0x0800be84   0x00000030   Code   RO         1055    x$fpl$fflt          fz_ws.l(fflt_clz.o)
    0x0800beb4   0x00000060   Code   RO         1060    x$fpl$ffltll        fz_ws.l(ffltll_clz.o)
    0x0800bf14   0x00000026   Code   RO         1054    x$fpl$ffltu         fz_ws.l(fflt_clz.o)
    0x0800bf3a   0x00000002   PAD
    0x0800bf3c   0x00000068   Code   RO         1062    x$fpl$fleqf         fz_ws.l(fleqf.o)
    0x0800bfa4   0x00000102   Code   RO         1064    x$fpl$fmul          fz_ws.l(fmul.o)
    0x0800c0a6   0x0000008c   Code   RO         1164    x$fpl$fnaninf       fz_ws.l(fnaninf.o)
    0x0800c132   0x0000000a   Code   RO         1166    x$fpl$fretinf       fz_ws.l(fretinf.o)
    0x0800c13c   0x00000062   Code   RO         1066    x$fpl$frleqf        fz_ws.l(frleqf.o)
    0x0800c19e   0x00000002   PAD
    0x0800c1a0   0x00000060   Code   RO         1168    x$fpl$frnd          fz_ws.l(frnd.o)
    0x0800c200   0x00000014   Code   RO         1035    x$fpl$frsb          fz_ws.l(faddsub_clz.o)
    0x0800c214   0x00000110   Code   RO         1170    x$fpl$fsqrt         fz_ws.l(fsqrt.o)
    0x0800c324   0x000000ea   Code   RO         1036    x$fpl$fsub          fz_ws.l(faddsub_clz.o)
    0x0800c40e   0x00000004   Code   RO         1068    x$fpl$printf1       fz_ws.l(printf1.o)
    0x0800c412   0x00000064   Code   RO         1356    x$fpl$retnan        fz_ws.l(retnan.o)
    0x0800c476   0x0000005c   Code   RO         1286    x$fpl$scalbn        fz_ws.l(scalbn.o)
    0x0800c4d2   0x0000004c   Code   RO         1174    x$fpl$scalbnf       fz_ws.l(scalbnf.o)
    0x0800c51e   0x00000030   Code   RO         1364    x$fpl$trapveneer    fz_ws.l(trapv.o)
    0x0800c54e   0x00000000   Code   RO         1176    x$fpl$usenofp       fz_ws.l(usenofp.o)
    0x0800c54e   0x00000002   PAD
    0x0800c550   0x00000024   Data   RO          654    .constdata          imuso3.o
    0x0800c574   0x00000140   Data   RO         1104    .constdata          m_ws.l(powf.o)
    0x0800c6b4   0x00000004   PAD
    0x0800c6b8   0x00000098   Data   RO         1179    .constdata          m_ws.l(atan.o)
    0x0800c750   0x00000008   Data   RO         1217    .constdata          m_ws.l(qnan.o)
    0x0800c758   0x00000020   Data   RO         1219    .constdata          m_ws.l(rredf.o)
    0x0800c778   0x00000094   Data   RO         1253    .constdata          c_w.l(bigflt0.o)
    0x0800c80c   0x00000046   Data   RO          206    .conststring        mpu6050.o
    0x0800c852   0x00000002   PAD
    0x0800c854   0x00000020   Data   RO         1433    Region$$Table       anon$$obj.o
    0x0800c874   0x0000001c   Data   RO         1281    locale$$data        c_w.l(lc_numeric_c.o)


    Execution Region ER_RW (Base: 0x20000000, Size: 0x00000200, Max: 0xffffffff, ABSOLUTE, COMPRESSED[0x0000003c])

    Base Addr    Size         Type   Attr      Idx    E Section Name        Object

    0x20000000   0x00000014   Data   RW           18    .data               system_stm32f10x.o
    0x20000014   0x00000002   Data   RW          125    .data               led.o
    0x20000016   0x00000002   PAD
    0x20000018   0x00000008   Data   RW          207    .data               mpu6050.o
    0x20000020   0x00000008   Data   RW          282    .data               uart1.o
    0x20000028   0x0000001c   Data   RW          324    .data               ms5611.o
    0x20000044   0x00000001   Data   RW          353    .data               init_config.o
    0x20000045   0x00000003   PAD
    0x20000048   0x00000015   Data   RW          375    .data               interrupt_config.o
    0x2000005d   0x00000003   PAD
    0x20000060   0x00000018   Data   RW          422    .data               nrf24.o
    0x20000078   0x00000003   Data   RW          445    .data               main.o
    0x2000007b   0x00000001   PAD
    0x2000007c   0x00000008   Data   RW          528    .data               stm32f10x_it.o
    0x20000084   0x00000007   Data   RW          547    .data               imu.o
    0x2000008b   0x00000001   PAD
    0x2000008c   0x00000020   Data   RW          570    .data               altitude.o
    0x200000ac   0x000000c0   Data   RW          593    .data               filter.o
    0x2000016c   0x00000001   Data   RW          632    .data               configtable.o
    0x2000016d   0x00000003   PAD
    0x20000170   0x00000056   Data   RW          655    .data               imuso3.o
    0x200001c6   0x00000002   PAD
    0x200001c8   0x00000008   Data   RW          685    .data               failsafe.o
    0x200001d0   0x0000000c   Data   RW          700    .data               globalvariables.o
    0x200001dc   0x00000005   Data   RW          714    .data               safetychecks.o
    0x200001e1   0x00000014   Data   RW          757    .data               stm32f10x_rcc.o
    0x200001f5   0x00000001   PAD
    0x200001f6   0x00000008   Data   RW          856    .data               control.o


    Execution Region ER_ZI (Base: 0x20000200, Size: 0x00001258, Max: 0xffffffff, ABSOLUTE)

    Base Addr    Size         Type   Attr      Idx    E Section Name        Object

    0x20000200   0x00000400   Zero   RW          262    .bss                stmflash.o
    0x20000600   0x00000418   Zero   RW          281    .bss                uart1.o
    0x20000a18   0x0000000c   Zero   RW          323    .bss                ms5611.o
    0x20000a24   0x0000003c   Zero   RW          444    .bss                main.o
    0x20000a60   0x000000b4   Zero   RW          546    .bss                imu.o
    0x20000b14   0x00000048   Zero   RW          569    .bss                altitude.o
    0x20000b5c   0x000000a0   Zero   RW          631    .bss                configtable.o
    0x20000bfc   0x00000018   Zero   RW          653    .bss                imuso3.o
    0x20000c14   0x00000078   Zero   RW          699    .bss                globalvariables.o
    0x20000c8c   0x00000120   Zero   RW          855    .bss                control.o
    0x20000dac   0x00000020   Zero   RW          889    .bss                receivedata.o
    0x20000dcc   0x0000002c   Zero   RW          947    .bss                altitude_kf.o
    0x20000df8   0x00000060   Zero   RW         1293    .bss                c_w.l(libspace.o)
    0x20000e58   0x00000200   Zero   RW           79    HEAP                startup_stm32f10x_md.o
    0x20001058   0x00000400   Zero   RW           78    STACK               startup_stm32f10x_md.o


==============================================================================

Image component sizes


      Code (inc. data)   RO Data    RW Data    ZI Data      Debug   Object Name

       768         60          0         32         72       2851   altitude.o
       504         60          0          0         44       1938   altitude_kf.o
       288         42          0          0          0       1159   battery.o
       244         62          0          1        160       2620   configtable.o
       560         90          0          8        288       2238   control.o
         0          0          0          0          0       4540   core_cm3.o
        58          0          0          0          0     212992   delay.o
       112         18          0          8          0        953   failsafe.o
      2830        248          0        192          0       7380   filter.o
         0          0          0         12        120       2428   globalvariables.o
       980         18          0          0          0       2598   i2c.o
       604         54          0          7        180       2957   imu.o
      4032        276         36         86         24       4491   imuso3.o
      1428         64          0          1          0      17993   init_config.o
       656        258          0         21          0       2082   interrupt_config.o
       560         28          0          2          0       1299   led.o
       480         58          0          3         60       1706   main.o
       220         22          0          0          0       1689   misc.o
       276          6          0          0          0       1499   motors.o
      1904         98         70          8          0       3524   mpu6050.o
      1100         78          0         28         12       3346   ms5611.o
      2792         60          0         24          0      14816   nrf24.o
       932         16          0          0          0       3256   pid_aero.o
       380         22          0          0         32       1446   receivedata.o
       476         58          0          5          0       1258   safetychecks.o
        56          6          0          0          0        505   spi.o
        64         26        236          0       1536        784   startup_stm32f10x_md.o
      1102         26          0          0          0      10933   stm32f10x_adc.o
      1468         34          0          0          0       8098   stm32f10x_flash.o
       860         38          0          0          0       5625   stm32f10x_gpio.o
      1032         20          0          0          0       9119   stm32f10x_i2c.o
       172         12          0          8          0       2497   stm32f10x_it.o
       932         36          0         20          0       8772   stm32f10x_rcc.o
       780         14          0          0          0       6506   stm32f10x_spi.o
      3610         88          0          0          0      22736   stm32f10x_tim.o
      1032         22          0          0          0       8348   stm32f10x_usart.o
       612         52          0          0       1024       3927   stmflash.o
       480         38          0         20          0      66163   system_stm32f10x.o
       228         20          0          8       1048       4788   uart1.o

    ----------------------------------------------------------------------
     34618       2128        376        512       4600     461860   Object Totals
         0          0         32          0          0          0   (incl. Generated)
         6          0          2         18          0          0   (incl. Padding)

    ----------------------------------------------------------------------

      Code (inc. data)   RO Data    RW Data    ZI Data      Debug   Library Member Name

        90          0          0          0          0          0   __dczerorl2.o
         8          0          0          0          0         68   __main.o
       284          0          0          0          0        156   __printf_wp.o
         0          0          0          0          0          0   __rtentry.o
        12          0          0          0          0          0   __rtentry2.o
         6          0          0          0          0          0   __rtentry4.o
        52          8          0          0          0          0   __scatter.o
        28          0          0          0          0          0   __scatter_zi.o
        48          6          0          0          0         96   _printf_char_common.o
        36          4          0          0          0         80   _printf_char_file.o
         6          0          0          0          0          0   _printf_f.o
      1050          0          0          0          0        216   _printf_fp_dec.o
       128         16          0          0          0         84   _printf_fp_infnan.o
        78          0          0          0          0        108   _printf_pad.o
         0          0          0          0          0          0   _printf_percent.o
         4          0          0          0          0          0   _printf_percent_end.o
        22          0          0          0          0        100   _rserrno.o
       220          4        148          0          0         96   bigflt0.o
      1910        128          0          0          0        672   btod.o
        18          0          0          0          0         80   exit.o
         8          0          0          0          0         68   ferror.o
         6          0          0          0          0        152   heapauxi.o
        44         10         28          0          0         76   lc_numeric_c.o
         2          0          0          0          0          0   libinit.o
        18          0          0          0          0          0   libinit2.o
         2          0          0          0          0          0   libshutdown.o
         2          0          0          0          0          0   libshutdown2.o
         8          4          0          0         96         68   libspace.o
       138          0          0          0          0         80   lludiv10.o
        24          4          0          0          0         84   noretval__2printf.o
         8          4          0          0          0         68   rt_errno_addr_intlibspace.o
         8          4          0          0          0         68   rt_locale_intlibspace.o
       138          0          0          0          0         68   rt_memcpy_v6.o
       100          0          0          0          0         80   rt_memcpy_w.o
         2          0          0          0          0          0   rtexit.o
        10          0          0          0          0          0   rtexit2.o
       128          0          0          0          0         68   strcmpv7m.o
        74          0          0          0          0         80   sys_stackheap_outer.o
         2          0          0          0          0         68   use_no_semi.o
         2          0          0          0          0         68   use_no_semi_2.o
        98          4          0          0          0         92   d2f.o
       826         16          0          0          0        348   daddsub_clz.o
        16          4          0          0          0         68   dcheck1.o
        24          0          0          0          0         68   dcmpi.o
       688        140          0          0          0        208   ddiv.o
        38          0          0          0          0         68   dflt_clz.o
       120          4          0          0          0         92   dleqf.o
       340         12          0          0          0        104   dmul.o
       156          4          0          0          0         92   dnaninf.o
        12          0          0          0          0         68   dretinf.o
       108          0          0          0          0         80   drleqf.o
       460         56          0          0          0        120   dsqrt_noumaal.o
        86          4          0          0          0         84   f2d.o
       450          8          0          0          0        236   faddsub_clz.o
        12          4          0          0          0         68   fcheck1.o
        24          0          0          0          0         68   fcmpi.o
       388         76          0          0          0         96   fdiv.o
       104          4          0          0          0         84   feqf.o
       136          8          0          0          0        168   ffix.o
        86          0          0          0          0        136   fflt_clz.o
        96          0          0          0          0         84   ffltll_clz.o
       104          4          0          0          0         84   fleqf.o
       258          4          0          0          0         84   fmul.o
       140          4          0          0          0         84   fnaninf.o
        10          0          0          0          0         68   fretinf.o
        98          0          0          0          0         68   frleqf.o
        96          4          0          0          0         76   frnd.o
       272        100          0          0          0         88   fsqrt.o
         4          0          0          0          0         68   printf1.o
       100          0          0          0          0         68   retnan.o
        92          0          0          0          0         68   scalbn.o
        76          0          0          0          0         68   scalbnf.o
        48          0          0          0          0         68   trapv.o
         0          0          0          0          0          0   usenofp.o
       292         38          0          0          0        120   asinf.o
       544         70        152          0          0        124   atan.o
       384         38          0          0          0        144   atan2.o
       604         76          0          0          0        116   atan2f.o
       380         52          0          0          0        124   cosf.o
        26          6          0          0          0        204   dunder.o
        40          0          0          0          0         68   fpclassify.o
        38          0          0          0          0         68   fpclassifyf.o
        48          0          0          0          0        408   funder.o
       170          0          0          0          0         96   poly.o
      1568         80        320          0          0        224   powf.o
         0          0          8          0          0          0   qnan.o
       360         16         32          0          0         88   rredf.o
       392         54          0          0          0        124   sinf.o
        76          0          0          0          0         84   sqrt.o
        44          0          0          0          0         80   sqrtf.o
       372         58          0          0          0        124   tanf.o

    ----------------------------------------------------------------------
     15658       1140        692          0         96       8372   Library Totals
        30          0          4          0          0          0   (incl. Padding)

    ----------------------------------------------------------------------

      Code (inc. data)   RO Data    RW Data    ZI Data      Debug   Library Name

      4724        192        176          0         96       2852   c_w.l
      5566        460          0          0          0       3324   fz_ws.l
      5338        488        512          0          0       2196   m_ws.l

    ----------------------------------------------------------------------
     15658       1140        692          0         96       8372   Library Totals

    ----------------------------------------------------------------------

==============================================================================


      Code (inc. data)   RO Data    RW Data    ZI Data      Debug   

     50276       3268       1068        512       4696     462012   Grand Totals
     50276       3268       1068         60       4696     462012   ELF Image Totals (compressed)
     50276       3268       1068         60          0          0   ROM Totals

==============================================================================

    Total RO  Size (Code + RO Data)                51344 (  50.14kB)
    Total RW  Size (RW Data + ZI Data)              5208 (   5.09kB)
    Total ROM Size (Code + RO Data + RW Data)      51404 (  50.20kB)

==============================================================================

